10-23 01:07:24.867 27924 28029 D OplusPrivacyDotViewController: resolveState ViewState(systemPrivacyEventIsActive=false, shadeExpanded=false, qsExpanded=false, rtl=false, rotation=1, height=12, x=64, y=49, cornerIndex=1, designatedCorner=android.widget.FrameLayout{8e8ded3 G.E...... ......ID 0,0-12,12 #7f0b03f6 app:id/icons_container}, contentDescription=null, chipAnimationStart=false, preDraw=true) shouldShowDot false
10-23 01:07:24.867 27924 28029 D OplusPrivacyDotViewController: resolveState: skipping
10-23 01:07:24.868 27924 28019 I BufferQueueProducer: [ViewRootImpl[StatusBar]#3(BLAST Consumer)3](id:6d1400000003,api:1,p:27924,c:27924) disconnect: api 1
10-23 01:07:24.870 27924 28019 E BLASTBufferQueue: BLASTBufferItemConsumer::onDisconnect()
10-23 01:07:24.870 27924 28019 I BufferQueueProducer: [ViewRootImpl[StatusBar]#3(BLAST Consumer)3](id:6d1400000003,api:1,p:27924,c:27924) connect: api=1 producerControlledByApp=true
10-23 01:07:24.870 27924 27924 D PrivacyDotViewController: setStatusBarMargins l=0 r=0
10-23 01:07:24.870 27924 27924 D PrivacyDotViewController: scheduleUpdate: 
10-23 01:07:24.870 27924 27924 W View    : requestLayout() improperly called by android.widget.ProgressBar{3559ed1 V.ED..... ......ID 0,0-72,36 #7f0b0852 app:id/stat_battery_view} during layout: running second layout pass
10-23 01:07:24.872  9323  9654 D CardboardXRUnity: [/Users/lowyfrean/Desktop/Cardboard/GOB/CardboardOpenSourceSDK/sdk/unity/xr_unity_plugin/cardboard_display_api.cc : 410] Configured OpenGL ES3.0 as Graphics API.
10-23 01:07:24.873  9080  9124 I TRuntime.CctTransportBackend: Status Code: 200
10-23 01:07:24.873  9323  9654 D CardboardInputApi: [/Users/lowyfrean/Desktop/Cardboard/GOB/CardboardOpenSourceSDK/sdk/unity/xr_unity_plugin/cardboard_input_api.cc : 161] Configured viewport orientation as landscape left.
10-23 01:07:24.886  9323  9654 I Unity   : [XR] [CardboardXrInputProvider]: Lifecycle initialized
10-23 01:07:24.887  1866  2332 D UserManagerServiceExtImpl: getMultiSystemUserId  res = 10
10-23 01:07:24.894  8660  9284 W WM-Processor: Didn't find WorkSpec for id WorkGenerationalId(workSpecId=29e96635-3b4b-45ec-84cc-5e90b76bd9b0, generation=0)
10-23 01:07:24.899  1866  4003 W ServiceManager: Permission failure: android.permission.HIGH_SAMPLING_RATE_SENSORS from uid=10621 pid=9323
10-23 01:07:24.900  1866  4003 D SensorServiceImpl: isAllowOplusAMD =com.naitan.pewpew
10-23 01:07:24.902  9323  9654 E Parcel  : Reading a NULL string not supported here.
10-23 01:07:24.902  1866  2332 D SensorService: createSensorEventConnection, mCurrentOperatingMode = 0, requestedMode = 0
10-23 01:07:24.903  1866  2332 W ServiceManager: Permission failure: android.permission.HIGH_SAMPLING_RATE_SENSORS from uid=10621 pid=9323
10-23 01:07:24.904  9323  9654 E Parcel  : Reading a NULL string not supported here.
10-23 01:07:24.905  1866  4003 E JavaBinder: *** Uncaught remote exception!  (Exceptions are not yet supported across processes.)
10-23 01:07:24.905  1866  4003 E JavaBinder: java.lang.RuntimeException: android.os.RemoteException: Couldn't get targetSdkVersion for package com.google.cardboard.sdk
10-23 01:07:24.905  1866  4003 E JavaBinder: 	at android.os.Parcel.writeException(Parcel.java:2257)
10-23 01:07:24.905  1866  4003 E JavaBinder: 	at android.os.Binder.execTransactInternal(Binder.java:1245)
10-23 01:07:24.905  1866  4003 E JavaBinder: 	at android.os.Binder.execTransact(Binder.java:1163)
10-23 01:07:24.905  1866  4003 E JavaBinder: Caused by: android.os.RemoteException: Couldn't get targetSdkVersion for package com.google.cardboard.sdk
10-23 01:07:24.905  1866  4003 E JavaBinder: 	at com.android.server.pm.PackageManagerService$PackageManagerNative.getTargetSdkVersionForPackage(PackageManagerService.java:28493)
10-23 01:07:24.905  1866  4003 E JavaBinder: 	at android.content.pm.IPackageManagerNative$Stub.onTransact(IPackageManagerNative.java:297)
10-23 01:07:24.905  1866  4003 E JavaBinder: 	at com.android.server.pm.PackageManagerService$PackageManagerNative.onTransact(PackageManagerService.java:28392)
10-23 01:07:24.905  1866  4003 E JavaBinder: 	at android.os.Binder.execTransactInternal(Binder.java:1226)
10-23 01:07:24.905  1866  4003 E JavaBinder: 	... 1 more
10-23 01:07:24.905  1866  4003 W ServiceManager: Permission failure: android.permission.HIGH_SAMPLING_RATE_SENSORS from uid=10621 pid=9323
10-23 01:07:24.905  1866  4003 D SensorServiceImpl: isAllowOplusAMD =com.google.cardboard.sdk
10-23 01:07:24.905  9323  9711 E Parcel  : Reading a NULL string not supported here.
10-23 01:07:24.905  9323  9712 E Parcel  : Reading a NULL string not supported here.
10-23 01:07:24.905  9323  9711 I CardboardSDK: AccelerometerSensor: Created new event looper for accelerometer sensor capture thread.
10-23 01:07:24.905  9323  9654 E Parcel  : Reading a NULL string not supported here.
10-23 01:07:24.905  9323  9712 I CardboardSDK: Android Gyro Sensor: ASENSOR_TYPE_GYRO_UNCALIBRATED
10-23 01:07:24.905  9323  9712 I CardboardSDK: AccelerometerSensor: Created new event looper for gyroscope sensor capture thread.
10-23 01:07:24.905  9323  9712 E Parcel  : Reading a NULL string not supported here.
10-23 01:07:24.905  1866  2332 D SensorService: createSensorEventConnection, mCurrentOperatingMode = 0, requestedMode = 0
10-23 01:07:24.905  1866  3664 D SensorService: createSensorEventConnection, mCurrentOperatingMode = 0, requestedMode = 0
10-23 01:07:24.906  1866  2332 W ServiceManager: Permission failure: android.permission.HIGH_SAMPLING_RATE_SENSORS from uid=10621 pid=9323
10-23 01:07:24.906  1866  3664 W ServiceManager: Permission failure: android.permission.HIGH_SAMPLING_RATE_SENSORS from uid=10621 pid=9323
10-23 01:07:24.906  9323  9654 E Parcel  : Reading a NULL string not supported here.
10-23 01:07:24.906  9323  9654 E Parcel  : Reading a NULL string not supported here.
10-23 01:07:24.906  1866  4003 W ServiceManager: Permission failure: android.permission.HIGH_SAMPLING_RATE_SENSORS from uid=10621 pid=9323
10-23 01:07:24.907  1866  4003 W SensorService: SensorEventConnection sensor handle=1, package = unknown_package_pid_9323 enable
10-23 01:07:24.907  1866  4003 E SensorService: Required app unknown_package_pid_9323, uid 10621, pid 9323
10-23 01:07:24.907  1866  4003 D SensorServiceImpl: SensorServiceExtImpl oplusGeminiProximitySensor= 0
10-23 01:07:24.907  1866  4003 D SensorServiceImpl: OplusSensorServiceUtils, sensorType=1
10-23 01:07:24.907  1866  4003 D SensorServiceImpl: setSamplingPeriodNs SamplingPeriodNs =80000000
10-23 01:07:24.907  1866  4003 D SensorServiceImpl: SensorServiceExtImpl oplusGeminiProximitySensor= 0
10-23 01:07:24.907  1866  4003 D SensorService: SensorDevice::batch: ident=0xb40000792d412900, handle=0x00000001, flags=0, period_ns=80000000 timeout=0
10-23 01:07:24.907  1866  4003 D SensorService: 	>>> curr_period=66667000 min_period=66667000 curr_timeout=0 min_timeout=0
10-23 01:07:24.907  1866  4003 D SensorService: Calling batch handle==1 flags=0rate=80000000 timeout== 0
10-23 01:07:24.907  1866  4003 D SensorService: 	>>> actuating h/w flush 1
10-23 01:07:24.907  9323  9711 E Parcel  : Reading a NULL string not supported here.
10-23 01:07:24.907   876   876 I sensors-hal-OriginChannel: flush: [1]
10-23 01:07:24.907  1866  3664 W ServiceManager: Permission failure: android.permission.HIGH_SAMPLING_RATE_SENSORS from uid=10621 pid=9323
10-23 01:07:24.907  1866  3664 W SensorService: SensorEventConnection sensor handle=16, package = unknown_package_pid_9323 enable
10-23 01:07:24.907  1866  3664 E SensorService: Required app unknown_package_pid_9323, uid 10621, pid 9323
10-23 01:07:24.907  1866  3718 D SensorService: createSensorEventConnection, mCurrentOperatingMode = 0, requestedMode = 0
10-23 01:07:24.908  1866  4003 D SensorService: Calling activate on 1
10-23 01:07:24.908  1866  4003 D SensorService: SensorDevice::activate: ident=0xb40000792d412900, handle=0x00000001, enabled=1, count=4
10-23 01:07:24.908  1866  4003 D SensorService: enable index=2
10-23 01:07:24.908  1866  4003 D SensorService: info.numActiveClients() = 4, info.isActive = 1
10-23 01:07:24.908  1866  4003 D SensorService: activateHardware = 0
10-23 01:07:24.908   876   950 I sensors-hal-HfLooper: [1] flush complete
10-23 01:07:24.908  1866  3664 D SensorServiceImpl: SensorServiceExtImpl oplusGeminiProximitySensor= 0
10-23 01:07:24.908  1866  3664 D SensorServiceImpl: OplusSensorServiceUtils, sensorType=16
10-23 01:07:24.908  1866  3664 D SensorServiceImpl: setSamplingPeriodNs SamplingPeriodNs =80000000
10-23 01:07:24.908  1866  3664 D SensorServiceImpl: SensorServiceExtImpl oplusGeminiProximitySensor= 0
10-23 01:07:24.908  1866  3664 D SensorService: SensorDevice::batch: ident=0xb40000781f69ad00, handle=0x00000010, flags=0, period_ns=80000000 timeout=0
10-23 01:07:24.908  1866  3664 D SensorService: 	>>> curr_period=9223372036854775807 min_period=80000000 curr_timeout=0 min_timeout=0
10-23 01:07:24.908  1866  3664 D SensorService: 	>>> actuating h/w BATCH 0x00000010 80000000 0
10-23 01:07:24.908   876   876 I sensors-hal-FusionChannel: batch: [16,80000000,0]
10-23 01:07:24.908  1866  3664 D SensorService: Calling batch handle==16 flags=0rate=80000000 timeout== 0
10-23 01:07:24.908  1866  3664 D SensorService: Calling activate on 16
10-23 01:07:24.908  1866  3664 D SensorService: SensorDevice::activate: ident=0xb40000781f69ad00, handle=0x00000010, enabled=1, count=1
10-23 01:07:24.908  1866  3664 D SensorService: enable index=0
10-23 01:07:24.908  1866  3664 D SensorService: info.numActiveClients() = 1, info.isActive = 0
10-23 01:07:24.908  1866  3664 D SensorService: activateHardware = 1
10-23 01:07:24.908  1866  3664 D SensorService: 	>>> actuating h/w activate handle=16 enabled=1
10-23 01:07:24.908   876   876 I sensors-hal-FusionChannel: activate: [16,1]
10-23 01:07:24.909  1866  1990 D SensorService: flush complete event sensor==1 
10-23 01:07:24.909  1866  1990 D SensorService: flush complete event sensor==1 
10-23 01:07:24.909  1866  1990 D SensorService: flush complete event sensor==1 
10-23 01:07:24.909  1866  1990 D SensorService: flush complete event sensor==1 
10-23 01:07:24.909  1866  1990 D SensorService: flush complete event sensor==1 
10-23 01:07:24.909  1866  1990 D SensorService: flush complete event sensor==1 
10-23 01:07:24.909  1866  1990 D SensorService: flush complete event sensor==1 
10-23 01:07:24.909  1866  1990 D SensorService: First flush event for sensor==1 
10-23 01:07:24.909  1866  1990 D SensorService: flush complete event sensor==1 
10-23 01:07:24.909  1866  1990 D SensorService: flush complete event sensor==1 
10-23 01:07:24.909  1866  3664 W ServiceManager: Permission failure: android.permission.HIGH_SAMPLING_RATE_SENSORS from uid=10621 pid=9323
10-23 01:07:24.909  1866  3664 D SensorService: SensorDevice::batch: ident=0xb40000781f69ad00, handle=0x00000010, flags=0, period_ns=2500000 timeout=0
10-23 01:07:24.909  1866  3664 D SensorService: 	>>> curr_period=80000000 min_period=2500000 curr_timeout=0 min_timeout=0
10-23 01:07:24.909  1866  1990 D SensorService: flush complete event sensor==1 
10-23 01:07:24.909  1866  1990 D SensorService: flush complete event sensor==1 
10-23 01:07:24.909  1866  1990 D SensorService: flush complete event sensor==1 
10-23 01:07:24.909  1866  1990 D SensorService: flush complete event sensor==1 
10-23 01:07:24.909  1866  3664 D SensorService: 	>>> actuating h/w BATCH 0x00000010 2500000 0
10-23 01:07:24.909  1866  1990 D SensorService: flush complete event sensor==1 
10-23 01:07:24.909  1866  1990 D SensorService: flush complete event sensor==1 
10-23 01:07:24.909   876   876 I sensors-hal-FusionChannel: batch: [16,2500000,0]
10-23 01:07:24.909  1866  3718 W ServiceManager: Permission failure: android.permission.HIGH_SAMPLING_RATE_SENSORS from uid=10621 pid=9323
10-23 01:07:24.909   876   876 I sensors-hal-OriginChannel: batch: [4,2500000,0]
10-23 01:07:24.909  1866  2332 W ServiceManager: Permission failure: android.permission.HIGH_SAMPLING_RATE_SENSORS from uid=10621 pid=9323
10-23 01:07:24.909  1866  2332 D SensorService: SensorDevice::batch: ident=0xb40000792d412900, handle=0x00000001, flags=0, period_ns=20000000 timeout=0
10-23 01:07:24.909  1866  3718 W ServiceManager: Permission failure: android.permission.HIGH_SAMPLING_RATE_SENSORS from uid=10621 pid=9323
10-23 01:07:24.909  1866  3718 W SensorService: SensorEventConnection sensor handle=1, package = unknown_package_pid_9323 enable
10-23 01:07:24.909  1866  3718 E SensorService: Required app unknown_package_pid_9323, uid 10621, pid 9323
10-23 01:07:24.909  1866  3718 D SensorServiceImpl: SensorServiceExtImpl oplusGeminiProximitySensor= 0
10-23 01:07:24.909  1866  3718 D SensorServiceImpl: OplusSensorServiceUtils, sensorType=1
10-23 01:07:24.909  1866  3718 D SensorServiceImpl: setSamplingPeriodNs SamplingPeriodNs =80000000
10-23 01:07:24.909  1866  3718 D SensorServiceImpl: SensorServiceExtImpl oplusGeminiProximitySensor= 0
10-23 01:07:24.909  1866  3718 D SensorService: SensorDevice::batch: ident=0xb40000799ecf2300, handle=0x00000001, flags=0, period_ns=80000000 timeout=0
10-23 01:07:24.909  1866  2332 D SensorService: 	>>> curr_period=66667000 min_period=20000000 curr_timeout=0 min_timeout=0
10-23 01:07:24.909  1866  2332 D SensorService: 	>>> actuating h/w BATCH 0x00000001 20000000 0
10-23 01:07:24.910   876   876 I sensors-hal-OriginChannel: batch: [1,20000000,0]
10-23 01:07:24.911  1866  3718 D SensorService: 	>>> curr_period=20000000 min_period=20000000 curr_timeout=0 min_timeout=0
10-23 01:07:24.911  1866  3718 D SensorService: Calling batch handle==1 flags=0rate=80000000 timeout== 0
10-23 01:07:24.911  1866  3718 D SensorService: 	>>> actuating h/w flush 1
10-23 01:07:24.911   876   876 I sensors-hal-OriginChannel: flush: [1]
10-23 01:07:24.911  1866  3718 D SensorService: Calling activate on 1
10-23 01:07:24.911  1866  3718 D SensorService: SensorDevice::activate: ident=0xb40000799ecf2300, handle=0x00000001, enabled=1, count=5
10-23 01:07:24.911  1866  3718 D SensorService: enable index=4
10-23 01:07:24.911  1866  3718 D SensorService: info.numActiveClients() = 5, info.isActive = 1
10-23 01:07:24.911  1866  3718 D SensorService: activateHardware = 0
10-23 01:07:24.911  1866  2332 W ServiceManager: Permission failure: android.permission.HIGH_SAMPLING_RATE_SENSORS from uid=10621 pid=9323
10-23 01:07:24.911  1866  2332 D SensorService: SensorDevice::batch: ident=0xb40000799ecf2300, handle=0x00000001, flags=0, period_ns=2500000 timeout=0
10-23 01:07:24.911  1866  2332 D SensorService: 	>>> curr_period=20000000 min_period=2500000 curr_timeout=0 min_timeout=0
10-23 01:07:24.911  1866  2332 D SensorService: 	>>> actuating h/w BATCH 0x00000001 2500000 0
10-23 01:07:24.911   876   876 I sensors-hal-OriginChannel: batch: [1,2500000,0]
10-23 01:07:24.912   876   950 I sensors-hal-HfLooper: [1] flush complete
10-23 01:07:24.912  1866  1990 D SensorService: flush complete event sensor==1 
10-23 01:07:24.912  1866  1990 D SensorService: flush complete event sensor==1 
10-23 01:07:24.912  1866  1990 D SensorService: flush complete event sensor==1 
10-23 01:07:24.912  1866  1990 D SensorService: flush complete event sensor==1 
10-23 01:07:24.912  1866  1990 D SensorService: flush complete event sensor==1 
10-23 01:07:24.912  1866  1990 D SensorService: flush complete event sensor==1 
10-23 01:07:24.912  1866  1990 D SensorService: flush complete event sensor==1 
10-23 01:07:24.912  1866  1990 D SensorService: flush complete event sensor==1 
10-23 01:07:24.912  1866  1990 D SensorService: flush complete event sensor==1 
10-23 01:07:24.912  1866  1990 D SensorService: flush complete event sensor==1 
10-23 01:07:24.912  1866  1990 D SensorService: flush complete event sensor==1 
10-23 01:07:24.912  1866  1990 D SensorService: flush complete event sensor==1 
10-23 01:07:24.912  1866  1990 D SensorService: First flush event for sensor==1 
10-23 01:07:24.912  1866  1990 D SensorService: flush complete event sensor==1 
10-23 01:07:24.912  1866  1990 D SensorService: flush complete event sensor==1 
10-23 01:07:24.912  1866  1990 D SensorService: flush complete event sensor==1 
10-23 01:07:24.912  1866  1990 D SensorService: flush complete event sensor==1 
10-23 01:07:24.912  9323  9654 D AudioManagerExtImpl: getStreamVolume packageName=com.naitan.pewpew, index=4, streamType=3
10-23 01:07:24.913  9323  9654 I BufferQueueProducer: [SurfaceView[com.naitan.pewpew/com.unity3d.player.UnityPlayerActivity]#1(BLAST Consumer)1](id:246b00000001,api:1,p:9323,c:9323) disconnect: api 1
10-23 01:07:24.913  9323  9654 E BLASTBufferQueue: BLASTBufferItemConsumer::onDisconnect()
10-23 01:07:24.913  9323  9654 I BufferQueueProducer: [SurfaceView[com.naitan.pewpew/com.unity3d.player.UnityPlayerActivity]#1(BLAST Consumer)1](id:246b00000001,api:1,p:9323,c:9323) connect: api=1 producerControlledByApp=true
10-23 01:07:24.916  8660  8660 I MDDTaskScheduler: MDDTaskScheduler$Worker.startWorkInner():122 work mdd_download_work started
10-23 01:07:24.916  8660  8660 I DownloadManager: DownloadManager.startDownload():501 start download of __KLP_delight__en-IN
10-23 01:07:24.920  9323  9654 V MediaRouter: Selecting route: RouteInfo{ name=Phone, description=null, status=null, category=RouteCategory{ name=System types=ROUTE_TYPE_LIVE_AUDIO ROUTE_TYPE_LIVE_VIDEO  groupable=false }, supportedTypes=ROUTE_TYPE_LIVE_AUDIO ROUTE_TYPE_LIVE_VIDEO , presentationDisplay=null }
10-23 01:07:24.921  9323  9654 I MediaRouter: Skip setBluetoothA2dpOn(): types=8388615, isPlaybackActive()=true, BT route=null
10-23 01:07:24.926  1866  3718 D ConnectivityService: requestNetwork for uid/pid:10147/8660 activeRequest: null callbackRequest: 158132 [NetworkRequest [ REQUEST id=158133, [ Capabilities: INTERNET&NOT_RESTRICTED&TRUSTED&NOT_VCN_MANAGED Uid: 10147 RequestorUid: 10147 RequestorPkg: com.google.android.inputmethod.latin UnderlyingNetworks: Null] ]] callback flags: 0 order: 2147483647 isUidTracked: false
10-23 01:07:24.928  9323  9654 I Unity   : [XR] [CardboardXrInputProvider]: Lifecycle started
10-23 01:07:24.929  9323  9654 D AudioManagerExtImpl: getStreamVolume packageName=com.naitan.pewpew, index=4, streamType=3
10-23 01:07:24.929  1866  3718 W ServiceManager: Permission failure: android.permission.HIGH_SAMPLING_RATE_SENSORS from uid=10621 pid=9323
10-23 01:07:24.929  1866  3718 W SensorService: SensorEventConnection sensor handle=1, package = unknown_package_pid_9323 enable
10-23 01:07:24.929  1866  3718 E SensorService: Required app unknown_package_pid_9323, uid 10621, pid 9323
10-23 01:07:24.929  1866  3718 W SensorService: sensor 00000001 already enabled in connection 0xb40000792d412900 (ignoring)
10-23 01:07:24.929  1866  3718 D SensorServiceImpl: SensorServiceExtImpl oplusGeminiProximitySensor= 0
10-23 01:07:24.929  1866  3718 D SensorServiceImpl: OplusSensorServiceUtils, sensorType=1
10-23 01:07:24.929  1866  3718 D SensorServiceImpl: setSamplingPeriodNs SamplingPeriodNs =80000000
10-23 01:07:24.929  1866  3718 D SensorServiceImpl: SensorServiceExtImpl oplusGeminiProximitySensor= 0
10-23 01:07:24.929  1866  3718 D SensorService: SensorDevice::batch: ident=0xb40000792d412900, handle=0x00000001, flags=0, period_ns=80000000 timeout=0
10-23 01:07:24.929  1866  3718 D SensorService: 	>>> curr_period=2500000 min_period=2500000 curr_timeout=0 min_timeout=0
10-23 01:07:24.929  1866  3718 D SensorService: Calling batch handle==1 flags=0rate=80000000 timeout== 0
10-23 01:07:24.929  1866  3718 D SensorService: 	>>> actuating h/w flush 1
10-23 01:07:24.929   876   876 I sensors-hal-OriginChannel: flush: [1]
10-23 01:07:24.930  1866  3718 D SensorService: Calling activate on 1
10-23 01:07:24.930  1866  3718 D SensorService: SensorDevice::activate: ident=0xb40000792d412900, handle=0x00000001, enabled=1, count=5
10-23 01:07:24.930  1866  3718 D SensorService: enable index=2
10-23 01:07:24.930  1866  3718 D SensorService: info.numActiveClients() = 5, info.isActive = 1
10-23 01:07:24.930  1866  3718 D SensorService: activateHardware = 0
10-23 01:07:24.930  1866  3718 W ServiceManager: Permission failure: android.permission.HIGH_SAMPLING_RATE_SENSORS from uid=10621 pid=9323
10-23 01:07:24.930  1866  3718 D SensorService: SensorDevice::batch: ident=0xb40000792d412900, handle=0x00000001, flags=0, period_ns=20000000 timeout=0
10-23 01:07:24.930  1866  3718 D SensorService: 	>>> curr_period=2500000 min_period=2500000 curr_timeout=0 min_timeout=0
10-23 01:07:24.931   876   950 I sensors-hal-HfLooper: [1] flush complete
10-23 01:07:24.932  1866  1990 D SensorService: flush complete event sensor==1 
10-23 01:07:24.932  1866  1990 D SensorService: flush complete event sensor==1 
10-23 01:07:24.932  1866  1990 D SensorService: flush complete event sensor==1 
10-23 01:07:24.932  1866  1990 D SensorService: flush complete event sensor==1 
10-23 01:07:24.932  1866  2054 D WifiNetworkFactory: got request NetworkRequest [ REQUEST id=158133, [ Capabilities: INTERNET&NOT_RESTRICTED&TRUSTED&NOT_VCN_MANAGED Uid: 10147 RequestorUid: 10147 RequestorPkg: com.google.android.inputmethod.latin UnderlyingNetworks: Null] ]
10-23 01:07:24.932  1866  1990 D SensorService: flush complete event sensor==1 
10-23 01:07:24.932  1866  1990 D SensorService: flush complete event sensor==1 
10-23 01:07:24.932  1866  1990 D SensorService: flush complete event sensor==1 
10-23 01:07:24.932  1866  1990 D SensorService: First flush event for sensor==1 
10-23 01:07:24.932  1866  1990 D SensorService: flush complete event sensor==1 
10-23 01:07:24.932  1866  1990 D SensorService: flush complete event sensor==1 
10-23 01:07:24.932  1866  1990 D SensorService: flush complete event sensor==1 
10-23 01:07:24.932  1866  1990 D SensorService: flush complete event sensor==1 
10-23 01:07:24.932  1866  1990 D SensorService: flush complete event sensor==1 
10-23 01:07:24.932  1866  1990 D SensorService: flush complete event sensor==1 
10-23 01:07:24.932  1866  1990 D SensorService: flush complete event sensor==1 
10-23 01:07:24.932  1866  1990 D SensorService: flush complete event sensor==1 
10-23 01:07:24.932  1866  1990 D SensorService: flush complete event sensor==1 
10-23 01:07:24.932  8660  9260 I DelightKLPDownloader: DelightKLPDownloader$2.onSuccess():209 klp en_IN downloaded with version 2024082500
10-23 01:07:24.932  1866  3718 W ActivityManager: setGlThreads detect 9323 9713
10-23 01:07:24.933  1866  2054 D UntrustedWifiNetworkFactory: got request NetworkRequest [ REQUEST id=158133, [ Capabilities: INTERNET&NOT_RESTRICTED&TRUSTED&NOT_VCN_MANAGED Uid: 10147 RequestorUid: 10147 RequestorPkg: com.google.android.inputmethod.latin UnderlyingNetworks: Null] ]
10-23 01:07:24.933  1866  2054 D OemPaidWifiNetworkFactory: got request NetworkRequest [ REQUEST id=158133, [ Capabilities: INTERNET&NOT_RESTRICTED&TRUSTED&NOT_VCN_MANAGED Uid: 10147 RequestorUid: 10147 RequestorPkg: com.google.android.inputmethod.latin UnderlyingNetworks: Null] ]
10-23 01:07:24.933  8660  9284 I DelightKLPDownloader: DelightKLPDownloader$2.onSuccess():209 klp en_IN downloaded with version 2024082500
10-23 01:07:24.933  1866  3718 D OplusDisplayPolicy: com.naitan.pewpew, no change cutoutMode: 3
10-23 01:07:24.934  1866  3718 D WindowManager: Releasing screen wakelock due to Window{57830fa u0 com.naitan.pewpew/com.unity3d.player.UnityPlayerActivity}
10-23 01:07:24.934  9323  9654 D AudioManagerExtImpl: getStreamVolume packageName=com.naitan.pewpew, index=4, streamType=3
10-23 01:07:24.934  1866  3718 D OplusAONSmartDim: onWakeLockReleaseLocked: lock=180120391, flags=0x2000000a, packageName=android, tag="WindowManager", ws=WorkSource{10621}, uid=1000, pid=1866
10-23 01:07:24.938  8660  9279 I WM-WorkerWrapper: Worker result SUCCESS for Work [ id=785f0da6-6057-4d72-b724-0d3aafc3c058, tags={ com.google.android.libraries.inputmethod.mdd.MDDTaskScheduler$Worker,mdd_download_task_unmetered_battery } ]
10-23 01:07:24.938  1866  2086 D ConnectivityService: NetReassign [158133 : null → 200] [c 0] [a 1] [i 10]
10-23 01:07:24.957  1211  1367 D ULogGuard: Monitoring: 16 threads, 0 requests, 0 time-bombs; 1 guards. ResetFlags = 0x7
10-23 01:07:24.981  1866  2332 W SensorService: SensorEventConnection sensor handle=14, package = unknown_package_pid_9323 disable
10-23 01:07:24.981  1866  2332 D SensorServiceImpl: reset the mRecentEvent handle = 14
10-23 01:07:24.981  1866  2332 D SensorServiceImpl: disable reset the lastEvent handle = 14 in disable
10-23 01:07:24.982  1866  2332 W SensorService: SensorEventConnection sensor handle=16, package = unknown_package_pid_9323 disable
10-23 01:07:24.983  1866  2332 D SensorService: SensorDevice::activate: ident=0xb40000792d412780, handle=0x00000010, enabled=0, count=1
10-23 01:07:24.983  1866  2332 D SensorService: disable index=-2
10-23 01:07:24.983  1866  2332 D SensorService: activateHardware = 0
10-23 01:07:24.984  1866  2332 W SensorService: SensorEventConnection sensor handle=17, package = unknown_package_pid_9323 disable
10-23 01:07:24.984  1866  2332 D SensorService: SensorDevice::activate: ident=0xb40000792d412780, handle=0x00000011, enabled=0, count=2
10-23 01:07:24.984  1866  2332 D SensorService: disable index=-2
10-23 01:07:24.984  1866  2332 D SensorService: activateHardware = 0
10-23 01:07:24.984  1866  2332 W SensorService: SensorEventConnection sensor handle=18, package = unknown_package_pid_9323 disable
10-23 01:07:24.984  1866  2332 D SensorServiceImpl: reset the mRecentEvent handle = 18
10-23 01:07:24.984  1866  2332 D SensorServiceImpl: disable reset the lastEvent handle = 18 in disable
10-23 01:07:24.986  1866  2332 W SensorService: SensorEventConnection sensor handle=22, package = unknown_package_pid_9323 disable
10-23 01:07:24.986  1866  2332 D SensorServiceImpl: reset the mRecentEvent handle = 22
10-23 01:07:24.986  1866  2332 D SensorServiceImpl: disable reset the lastEvent handle = 22 in disable
10-23 01:07:24.988  1866  2332 W SensorService: SensorEventConnection sensor handle=23, package = unknown_package_pid_9323 disable
10-23 01:07:24.988  1866  2332 D SensorServiceImpl: reset the mRecentEvent handle = 23
10-23 01:07:24.988  1866  2332 D SensorServiceImpl: disable reset the lastEvent handle = 23 in disable
10-23 01:07:24.989  1866  2332 W SensorService: SensorEventConnection sensor handle=25, package = unknown_package_pid_9323 disable
10-23 01:07:24.989  1866  2332 D SensorServiceImpl: reset the mRecentEvent handle = 25
10-23 01:07:24.989  1866  2332 D SensorServiceImpl: disable reset the lastEvent handle = 25 in disable
10-23 01:07:24.989  1866  2332 W SensorService: SensorEventConnection sensor handle=27, package = unknown_package_pid_9323 disable
10-23 01:07:24.989  1866  2332 D SensorService: SensorDevice::activate: ident=0xb40000792d412780, handle=0x0000001b, enabled=0, count=1
10-23 01:07:24.990  1866  2332 D SensorService: disable index=-2
10-23 01:07:24.990  1866  2332 D SensorService: activateHardware = 0
10-23 01:07:24.990  1866  2332 W SensorService: SensorEventConnection sensor handle=29, package = unknown_package_pid_9323 disable
10-23 01:07:24.990  1866  2332 D SensorServiceImpl: reset the mRecentEvent handle = 29
10-23 01:07:24.990  1866  2332 D SensorServiceImpl: disable reset the lastEvent handle = 29 in disable
10-23 01:07:24.990  1866  2332 W SensorService: SensorEventConnection sensor handle=30, package = unknown_package_pid_9323 disable
10-23 01:07:24.990  1866  2332 D SensorServiceImpl: reset the mRecentEvent handle = 30
10-23 01:07:24.990  1866  2332 D SensorServiceImpl: disable reset the lastEvent handle = 30 in disable
10-23 01:07:24.991  1866  2332 W SensorService: SensorEventConnection sensor handle=35, package = unknown_package_pid_9323 disable
10-23 01:07:24.991  1866  2332 D SensorServiceImpl: reset the mRecentEvent handle = 35
10-23 01:07:24.991  1866  2332 D SensorServiceImpl: disable reset the lastEvent handle = 35 in disable
10-23 01:07:24.991  1866  2332 W SensorService: SensorEventConnection sensor handle=16777294, package = unknown_package_pid_9323 disable
10-23 01:07:24.991  1866  2332 D SensorServiceImpl: reset the mRecentEvent handle = 16777294
10-23 01:07:24.991  1866  2332 D SensorServiceImpl: disable reset the lastEvent handle = 16777294 in disable
10-23 01:07:24.991  1866  2332 W SensorService: SensorEventConnection sensor handle=16777297, package = unknown_package_pid_9323 disable
10-23 01:07:24.991  1866  2332 D SensorServiceImpl: reset the mRecentEvent handle = 16777297
10-23 01:07:24.991  1866  2332 D SensorServiceImpl: disable reset the lastEvent handle = 16777297 in disable
10-23 01:07:24.991  1866  2332 W SensorService: SensorEventConnection sensor handle=16777298, package = unknown_package_pid_9323 disable
10-23 01:07:24.991  1866  2332 D SensorService: SensorDevice::activate: ident=0xb40000792d412780, handle=0x01000052, enabled=0, count=2
10-23 01:07:24.991  1866  2332 D SensorService: disable index=-2
10-23 01:07:24.991  1866  2332 D SensorService: activateHardware = 0
10-23 01:07:24.991  1866  2332 W SensorService: SensorEventConnection sensor handle=16777300, package = unknown_package_pid_9323 disable
10-23 01:07:24.991  1866  2332 D SensorService: SensorDevice::activate: ident=0xb40000792d412780, handle=0x01000054, enabled=0, count=1
10-23 01:07:24.991  1866  2332 D SensorService: disable index=-2
10-23 01:07:24.991  1866  2332 D SensorService: activateHardware = 0
10-23 01:07:24.992  1866  2332 W SensorService: SensorEventConnection sensor handle=16777302, package = unknown_package_pid_9323 disable
10-23 01:07:24.992  1866  2332 D SensorServiceImpl: reset the mRecentEvent handle = 16777302
10-23 01:07:24.992  1866  2332 D SensorServiceImpl: disable reset the lastEvent handle = 16777302 in disable
10-23 01:07:24.992  1866  2332 W SensorService: SensorEventConnection sensor handle=1600610674, package = unknown_package_pid_9323 disable
10-23 01:07:24.992  1866  2332 D SensorServiceImpl: reset the mRecentEvent handle = 1600610674
10-23 01:07:24.992  1866  2332 D SensorServiceImpl: disable reset the lastEvent handle = 1600610674 in disable
10-23 01:07:24.992  1866  2332 W SensorService: SensorEventConnection sensor handle=1600611695, package = unknown_package_pid_9323 disable
10-23 01:07:24.992  1866  2332 D SensorServiceImpl: reset the mRecentEvent handle = 1600611695
10-23 01:07:24.992  1866  2332 D SensorServiceImpl: disable reset the lastEvent handle = 1600611695 in disable
10-23 01:07:25.003  1866  3718 W SensorService: SensorEventConnection sensor handle=1601794162, package = unknown_package_pid_9323 disable
10-23 01:07:25.003  1866  3718 D SensorServiceImpl: reset the mRecentEvent handle = 1601794162
10-23 01:07:25.003  1866  3718 D SensorServiceImpl: disable reset the lastEvent handle = 1601794162 in disable
10-23 01:07:25.010  9323  9654 I Unity   : [XR] [CardboardXrInputProvider]: No events to handle
10-23 01:07:25.010  9323  9705 I Unity   : [XR] [CardboardXrDisplayProvider]: Initializes Cardboard API.
10-23 01:07:25.011  9323  9705 D CardboardParamsUtils: Reading device parameters from both scoped and external storage.
10-23 01:07:25.016  3769  5024 E MediaProvider: Creating or writing to a non-default top level directory is not allowed!
10-23 01:07:25.018  3769 19810 E MediaProvider: Creating or writing to a non-default top level directory is not allowed!
10-23 01:07:25.019  9323  9705 D CardboardParamsUtils: Parameters file not found for reading: java.io.FileNotFoundException: /storage/emulated/0/Cardboard/current_device_params: open failed: ENOENT (No such file or directory)
10-23 01:07:25.019  9323  9705 D CardboardParamsUtils: Parameters file not found for reading: java.io.FileNotFoundException: /data/user/0/com.naitan.pewpew/files/Cardboard/current_device_params: open failed: ENOENT (No such file or directory)
10-23 01:07:25.019  9323  9705 D CardboardSDK: No device parameters currently saved.
10-23 01:07:25.021  8660  8939 I SP      : Sync for content_cache succeeded in 162 ms: no changes
10-23 01:07:25.022  8660  8939 I SP      : GC for 'content_cache' (10) with ttl of 0 ms took 0 ms (0/0/0)
10-23 01:07:25.070 28121 28198 W OpenGLRenderer: Dirty 114.00 297.00 453.00 819.00 doesn't intersect with 0 0 1 1 ?
10-23 01:07:25.076 28121 28198 W OpenGLRenderer: Dirty 114.00 297.00 453.00 819.00 doesn't intersect with 0 0 1 1 ?
10-23 01:07:25.124   959  1242 D APM_AudioPolicyManager: listAudioPorts mAvailableInputDevices 0x80000004 , 0x80000040 , 0x80000080 , 0x80000100 , 0x80002000 , 0x90000000
10-23 01:07:25.125   959  1242 D APM_AudioPolicyManager: listAudioPorts mAvailableInputDevices 0x80000004 , 0x80000040 , 0x80000080 , 0x80000100 , 0x80002000 , 0x90000000
10-23 01:07:25.127  1866  3718 W ActivityManager: setGlThreads detect 9323 9705
10-23 01:07:25.127  9323  9705 D hw-ProcessState: Binder ioctl to enable oneway spam detection failed: Invalid argument
10-23 01:07:25.135  1866  1887 I ActivityTaskManager: Fully drawn com.naitan.pewpew/com.unity3d.player.UnityPlayerActivity: +1s117ms
10-23 01:07:25.135   977   977 D OplusLayer: setBuffer sequence=247283, name=SurfaceView[com.naitan.pewpew/com.unity3d.player.UnityPlayerActivity](BLAST)#0
10-23 01:07:25.135   977   977 I OplusLayer: VRR [FRTC] update from -1 to 0
10-23 01:07:25.135  9323  9343 D SurfaceComposerClient: VRR [FRTC] client handle [bufferId:18446744073709551615 framenumber:0] [ffffffff, ffffffff]
10-23 01:07:25.140  1866  3718 D OplusDisplayPolicy: com.naitan.pewpew, no change cutoutMode: 3
10-23 01:07:25.143  9323  9323 D Surface : lockCanvas
10-23 01:07:25.155   865  1168 W hwcomposer: [NOD] next_vsync_time < 0  
10-23 01:07:25.163   865  1168 I hwcomposer: [DBQ] (q2:0xb400007610752000) Buffer queue is destroyed, m_id(64424)  
10-23 01:07:25.163   865  1168 I hwcomposer: [DBQ] (q2:0xb400007610752000) ~DisplayBufferQueue(), m_id(64424), release buf  
10-23 01:07:25.163   865  1168 I hwcomposer: [DBQ] (q2:0xb400007610752000) Free Slot(0), handle=0xb400007610663980, 10368000 -> 0  
10-23 01:07:25.163   865  1168 I hwcomposer: [DBQ] (q2:0xb400007610752000) Free Slot(1), handle=0xb400007578b21000, 10368000 -> 0  
10-23 01:07:25.163   865  1168 I hwcomposer: [DBQ] (q2:0xb400007610752000) Free Slot(2), handle=0xb40000761061a300, 10368000 -> 0  
10-23 01:07:25.191   865  1167 W hwcomposer: [DRMDEV] paramIsSame(), id 64424, w 1080/1080, h 2400/2400, pitch 1088/1088, format 0x2/0x1, secure 0/0  
10-23 01:07:25.197  1866  1890 I VRR [OPlusRefreshRateManager]: hasADFRFeature return false
10-23 01:07:25.197  1866  1890 I DisplayManagerService: Comparing display specs: baseModeId=1 allowGroupSwitching=false primaryRefreshRateRange=[0 60] appRequestRefreshRateRange=[0 60] vrrPolicy=POLICY_DEFAULT, existing: baseModeId=2 allowGroupSwitching=false primaryRefreshRateRange=[0 120] appRequestRefreshRateRange=[0 120] vrrPolicy=POLICY_DEFAULT
10-23 01:07:25.200   977  1029 D SurfaceFlinger: VRR [SurfaceFlinger] setDesiredDisplayModeSpecs, from process 1866
10-23 01:07:25.200   977   977 D SurfaceFlinger: VRR [SurfaceFlinger] setDesiredDisplayModeSpecsInternal: default mode ID: 0, allowGroupSwitching = 0, primary range: [0.00fps 60.00fps], app request range: [0.00fps 60.00fps]
10-23 01:07:25.200   977   977 D SurfaceFlinger: VRR [SurfaceFlinger] setDesiredDisplayModeSpecsInternal: 0 (60.00fps)
10-23 01:07:25.200   977   977 D SurfaceFlinger: VRR [SurfaceFlinger] setDesiredActiveMode: 60.00fps event: 1 
10-23 01:07:25.200  1866  1929 D VRR [OPlusRefreshRateService]: onConfigChanged physicalDisplayId: 0 modeId: 1
10-23 01:07:25.200   977  1029 E HWComposer: getSupportedContentTypes: getSupportedContentTypes failed for display 0: Unsupported (8)
10-23 01:07:25.202   977   977 D Layer   : reparent to null sequence=247293, seq[63], name=Surface(name=WindowToken{430e515 android.os.BinderProxy@fd500ff})/@0x86d2beb - animation-leash of fixed_rotation#1
10-23 01:07:25.202   977   977 D Layer   : reparent to null sequence=247294, seq[63], name=Surface(name=WindowToken{f7dbaa4 android.os.BinderProxy@8964236})/@0xff09bc7 - animation-leash of fixed_rotation#1
10-23 01:07:25.202   977   977 D Layer   : reparent to null sequence=247292, seq[64], name=Surface(name=WindowToken{ee2350d android.os.BinderProxy@ece83a4})/@0xbaedca9 - animation-leash of fixed_rotation#1
10-23 01:07:25.203   977   977 D OplusLayer: ~Layer() sequence=247292, name=Surface(name=WindowToken{ee2350d android.os.BinderProxy@ece83a4})/@0xbaedca9 - animation-leash of fixed_rotation#1 0xb4000071a2791000
10-23 01:07:25.203   977   977 D OplusLayer: ~Layer() sequence=247293, name=Surface(name=WindowToken{430e515 android.os.BinderProxy@fd500ff})/@0x86d2beb - animation-leash of fixed_rotation#1 0xb4000071a27cd000
10-23 01:07:25.203   977   977 D OplusLayer: ~Layer() sequence=247294, name=Surface(name=WindowToken{f7dbaa4 android.os.BinderProxy@8964236})/@0xff09bc7 - animation-leash of fixed_rotation#1 0xb4000071a29a8000
10-23 01:07:25.204   865   865 I hwcomposer: [HWC] (0) displaySetActiveConfig config:0  
10-23 01:07:25.204  1866  1929 D VRR [OPlusRefreshRateService]: onConfigChanged physicalDisplayId: 0 modeId: 0
10-23 01:07:25.205  1866  1890 I DisplayDeviceRepository: Display device changed: DisplayDeviceInfo{"Built-in Screen": uniqueId="local:0", 1080 x 2400, modeId 1, defaultModeId 1, supportedModes [{id=1, width=1080, height=2400, fps=60.0, alternativeRefreshRates=[90.0, 120.00001]}, {id=2, width=1080, height=2400, fps=120.00001, alternativeRefreshRates=[60.0, 90.0]}, {id=3, width=1080, height=2400, fps=90.0, alternativeRefreshRates=[60.0, 120.00001]}], colorMode 0, supportedColorModes [0], hdrCapabilities HdrCapabilities{mSupportedHdrTypes=[2, 3, 4], mMaxLuminance=500.0, mMaxAverageLuminance=500.0, mMinLuminance=0.0}, allmSupported false, gameContentTypeSupported false, density 480, 397.565 x 406.4 dpi, appVsyncOff 2400001, presDeadline 28600000, cutout DisplayCutout{insets=Rect(0, 110 - 0, 0) waterfall=Insets{left=0, top=0, right=0, bottom=0} boundingRect={Bounds=[Rect(0, 0 - 0, 0), Rect(-4, 0 - 154, 110), Rect(0, 0 - 0, 0), Rect(0, 0 - 0, 0)]} cutoutPathParserInfo={CutoutPathParserInfo{displayWidth=1080 displayHeight=2400 density={3.0} cutoutSpec={M -544,0 L -544,110 L -386,110 L -386,0 Z} rotation={0} scale={1.0}}}}, touch INTERNAL, rotation 0, type INTERNAL, address {port=0}, deviceProductInfo null, state ON, frameRateOverride , brightnessMinimum 0.0, brightnessMaximum 1.0, brightnessDefault 2396.0, FLAG_DEFAULT_DISPLAY, FLAG_ROTATES_WITH_CONTENT, FLAG_SECURE, FLAG_SUPPORTS_PROTECTED_BUFFERS}
10-23 01:07:25.206  1866  1890 D DisplayManagerService: Delivering display event: displayId=0, event=2
10-23 01:07:25.207  1866  1866 I WallpaperManagerServiceExt: removeDisplayData. displayId = 0
10-23 01:07:25.209 19216 19216 D OMG_Observer: mScreenWidthDisplay = 2400, mScreenHeightDisplay = 1080abnormal, mRotation = 1, mOrient = 2
10-23 01:07:25.212 27924 28029 D ScreenDecorations: updateOrientation mRotation:1 newRotation:1 mRtl:false newRtl:false newLayoutDirection:0 mLayoutDirection0 mPendingRotationChange:false
10-23 01:07:25.252  1866  1929 D VRR [OPlusRefreshRateService]: onConfigChanged physicalDisplayId: 0 modeId: 0
10-23 01:07:25.253   977  1209 D VRR [OTI-HW]: isStateReady 0
10-23 01:07:25.253   977  1209 D VRR [OTI-HW]: rate range: min {id=0, hwcId=0, fps=60.00, width=1080, height=2400 group=-1} cur {id=0, hwcId=0, fps=60.00, width=1080, height=2400 group=-1} max {id=0, hwcId=0, fps=60.00, width=1080, height=2400 group=-1}
10-23 01:07:25.253   977  1209 D VRR [OTI-HW]: keep rate.
10-23 01:07:25.256  9323  9707 E BLASTBufferQueue: [SurfaceView[com.naitan.pewpew/com.unity3d.player.UnityPlayerActivity]#1](f:0,a:4) isEGL=1, mPendingRelease.size()=1, mMaxAcquiredBuffers=5, currentMaxAcquiredBufferCount=2
10-23 01:07:25.256 27924 17947 E BLASTBufferQueue: [ViewRootImpl[StatusBar]#3](f:0,a:6) isEGL=1, mPendingRelease.size()=1, mMaxAcquiredBuffers=5, currentMaxAcquiredBufferCount=2
10-23 01:07:25.263 27924 17947 E BLASTBufferQueue: [ViewRootImpl[StatusBar]#3](f:0,a:6) isEGL=1, mPendingRelease.size()=2, mMaxAcquiredBuffers=5, currentMaxAcquiredBufferCount=2
10-23 01:07:25.263  9323  9707 E BLASTBufferQueue: [SurfaceView[com.naitan.pewpew/com.unity3d.player.UnityPlayerActivity]#1](f:0,a:5) isEGL=1, mPendingRelease.size()=2, mMaxAcquiredBuffers=5, currentMaxAcquiredBufferCount=2
10-23 01:07:25.273 27924 17947 E BLASTBufferQueue: [ViewRootImpl[StatusBar]#3](f:0,a:6) isEGL=1, mPendingRelease.size()=3, mMaxAcquiredBuffers=5, currentMaxAcquiredBufferCount=2
10-23 01:07:25.273  9323  9707 E BLASTBufferQueue: [SurfaceView[com.naitan.pewpew/com.unity3d.player.UnityPlayerActivity]#1](f:0,a:5) isEGL=1, mPendingRelease.size()=3, mMaxAcquiredBuffers=5, currentMaxAcquiredBufferCount=2
10-23 01:07:25.352  1866  1929 D VRR [OPlusRefreshRateService]: handleConfigIdChange physicalDisplayId: 0 configId: 0
10-23 01:07:25.375  1866  2693 I OplusHansManager : uid=10378, pkg=com.supercell.clashofclans can transition from M to F
10-23 01:07:25.376  1866  2693 I OplusHansManager : uid=10378, pkg=com.supercell.clashofclans F enter()
10-23 01:07:25.378  1866  2693 I OplusHansManager : freeze uid: 10378 com.supercell.clashofclans pids: [29256, 19576] scene: LcdOn
10-23 01:07:25.380  5880  5543 D IHansComunication: HansComunication::addUid-- 10378
10-23 01:07:25.380  5880  5543 D IHansComunication: HANS sendMessageToKernel: threadId = 531008847024, netLinkSetup = 1, type = PKG, targetUid = 10378, pkgCmd = ADD_ONE_UID
10-23 01:07:25.386  1866  2693 I OplusHansManager : uid=10277, pkg=com.jio.myjio can transition from M to F
10-23 01:07:25.386  1866  2693 I OplusHansManager : uid=10277, pkg=com.jio.myjio F enter()
10-23 01:07:25.388  1866  2693 I OplusHansManager : freeze uid: 10277 com.jio.myjio pids: [18627, 18609] scene: LcdOn
10-23 01:07:25.390  1866  2766 I OplusProxyWakeLock: add uid: 10277 wakelock: PARTIAL_WAKE_LOCK              '*job*' (uid=1000 pid=1866 ws=WorkSource{10277})  heled by system to FroceReleaseWakeLock list
10-23 01:07:25.391  1866  2766 D OplusBrightUtils: ---> setBrightnessNoAnimation false
10-23 01:07:25.392  1866  2766 I OplusProxyWakeLock: add uid: 10277 wakelock: PARTIAL_WAKE_LOCK              '*job*' (uid=1000 pid=1866 ws=WorkSource{10277})  heled by system to FroceReleaseWakeLock list
10-23 01:07:25.392  1866  2766 D OplusBrightUtils: ---> setBrightnessNoAnimation false
10-23 01:07:25.392  1866  1924 D OplusDisplayPowerControllerExtImpl: original brightness to dataBase:184 final brightness:82.0 scale:0.4456848 reason:4 darkLevel:2
10-23 01:07:25.392  1866  1924 V DisplayPowerController[0]: Brightness [82.0] reason changing to: 'automatic [ auto_adj ]', previous reason: 'automatic'.
10-23 01:07:25.392  1866  1924 D OplusDisplayPowerControllerFeature: RECORD:onUpdatePowerState policy:3 state:2 brightness:82
10-23 01:07:25.393  1866  1924 D VRR [OPlusRefreshRateService]: notifyBrightnessChange brightness: 82.0
10-23 01:07:25.393  1866  1924 D OplusDisplayPowerControllerExtImpl: original brightness to dataBase:184 final brightness:82.0 scale:0.4456848 reason:4 darkLevel:2
10-23 01:07:25.393  1866  1924 V DisplayPowerController[0]: Brightness [82.0] reason changing to: 'automatic [ auto_adj ]', previous reason: 'automatic'.
10-23 01:07:25.393  1866  1924 D OplusDisplayPowerControllerFeature: RECORD:onUpdatePowerState policy:3 state:2 brightness:82
10-23 01:07:25.393  1866  1924 D VRR [OPlusRefreshRateService]: notifyBrightnessChange brightness: 82.0
10-23 01:07:25.441  1866  2693 I OplusHansManager : uid=10281, pkg=in.amazon.mShop.android.shopping can transition from M to F
10-23 01:07:25.441  1866  2693 I OplusHansManager : uid=10281, pkg=in.amazon.mShop.android.shopping F enter()
10-23 01:07:25.444  1866  2693 I OplusHansManager : freeze uid: 10281 in.amazon.mShop.android.shopping pids: [7160] scene: LcdOn
10-23 01:07:25.453  1866  2693 I OplusHansManager : uid=10271, pkg=net.one97.paytm can transition from M to F
10-23 01:07:25.453  1866  2693 I OplusHansManager : uid=10271, pkg=net.one97.paytm F enter()
10-23 01:07:25.455  1866  2693 I OplusHansManager : freeze uid: 10271 net.one97.paytm pids: [6827] scene: LcdOn
10-23 01:07:25.458  5880  5543 D IHansComunication: HansComunication::addUid-- 10271
10-23 01:07:25.458  5880  5543 D IHansComunication: HANS sendMessageToKernel: threadId = 531008847024, netLinkSetup = 1, type = PKG, targetUid = 10271, pkgCmd = ADD_ONE_UID
10-23 01:07:25.465  1866  2693 I OplusHansManager : uid=10300, pkg=com.nextbillion.groww can transition from M to F
10-23 01:07:25.465  1866  2693 I OplusHansManager : uid=10300, pkg=com.nextbillion.groww F enter()
10-23 01:07:25.467  1866  2693 I OplusHansManager : freeze uid: 10300 com.nextbillion.groww pids: [8563, 8140] scene: LcdOn
10-23 01:07:25.469  5880  5543 D IHansComunication: HansComunication::addUid-- 10300
10-23 01:07:25.469  5880  5543 D IHansComunication: HANS sendMessageToKernel: threadId = 531008847024, netLinkSetup = 1, type = PKG, targetUid = 10300, pkgCmd = ADD_ONE_UID
10-23 01:07:25.470  1866  2693 I OplusHansManager : uid=10275, pkg=com.reddit.frontpage can transition from M to F
10-23 01:07:25.471  1866  2693 I OplusHansManager : uid=10275, pkg=com.reddit.frontpage F enter()
10-23 01:07:25.472  1866  2693 I OplusHansManager : freeze uid: 10275 com.reddit.frontpage pids: [8842] scene: LcdOn
10-23 01:07:25.581 27924 28029 D OplusPrivacyDotViewController: scheduleUpdate: 
10-23 01:07:25.582 27924 28029 D OplusPrivacyDotViewController: processNextViewState: 
10-23 01:07:25.582 27924 28029 D OplusPrivacyDotViewController: resolveState ViewState(systemPrivacyEventIsActive=false, shadeExpanded=false, qsExpanded=false, rtl=false, rotation=1, height=12, x=64, y=49, cornerIndex=1, designatedCorner=android.widget.FrameLayout{8e8ded3 G.E...... ......ID 0,0-12,12 #7f0b03f6 app:id/icons_container}, contentDescription=null, chipAnimationStart=false, preDraw=false) shouldShowDot false
10-23 01:07:25.582 27924 28029 D OplusPrivacyDotViewController: callOrmsSetSceneAction myPid:27924 Tid:28029 value:1
10-23 01:07:25.668 27924 28029 D OplusPrivacyDotViewController: scheduleUpdate: 
10-23 01:07:25.669 27924 28029 D OplusPrivacyDotViewController: processNextViewState: 
10-23 01:07:25.669 27924 28029 D OplusPrivacyDotViewController: resolveState ViewState(systemPrivacyEventIsActive=false, shadeExpanded=false, qsExpanded=false, rtl=false, rotation=1, height=12, x=64, y=49, cornerIndex=1, designatedCorner=android.widget.FrameLayout{8e8ded3 G.E...... ......ID 0,0-12,12 #7f0b03f6 app:id/icons_container}, contentDescription=null, chipAnimationStart=false, preDraw=false) shouldShowDot false
10-23 01:07:25.670 27924 28029 D OplusPrivacyDotViewController: resolveState: skipping
10-23 01:07:26.008  2698  2698 D CarrierConfigLoader: getConfigForSubIdWithFeature: subscriptionId=1, phoneId=0
10-23 01:07:26.035 27924 27989 D NetworkController.MobileSignalController(1): onMobileStatusChanged= updateTelephony=true mobileStatus=[activityIn=false,activityOut=false,dataSim=true,carrierNetworkChangeMode=false,dataState=0,serviceState=mVoiceRegState=0(IN_SERVICE), mDataRegState=0(IN_SERVICE),signalStrength=3,telephonyDisplayInfo=TelephonyDisplayInfo {network=LTE, override=NONE}]
10-23 01:07:26.036  1866  2172 D Osense-DecisionMaker: notifyDelayedSceneToPolicy
10-23 01:07:26.037  1866  2172 I Osense-DecisionMaker: notifySceneToAthenaPolicy...SCENE_APP_SWITCH
10-23 01:07:26.037  1866  2172 D Osense-DecisionMaker: getCurrentSysStats, availmemMb: 2791, freememMb: 182
10-23 01:07:26.039  1866  2172 D Osense-MemoryReaderUtils: actualSwapTotalMem: 4095, actualSwapFreeMem: 2060
10-23 01:07:26.039  1866  2172 D Osense-DecisionMaker: getCurrentSysStats, zramLoad: 50
10-23 01:07:26.046  2698  3352 D CarrierConfigLoader: getConfigForSubIdWithFeature: subscriptionId=1, phoneId=0
10-23 01:07:26.588  9420  9420 W CombinedTP19: type=1400 audit(0.0:685913): avc: granted { execute } for path="/data/data/com.facebook.katana/lib-compressed/libhiddenapis2.so" dev="sdc59" ino=1034348 scontext=u:r:untrusted_app:s0:c248,c256,c512,c768 tcontext=u:object_r:app_data_file:s0:c248,c256,c512,c768 tclass=file app=com.facebook.katana
10-23 01:07:26.589  9420  9627 D nativeloader: Load /data/data/com.facebook.katana/lib-compressed/libhiddenapis2.so using ns clns-6 from class loader (caller=/data/app/~~agfK8dcNUcadvOc81qSA7g==/com.facebook.katana-L3oGnykyVu18m3I5VeFg3g==/base.apk): ok
10-23 01:07:26.591  9420  9627 E HiddenApis2: Failed to init DecodeJObjectFuncPtr
10-23 01:07:26.603  1866  1924 D OplusFeatureBrightnessBarController: mDarkLevel: 2
10-23 01:07:26.618  9420  9627 W fb4a.Fixie/ActivityStackResetterFixer: Enable Activity Stack Resetter
10-23 01:07:26.624  9420  9420 W CombinedTP19: type=1400 audit(0.0:685914): avc: granted { execute } for path="/data/data/com.facebook.katana/lib-compressed/libartdistract.so" dev="sdc59" ino=1129999 scontext=u:r:untrusted_app:s0:c248,c256,c512,c768 tcontext=u:object_r:app_data_file:s0:c248,c256,c512,c768 tclass=file app=com.facebook.katana
10-23 01:07:26.629  9420  9627 D nativeloader: Load /data/data/com.facebook.katana/lib-compressed/libartdistract.so using ns clns-6 from class loader (caller=/data/app/~~agfK8dcNUcadvOc81qSA7g==/com.facebook.katana-L3oGnykyVu18m3I5VeFg3g==/base.apk): ok
10-23 01:07:26.630  9420  9627 D ArtDistract: Attempting to hook method. Resolved orig method holder in java: no
10-23 01:07:26.630  9420  9627 D OffsetFinder: findOffsetCustom: found value 271581209 at 4 (with arg: 25)
10-23 01:07:26.631  9420  9627 D ArtDistract: Did not find a symbol while calling findFunc_ClassLinker_GetQuickOatCodeFor for sym info. Found Error: -47
10-23 01:07:26.631  9420  9627 W ArtDistract: Could not init ART distract because we cannot find a way to get proxy invoke func ptr because art_quick_proxy_invoke_handler and ClassLinker::GetQuickOatCodeFor symbols could not be found.
10-23 01:07:26.631  9420  9627 D ArtDistract: ART Distract did NOT init.
