10-23 01:07:24.241  1866  1891 D OplusStartingWindowManager: interceptRemoveStartingWindow activity.packageName=com.naitan.pewpew isSnapshot=false mStartingSurfaceRunnable=null
10-23 01:07:24.241  1866  1891 D OplusSplitScreenManagerService: notifyRemoveStartingWindow mOplusSpiltScreenDnDUI is null, just return!
10-23 01:07:24.242   977  3217 D SurfaceFlinger: addClientLayer(140): seq(247285) name,Surface(name=57830fa com.naitan.pewpew/com.unity3d.player.UnityPlayerActivity)/@0x3a965dd - animation-leash of starting_reveal#0
10-23 01:07:24.243  1866  1891 I Quality : LaunchTime2.0: com.naitan.pewpew/com.unity3d.player.UnityPlayerActivity 2 214
10-23 01:07:24.243  1866  4003 W ActivityManager: setGlThreads detect 9323 9660
10-23 01:07:24.248   892   907 I mtkpower@impl: [setMode] type:5, enabled:0
10-23 01:07:24.249  1866  4003 I PowerHalWrapper: amsBoostStop AMS_BOOST_PACK_SWITCH:true, AMS_BOOST_ACT_SWITCH:false, AMS_BOOST_PROCESS_CREATE:false 
10-23 01:07:24.252  1866  4003 I FocusResolver: updateFocusedWindow, 57830fa com.naitan.pewpew/com.unity3d.player.UnityPlayerActivity on display 0, reason: Window became focusable. Previous reason: NOT_VISIBLE, result:   FocusedWindows:
10-23 01:07:24.252  1866  4003 I FocusResolver:     displayId=0, name='57830fa com.naitan.pewpew/com.unity3d.player.UnityPlayerActivity'
10-23 01:07:24.253  1866  1887 I ActivityTaskManager: Displayed com.naitan.pewpew/com.unity3d.player.UnityPlayerActivity: +225ms
10-23 01:07:24.254  1866  1882 D InputMethodManagerService: isSecurity: attribute.packageName=com.naitan.pewpew mCurMethodId=com.google.android.inputmethod.latin/com.android.inputmethod.latin.LatinIME
10-23 01:07:24.254  1866  1882 D InputMethodManagerService: isSecurity= false (  enable=false needShow=false inBlackList=false isExist=true )
10-23 01:07:24.263  8660  8660 I GoogleInputMethodService: GoogleInputMethodService.onFinishInput():3086 
10-23 01:07:24.265   977  1734 D SurfaceFlinger: addClientLayer(141): seq(247286) name,Surface(name=339de53 InputMethod)/@0xbe51f9 - animation-leash of insets_animation#1
10-23 01:07:24.268  8660  8660 I GoogleInputMethodService: GoogleInputMethodService.updateDeviceLockedStatus():2155 repeatCheckTimes = 0, locked = false
10-23 01:07:24.269  8660  8660 I GoogleInputMethodService: GoogleInputMethodService.onStartInput():1899 onStartInput(EditorInfo{EditorInfo{packageName=com.naitan.pewpew, inputType=0, inputTypeString=NULL, enableLearning=false, autoCorrection=false, autoComplete=false, imeOptions=0, privateImeOptions=null, actionName=UNSPECIFIED, actionLabel=null, initialSelStart=-1, initialSelEnd=-1, initialCapsMode=0, label=null, fieldId=2131231149, fieldName=null, extras=null, hintText=null, hintLocales=[]}}, false)
10-23 01:07:24.272  9323  9654 I Unity   : MemoryManager: Using 'Dynamic Heap' Allocator.
10-23 01:07:24.272  8660  8660 I GoogleInputMethodService: GoogleInputMethodService.updateDeviceLockedStatus():2155 repeatCheckTimes = 1, locked = false
10-23 01:07:24.273   977  1033 W RenderEngine: getBoundsAndClip there is no fast paths, enter sw clip with path!!!
10-23 01:07:24.273   977  1033 W RenderEngine: getBoundsAndClip there is no fast paths, enter sw clip with path!!!
10-23 01:07:24.274  8660  8660 I AndroidIME: InputBundleManager.loadActiveInputBundleId():450 loadActiveInputBundleId: und-Latn-x-password, password
10-23 01:07:24.280   977   977 D Layer   : reparent to null sequence=247252, seq[2], name=Surface(name=339de53 InputMethod)/@0xbe51f9 - animation-leash of insets_animation#0
10-23 01:07:24.281   977   977 D OplusLayer: ~Layer() sequence=247252, name=Surface(name=339de53 InputMethod)/@0xbe51f9 - animation-leash of insets_animation#0 0xb4000071a2f11000
10-23 01:07:24.285   977  1033 W RenderEngine: getBoundsAndClip there is no fast paths, enter sw clip with path!!!
10-23 01:07:24.285   977  1033 W RenderEngine: getBoundsAndClip there is no fast paths, enter sw clip with path!!!
10-23 01:07:24.294   977  1033 W RenderEngine: getBoundsAndClip there is no fast paths, enter sw clip with path!!!
10-23 01:07:24.295   977  1033 W RenderEngine: getBoundsAndClip there is no fast paths, enter sw clip with path!!!
10-23 01:07:24.304   977  1033 W RenderEngine: getBoundsAndClip there is no fast paths, enter sw clip with path!!!
10-23 01:07:24.304   977  1033 W RenderEngine: getBoundsAndClip there is no fast paths, enter sw clip with path!!!
10-23 01:07:24.313   977  1033 W RenderEngine: getBoundsAndClip there is no fast paths, enter sw clip with path!!!
10-23 01:07:24.313   977  1033 W RenderEngine: getBoundsAndClip there is no fast paths, enter sw clip with path!!!
10-23 01:07:24.321   977  1033 W RenderEngine: getBoundsAndClip there is no fast paths, enter sw clip with path!!!
10-23 01:07:24.321   977  1033 W RenderEngine: getBoundsAndClip there is no fast paths, enter sw clip with path!!!
10-23 01:07:24.327   977  1033 W RenderEngine: getBoundsAndClip there is no fast paths, enter sw clip with path!!!
10-23 01:07:24.327   977  1033 W RenderEngine: getBoundsAndClip there is no fast paths, enter sw clip with path!!!
10-23 01:07:24.329  1866  4003 D OplusDisplayPolicy: com.naitan.pewpew, no change cutoutMode: 3
10-23 01:07:24.331  1866  4003 D WindowManager: Acquiring screen wakelock due to Window{57830fa u0 com.naitan.pewpew/com.unity3d.player.UnityPlayerActivity}
10-23 01:07:24.331  1866  4003 D OplusAONSmartDim: onWakeLockAcquireLocked: lock=180120391, flags=0x2000000a, packageName=android, tag="WindowManager", ws=WorkSource{10621}, uid=1000, pid=1866
10-23 01:07:24.331  9323  9654 I Unity   : SystemInfo CPU = ARM64 FP ASIMD AES, Cores = 8, Memory = 7536mb
10-23 01:07:24.331  9323  9654 I Unity   : SystemInfo ARM big.LITTLE configuration: 2 big (mask: 0xc0), 6 little (mask: 0x3f)
10-23 01:07:24.331  9323  9654 I Unity   : ApplicationInfo com.naitan.pewpew version 0.1
10-23 01:07:24.331  9323  9654 I Unity   : Built from '2022.3/staging' branch, Version '2022.3.44f1 (c3ae09b9f03c)', Build type 'Release', Scripting Backend 'il2cpp', CPU 'arm64-v8a', Stripping 'Enabled'
10-23 01:07:24.331  1866  4003 D CompactWindowManagerService: shouldExitFixedRotation r = ActivityRecord{7fc25ea u0 com.naitan.pewpew/com.unity3d.player.UnityPlayerActivity t3185};getRequestedOrientation = 0; isVisible = true; Diff rotation = 1; rotation = 0; displaycontent.orientation = 1; mOpeningApps = {}; 
10-23 01:07:24.331  1866  4003 D CompactWindowManagerService:  callers:com.android.server.wm.DisplayContentExtImpl.shouldExitFixedRotation:548 com.android.server.wm.DisplayContent.handleTopActivityLaunchingInDifferentOrientation:1696 com.android.server.wm.DisplayContent.updateOrientation:1609 com.android.server.wm.DisplayContent.updateOrientation:1512 com.android.server.wm.WindowManagerService.relayoutWindow:2635 com.android.server.wm.Session.relayout:247 android.view.IWindowSession$Stub.onTransact:735 com.android.server.wm.Session.onTransact:177 android.os.Binder.execTransactInternal:1221 android.os.Binder.execTransact:1163 <bottom of call stack> <bottom of call stack> <bottom of call stack> <bottom of call stack> <bottom of call stack> <bottom of call stack> <bottom of call stack> <bottom of call stack> <bottom of call stack> <bottom of call stack> 
10-23 01:07:24.337  1866  3716 D OplusDisplayPolicy: com.naitan.pewpew, no change cutoutMode: 3
10-23 01:07:24.337   977  1033 W RenderEngine: getBoundsAndClip there is no fast paths, enter sw clip with path!!!
10-23 01:07:24.337   977  1033 W RenderEngine: getBoundsAndClip there is no fast paths, enter sw clip with path!!!
10-23 01:07:24.340  1866  3716 D CompactWindowManagerService: shouldExitFixedRotation r = ActivityRecord{7fc25ea u0 com.naitan.pewpew/com.unity3d.player.UnityPlayerActivity t3185};getRequestedOrientation = 0; isVisible = true; Diff rotation = 1; rotation = 0; displaycontent.orientation = 1; mOpeningApps = {}; 
10-23 01:07:24.340  1866  3716 D CompactWindowManagerService:  callers:com.android.server.wm.DisplayContentExtImpl.shouldExitFixedRotation:548 com.android.server.wm.DisplayContent.handleTopActivityLaunchingInDifferentOrientation:1696 com.android.server.wm.DisplayContent.updateOrientation:1609 com.android.server.wm.DisplayContent.updateOrientation:1512 com.android.server.wm.WindowManagerService.relayoutWindow:2635 com.android.server.wm.Session.relayout:247 android.view.IWindowSession$Stub.onTransact:735 com.android.server.wm.Session.onTransact:177 android.os.Binder.execTransactInternal:1221 android.os.Binder.execTransact:1163 <bottom of call stack> <bottom of call stack> <bottom of call stack> <bottom of call stack> <bottom of call stack> <bottom of call stack> <bottom of call stack> <bottom of call stack> <bottom of call stack> <bottom of call stack> 
10-23 01:07:24.343  9323  9323 D Surface : lockCanvas
10-23 01:07:24.347   977  1033 W RenderEngine: getBoundsAndClip there is no fast paths, enter sw clip with path!!!
10-23 01:07:24.347   977  1033 W RenderEngine: getBoundsAndClip there is no fast paths, enter sw clip with path!!!
10-23 01:07:24.352  9323  9323 D Surface : lockCanvas
10-23 01:07:24.357   977  1033 W RenderEngine: getBoundsAndClip there is no fast paths, enter sw clip with path!!!
10-23 01:07:24.358   977  1033 W RenderEngine: getBoundsAndClip there is no fast paths, enter sw clip with path!!!
10-23 01:07:24.370   977  1033 W RenderEngine: getBoundsAndClip there is no fast paths, enter sw clip with path!!!
10-23 01:07:24.370   977  1033 W RenderEngine: getBoundsAndClip there is no fast paths, enter sw clip with path!!!
10-23 01:07:24.373  1866  4003 V OplusZoomWindowManagerService: onAnimationFinished:  r = ActivityRecord{817d28 u0 com.android.launcher/.Launcher t2680}
10-23 01:07:24.375  1866  4003 V OplusZoomWindowManagerService: onAnimationFinished:  r = ActivityRecord{7fc25ea u0 com.naitan.pewpew/com.unity3d.player.UnityPlayerActivity t3185}
10-23 01:07:24.375  1866  4003 I OplusAppSwitchManagerService:  handleAppVisible , r = ActivityRecord{7fc25ea u0 com.naitan.pewpew/com.unity3d.player.UnityPlayerActivity t3185}
10-23 01:07:24.375  1866  4003 D OplusGameRotationService: stopRotationInGame: check windowContainer = ActivityRecord{7fc25ea u0 com.naitan.pewpew/com.unity3d.player.UnityPlayerActivity t3185}
10-23 01:07:24.375  1866  4003 D OplusGameRotationService: stopRotationInGame: stop lock rotation, another app request the rotation.
10-23 01:07:24.377  1866  1891 I WindowStateExtImpl: onSurfaceShowChange show = false mPackageName = com.android.launcher parentPkgName = com.android.launcher
10-23 01:07:24.378   977  1033 W RenderEngine: getBoundsAndClip there is no fast paths, enter sw clip with path!!!
10-23 01:07:24.378   977  1033 W RenderEngine: getBoundsAndClip there is no fast paths, enter sw clip with path!!!
10-23 01:07:24.378  1866  1890 I PowerHalWrapper: amsBoostNotify pid:28429,activity:com.android.launcher.Launcher, package:com.android.launcher, mProcessCreatePackcom.naitan.pewpew 
10-23 01:07:24.378  1866  1890 I PowerHalWrapper: state: 0 
10-23 01:07:24.379  1866  1890 I PowerHalWrapper: amsBoostNotify AMS_BOOST_PROCESS_CREATE_BOOST:false 
10-23 01:07:24.380 28429 28486 I BufferQueueProducer: [ViewRootImpl[com.android.launcher/com.android.launcher.Launcher]#743(BLAST Consumer)743](id:6f0d00000415,api:1,p:28429,c:28429) disconnect: api 1
10-23 01:07:24.380 28429 28486 E BLASTBufferQueue: BLASTBufferItemConsumer::onDisconnect()
10-23 01:07:24.381 12038 12096 I BufferQueueProducer: [ViewRootImpl[(1-1)-Window{225ff8a alpha=1.0 fl=}]#171(BLAST Consumer)171](id:2f06000000ab,api:1,p:12038,c:12038) disconnect: api 1
10-23 01:07:24.381 12038 12096 E BLASTBufferQueue: BLASTBufferItemConsumer::onDisconnect()
10-23 01:07:24.381  1866  4003 D CompactWindowManagerService: shouldExitFixedRotation r = ActivityRecord{7fc25ea u0 com.naitan.pewpew/com.unity3d.player.UnityPlayerActivity t3185};getRequestedOrientation = 0; isVisible = true; Diff rotation = -1; rotation = 1; displaycontent.orientation = 1; mOpeningApps = {}; 
10-23 01:07:24.381  1866  4003 D CompactWindowManagerService:  callers:com.android.server.wm.DisplayContentExtImpl.shouldExitFixedRotation:548 com.android.server.wm.DisplayContent.handleTopActivityLaunchingInDifferentOrientation:1696 com.android.server.wm.DisplayContent.updateOrientation:1609 com.android.server.wm.DisplayContent.updateOrientation:1512 com.android.server.wm.WindowManagerService.relayoutWindow:2635 com.android.server.wm.Session.relayout:247 android.view.IWindowSession$Stub.onTransact:735 com.android.server.wm.Session.onTransact:177 android.os.Binder.execTransactInternal:1221 android.os.Binder.execTransact:1163 <bottom of call stack> <bottom of call stack> <bottom of call stack> <bottom of call stack> <bottom of call stack> <bottom of call stack> <bottom of call stack> <bottom of call stack> <bottom of call stack> <bottom of call stack> 
10-23 01:07:24.383   977   977 D Layer   : reparent to null sequence=247273, seq[31], name=Surface(name=Task=2680)/@0x7b79c8a - animation-leash of app_transition#0
10-23 01:07:24.383   977   977 D Layer   : reparent to null sequence=247272, seq[116], name=Surface(name=Task=3185)/@0x42f01d8 - animation-leash of app_transition#0
10-23 01:07:24.384   977   977 D Layer   : reparent to null sequence=247274, seq[2], name=Surface(name=WallpaperWindowToken{7527e4d token=android.os.Binder@59929e4})/@0xe1f3837 - animation-leash of window_animation#0
10-23 01:07:24.385  1866  4003 D CompactWindowManagerService: shouldExitFixedRotation r = ActivityRecord{7fc25ea u0 com.naitan.pewpew/com.unity3d.player.UnityPlayerActivity t3185};getRequestedOrientation = 0; isVisible = true; Diff rotation = -1; rotation = 1; displaycontent.orientation = 1; mOpeningApps = {}; 
10-23 01:07:24.385  1866  4003 D CompactWindowManagerService:  callers:com.android.server.wm.DisplayContentExtImpl.shouldExitFixedRotation:548 com.android.server.wm.DisplayContent.handleTopActivityLaunchingInDifferentOrientation:1696 com.android.server.wm.DisplayContent.updateOrientation:1609 com.android.server.wm.DisplayContent.updateOrientation:1512 com.android.server.wm.WindowManagerService.relayoutWindow:2635 com.android.server.wm.Session.relayout:247 android.view.IWindowSession$Stub.onTransact:735 com.android.server.wm.Session.onTransact:177 android.os.Binder.execTransactInternal:1221 android.os.Binder.execTransact:1163 <bottom of call stack> <bottom of call stack> <bottom of call stack> <bottom of call stack> <bottom of call stack> <bottom of call stack> <bottom of call stack> <bottom of call stack> <bottom of call stack> <bottom of call stack> 
10-23 01:07:24.385 27924 27924 D OneHandedDisplayAreaOrganizer: onRotateDisplay: called!!!
10-23 01:07:24.390   865   963 I hwcomposer: [DBQ] (q2:0xb400007610752000) Buffer queue is created with size(3), m_id(64424)  
10-23 01:07:24.390   865   963 I hwcomposer: [DBQ] (q2:0xb400007610752000) Reallocate Slot(0), pool(0 -> 0) size(0 -> 10368000) secure(0 -> 0)  
10-23 01:07:24.392   865   963 I hwcomposer: [DBQ] (q2:0xb400007610752000) Alloc Slot(0), handle=0xb400007610663980 c=0 w=1080 h=2400 p=1088 ys=1088 vs=2400 f=1 sec=0 sh=0, usage=0x800  
10-23 01:07:24.393   865  1168 D TRS     : DpAsyncBlit: in: job (909293 187) (2400, 1080, 9600, 0, C2s, P2), sec0, flush 0 Buffer 454646: plane=1 bufVA={0xbb,0x0,0x0} bufMVA={0x0,0x0,0x0} bufSize={0x9e3400,0x0,0x0} proxy={0xb40000761076d680,0x0,0x0}fence=-1
10-23 01:07:24.393   865  1168 D TRS     : DpAsyncBlit: out0: (1046, 2400, 4352, 0, C2s, P2), misc: (X:0, Y:0, R:90, F:0, S:0, A:0, D:0), sec0, flush 0 Buffer 454646: plane=1 bufVA={0xdd,0x0,0x0} bufMVA={0x0,0x0,0x0} bufSize={0x9f6000,0x0,0x0} proxy={0xb40000761076d800,0x0,0x0}fence=-1
10-23 01:07:24.393   865  1168 D TRS     : DpAsyncBlit: crop0: (0, 0, 2400, 1046, 0, 0, 0, 0)
10-23 01:07:24.394   977   977 D Layer   : reparent to null sequence=247244, seq[6], name=(1-1)-Window{225ff8a alpha=1.0 fl=}#0
10-23 01:07:24.394   977   977 D Layer   : reparent to null sequence=247245, seq[121], name=com.android.launcher/com.android.launcher.Launcher#0
10-23 01:07:24.395 12038 12038 I BLASTBufferQueue: [ViewRootImpl[(1-1)-Window{225ff8a alpha=1.0 fl=}]#171] destructor()
10-23 01:07:24.396 12038 12038 I BufferQueueConsumer: [ViewRootImpl[(1-1)-Window{225ff8a alpha=1.0 fl=}]#171(BLAST Consumer)171](id:2f06000000ab,api:0,p:-1,c:12038) disconnect
10-23 01:07:24.397   865   963 I hwcomposer: [DBQ] (q2:0xb400007610752000) Reallocate Slot(1), pool(0 -> 0) size(0 -> 10368000) secure(0 -> 0)  
10-23 01:07:24.399   865   963 I hwcomposer: [DBQ] (q2:0xb400007610752000) Alloc Slot(1), handle=0xb400007578b21000 c=0 w=1080 h=2400 p=1088 ys=1088 vs=2400 f=1 sec=0 sh=0, usage=0x800  
10-23 01:07:24.399   865  1168 D MDP     : Buffer 454646: plane=1 bufVA={0xbb,0x0,0x0} bufMVA={0x0,0x0,0x0} bufSize={0x9e3400,0x0,0x0} proxy={0xb40000761076d680,0x0,0x0}fence=-1
10-23 01:07:24.399   865  1168 D MDP     : Buffer 454647: plane=1 bufVA={0xff,0x0,0x0} bufMVA={0x0,0x0,0x0} bufSize={0x9e3400,0x0,0x0} proxy={0xb40000761076d480,0x0,0x0}fence=-1
10-23 01:07:24.399   865  1168 D TRS     : DpAsyncBlit: in: job (909295 255) (2400, 1080, 9600, 0, C2s, P2), sec0, flush 0 
10-23 01:07:24.399   865  1168 D MDP     : Buffer 454646: plane=1 bufVA={0xdd,0x0,0x0} bufMVA={0x0,0x0,0x0} bufSize={0x9f6000,0x0,0x0} proxy={0xb40000761076d800,0x0,0x0}fence=-1
10-23 01:07:24.399   865  1168 D MDP     : Buffer 454647: plane=1 bufVA={0x110,0x0,0x0} bufMVA={0x0,0x0,0x0} bufSize={0x9f6000,0x0,0x0} proxy={0xb40000761076d780,0x0,0x0}fence=-1
10-23 01:07:24.399   865  1168 D TRS     : DpAsyncBlit: out0: (1050, 2400, 4352, 0, C2s, P2), misc: (X:0, Y:0, R:90, F:0, S:0, A:0, D:0), sec0, flush 0 
10-23 01:07:24.399   865  1168 D TRS     : DpAsyncBlit: crop0: (0, 0, 2400, 1050, 0, 0, 0, 0)
10-23 01:07:24.402 12038 12038 I A       : onStop
10-23 01:07:24.402   977   977 I BufferQueueDebug: [(1-1)-Window{225ff8a alpha=1.0 fl=}#0](this:0xb4000071e0ddda40,id:-1,api:0,p:-1,c:977) onDestructor()
10-23 01:07:24.402 12038 14450 I BLASTBufferQueue: releaseBufferCallbackThunk bufferId:51702816310487 framenumber:3 blastBufferQueue is dead
10-23 01:07:24.402   977   977 D OplusLayer: ~Layer() sequence=247244, name=(1-1)-Window{225ff8a alpha=1.0 fl=}#0 0xb4000071e0ddb000
10-23 01:07:24.404  3262 12729 D OplusAtlas.OplusAtlasEventDispatch: setEvent:atlas_event_on_foreground_activities_changed info:pid:28429,uid:10103,hasForegroundActivities:0
10-23 01:07:24.404  3262  4302 D OplusAtlas.OplusAudioScene: callback success event:atlas_event_on_foreground_activities_changed eventInfo:pid:28429,uid:10103,hasForegroundActivities:0
10-23 01:07:24.404  3262  4478 D OplusAtlas.OplusMessageHandler: handleMessage: Msg { when=-1ms what=2 obj=com.oplus.atlas.OplusAtlasEvent@83b5e49 target=com.oplus.atlas.OplusMessageHandler$MyHandler }
10-23 01:07:24.409   865   963 I hwcomposer: [DBQ] (q2:0xb400007610752000) Reallocate Slot(2), pool(0 -> 0) size(0 -> 10368000) secure(0 -> 0)  
10-23 01:07:24.405  4786  5801 V DeepThinker: ProcessManager: onForegroundActivitiesChanged pid:28429, uid:10103, foregroundActivities:false
10-23 01:07:24.411   865   963 I hwcomposer: [DBQ] (q2:0xb400007610752000) Alloc Slot(2), handle=0xb40000761061a300 c=0 w=1080 h=2400 p=1088 ys=1088 vs=2400 f=2 sec=0 sh=0, usage=0x800  
10-23 01:07:24.412   865  1168 D TRS     : DpAsyncBlit: in: job (909297 235) (2400, 1080, 9600, 0, C2s, P2), sec0, flush 0 Buffer 454648: plane=1 bufVA={0xeb,0x0,0x0} bufMVA={0x0,0x0,0x0} bufSize={0x9e3400,0x0,0x0} proxy={0xb40000761076d840,0x0,0x0}fence=-1
10-23 01:07:24.412   865  1168 D TRS     : DpAsyncBlit: out0: (1053, 2400, 4352, 0, C2s, P2), misc: (X:0, Y:0, R:90, F:0, S:0, A:0, D:0), sec0, flush 0 Buffer 454648: plane=1 bufVA={0xf0,0x0,0x0} bufMVA={0x0,0x0,0x0} bufSize={0x9f6000,0x0,0x0} proxy={0xb40000761076d2c0,0x0,0x0}fence=-1
10-23 01:07:24.412   865  1168 D TRS     : DpAsyncBlit: crop0: (0, 0, 2400, 1053, 0, 0, 0, 0)
10-23 01:07:24.419   865  1168 D MDP     : Buffer 454648: plane=1 bufVA={0xeb,0x0,0x0} bufMVA={0x0,0x0,0x0} bufSize={0x9e3400,0x0,0x0} proxy={0xb40000761076d840,0x0,0x0}fence=-1
10-23 01:07:24.419  1866  1890 I ActivityTaskManager: Config changes=20000480 {1.0 ??mcc??mnc [en_US,en_GB] ldltr sw360dp w763dp h307dp 480dpi nrml long land night finger -keyb/v/h -nav/h winConfig={ mBounds=Rect(0, 0 - 2400, 1080) mAppBounds=Rect(110, 0 - 2400, 1032) mMaxBounds=Rect(0, 0 - 2400, 1080) mWindowingMode=fullscreen mDisplayWindowingMode=fullscreen mActivityType=undefined mAlwaysOnTop=undefined mRotation=ROTATION_90} s.42000 fontWeightAdjustment=0mThemeChanged= 0, mThemeChangedFlags= 0, mFlipFont= 0, mAccessibleChanged= -1, mUxIconConfig= 3468921665126662465, mMaterialColor= 40000, mUserId= 0, mFontUserId= 0, mFontVariationSettings= 226, mFoldingAngle = -1.0, mIconPackName= , mDarkModeBackgroundMaxL= 0.0, mDarkModeDialogBgMaxL= 27.0, mDarkModeForegroundMinL= 100.0, mOplusConfigType= 1, mOplusChangedConfigs= 0, OpSans= 0}
10-23 01:07:24.419   865  1168 D MDP     : Buffer 454649: plane=1 bufVA={0xe5,0x0,0x0} bufMVA={0x0,0x0,0x0} bufSize={0x9e3400,0x0,0x0} proxy={0xb40000761076d540,0x0,0x0}fence=-1
10-23 01:07:24.419   865  1168 D TRS     : DpAsyncBlit: in: job (909299 229) (2400, 1080, 9600, 0, C2s, P2), sec0, flush 0 
10-23 01:07:24.419   865  1168 D MDP     : Buffer 454648: plane=1 bufVA={0xf0,0x0,0x0} bufMVA={0x0,0x0,0x0} bufSize={0x9f6000,0x0,0x0} proxy={0xb40000761076d2c0,0x0,0x0}fence=-1
10-23 01:07:24.419   865  1168 D MDP     : Buffer 454649: plane=1 bufVA={0xdd,0x0,0x0} bufMVA={0x0,0x0,0x0} bufSize={0x9f6000,0x0,0x0} proxy={0xb40000761076d9c0,0x0,0x0}fence=254
10-23 01:07:24.419   865  1168 D TRS     : DpAsyncBlit: out0: (1056, 2400, 4352, 0, C2s, P2), misc: (X:0, Y:0, R:90, F:0, S:0, A:0, D:0), sec0, flush 0 
10-23 01:07:24.419   865  1168 D TRS     : DpAsyncBlit: crop0: (0, 0, 2400, 1056, 0, 0, 0, 0)
10-23 01:07:24.420   865  1167 W hwcomposer: [DRMDEV] paramIsSame(), id 64424, w 1080/1080, h 2400/2400, pitch 1088/1088, format 0x1/0x2, secure 0/0  
10-23 01:07:24.420 28429  5698 I BLASTBufferQueue: [ViewRootImpl[com.android.launcher/com.android.launcher.Launcher]#743] destructor()
10-23 01:07:24.421 28429  5698 I BufferQueueConsumer: [ViewRootImpl[com.android.launcher/com.android.launcher.Launcher]#743(BLAST Consumer)743](id:6f0d00000415,api:0,p:-1,c:28429) disconnect
10-23 01:07:24.427   865  1168 D MDP     : Buffer 454649: plane=1 bufVA={0xe5,0x0,0x0} bufMVA={0x0,0x0,0x0} bufSize={0x9e3400,0x0,0x0} proxy={0xb40000761076d540,0x0,0x0}fence=-1
10-23 01:07:24.427   865  1168 D MDP     : Buffer 454650: plane=1 bufVA={0xbb,0x0,0x0} bufMVA={0x0,0x0,0x0} bufSize={0x9e3400,0x0,0x0} proxy={0xb40000761076dd00,0x0,0x0}fence=-1
10-23 01:07:24.427   865  1168 D TRS     : DpAsyncBlit: in: job (909301 187) (2400, 1080, 9600, 0, C2s, P2), sec0, flush 0 
10-23 01:07:24.427   865  1168 D MDP     : Buffer 454649: plane=1 bufVA={0xdd,0x0,0x0} bufMVA={0x0,0x0,0x0} bufSize={0x9f6000,0x0,0x0} proxy={0xb40000761076d9c0,0x0,0x0}fence=254
10-23 01:07:24.427   865  1168 D MDP     : Buffer 454650: plane=1 bufVA={0x110,0x0,0x0} bufMVA={0x0,0x0,0x0} bufSize={0x9f6000,0x0,0x0} proxy={0xb40000761076dd40,0x0,0x0}fence=253
10-23 01:07:24.427   865  1168 D TRS     : DpAsyncBlit: out0: (1059, 2400, 4352, 0, C2s, P2), misc: (X:0, Y:0, R:90, F:0, S:0, A:0, D:0), sec0, flush 0 
10-23 01:07:24.427   865  1168 D TRS     : DpAsyncBlit: crop0: (0, 0, 2400, 1059, 0, 0, 0, 0)
10-23 01:07:24.429   977   977 I BufferQueueDebug: [com.android.launcher/com.android.launcher.Launcher#0](this:0xb4000071977b9a40,id:-1,api:0,p:-1,c:977) onDestructor()
10-23 01:07:24.429   977   977 D OplusLayer: ~Layer() sequence=247245, name=com.android.launcher/com.android.launcher.Launcher#0 0xb4000071977b7000
10-23 01:07:24.430  5880  5882 E IHansComunication: HANS printMessageBody: RCVed message body: type = 0, port = 86870, caller_pid = 1866, caller_uid = 1000, target_pid = 9080, target_uid = 10018, pkg_cmd = -1
10-23 01:07:24.433  1866  1890 I WindowManager: Override config changes=20000480 {1.0 ??mcc??mnc [en_US,en_GB] ldltr sw360dp w763dp h307dp 480dpi nrml long land night finger -keyb/v/h -nav/h winConfig={ mBounds=Rect(0, 0 - 2400, 1080) mAppBounds=Rect(110, 0 - 2400, 1032) mMaxBounds=Rect(0, 0 - 2400, 1080) mWindowingMode=fullscreen mDisplayWindowingMode=fullscreen mActivityType=undefined mAlwaysOnTop=undefined mRotation=ROTATION_90} s.42000 fontWeightAdjustment=0mThemeChanged= 0, mThemeChangedFlags= 0, mFlipFont= 0, mAccessibleChanged= -1, mUxIconConfig= 3468921665126662465, mMaterialColor= 40000, mUserId= 0, mFontUserId= 0, mFontVariationSettings= 226, mFoldingAngle = -1.0, mIconPackName= , mDarkModeBackgroundMaxL= 0.0, mDarkModeDialogBgMaxL= 27.0, mDarkModeForegroundMinL= 100.0, mOplusConfigType= 1, mOplusChangedConfigs= 0, OpSans= 0} for displayId=0
10-23 01:07:24.435 27924 28021 D EventInterceptManager: start updateInvalidRegion, regionKey: gesture, region_size: 1, disposable: false, isDelete: false, bundle == null: true
10-23 01:07:24.435  1866  2694 I OplusHansManager : unfreeze uid: 10018 in.swiggy.android pids: [9080] reason: AsyncBinder scene: LcdOn
10-23 01:07:24.436  1866  9668 D OplusAccidentallyManager: accidentPrevention >>> updateTouchPanelInfo: 0,1,0
10-23 01:07:24.436  1866  9668 D OplusAccidentallyManager: accidentPrevention >>> writeNarrowFlag: 6, 0, result = true
10-23 01:07:24.436  1866  9668 D OplusAccidentallyManager: accidentPrevention >>> writeNarrowFlag: 5, 1, result = true
10-23 01:07:24.436  1866  9668 D OplusAccidentallyManager: accidentPrevention >>> writeNarrowFlag: 7, 0, result = true
10-23 01:07:24.441  1866  1924 D OplusFeatureBrightnessBarController: mDarkLevel: 2
10-23 01:07:24.444   942   942 D OplusTouch: path = /proc/touchpanel1/oplus_tp_limit_whitelist,len = 256
10-23 01:07:24.447 28121 28121 D Application: SmartSideBar onConfigurationChanged start:screenWidthDp763
10-23 01:07:24.447 28121 28121 D Application: SmartSideBar onConfigurationChanged start:screenHeightDp307
10-23 01:07:24.452   865   963 E hwcomposer: [JOB] Buf recorder size too big 21  
10-23 01:07:24.452   865   963 E hwcomposer: [JOB] Buf recorder size too big 22  
10-23 01:07:24.452   865   963 E hwcomposer: [JOB] Buf recorder size too big 23  
10-23 01:07:24.452   865   963 E hwcomposer: [JOB] Buf recorder size too big 24  
10-23 01:07:24.454  1866  1902 D ColorTouchNodeManagerService: isTouchNodeSupport, nodeFlag: 6, dId:1, result:-1
10-23 01:07:24.454  1866  1902 E ColorTouchNodeManagerService: writeNodeFile failed, extradevice is not support touch node, extraDId:1
10-23 01:07:24.454   942   942 D OplusTouch: path = /proc/touchpanel1/oplus_tp_direction,len = 256
10-23 01:07:24.454 17153 17153 I Dtdi    : [LifecycleService] onConfigurationChanged called [CONTEXT service_id=312 ]
10-23 01:07:24.454  1866  1902 D ColorTouchNodeManagerService: isTouchNodeSupport, nodeFlag: 5, dId:1, result:-1
10-23 01:07:24.454  1866  1902 E ColorTouchNodeManagerService: writeNodeFile failed, extradevice is not support touch node, extraDId:1
10-23 01:07:24.454   942   942 D OplusTouch: path = /proc/touchpanel1/oplus_tp_limit_enable,len = 256
10-23 01:07:24.454  1866  1902 D ColorTouchNodeManagerService: isTouchNodeSupport, nodeFlag: 7, dId:1, result:-1
10-23 01:07:24.454  1866  1902 E ColorTouchNodeManagerService: writeNodeFile failed, extradevice is not support touch node, extraDId:1
10-23 01:07:24.454   942   942 D OplusTouch: deviceId = 0,nodeFlag = 6,data = 0,len = 1
10-23 01:07:24.454   942   942 D OplusTouch: path = /proc/touchpanel/oplus_tp_limit_whitelist,len = 256
10-23 01:07:24.455   942   942 D OplusTouch: write 1 bytes
10-23 01:07:24.455   942   942 D OplusTouch: deviceId = 0,nodeFlag = 5,data = 1,len = 1
10-23 01:07:24.455   942   942 D OplusTouch: path = /proc/touchpanel/oplus_tp_direction,len = 256
10-23 01:07:24.455   942   942 D OplusTouch: write 1 bytes
10-23 01:07:24.455   942   942 D OplusTouch: deviceId = 0,nodeFlag = 7,data = 0,len = 1
10-23 01:07:24.455   942   942 D OplusTouch: path = /proc/touchpanel/oplus_tp_limit_enable,len = 256
10-23 01:07:24.456  1866  2693 I OplusHansManager : uid=10018, pkg=in.swiggy.android, transition from Frozen to Middle, reason=AsyncBinder
10-23 01:07:24.456  1866  2693 I OplusHansManager : uid=10018, pkg=in.swiggy.android F exit(), reason=AsyncBinder
10-23 01:07:24.456  1866  2766 D OplusProxyWakeLock: remove uid: 10018 wiht all pids from wakelockUidInfo list
10-23 01:07:24.456  1866  2766 D OplusProxyWakeLock: restore uid :10018 wakelock: PARTIAL_WAKE_LOCK              '*job*' (uid=1000 pid=1866 ws=WorkSource{10018})
10-23 01:07:24.457  1866  2332 E OplusInputManagerService_jni: updateInvalidRegion start!!!
10-23 01:07:24.457  1866  2332 E InputDispatcherExtImpl: rectF left: 0.000000, top: 1014.000000, right: 2400.000000, bottom: 1080.000000
10-23 01:07:24.457  1866  2332 W InputDispatcherExtImpl: invalidRegions map setted, key: gesture
10-23 01:07:24.457  8359  8381 E ScopeDomain: ScopeDomain: 
10-23 01:07:24.457  8359  8381 E ScopeDomain: java.lang.NullPointerException: Attempt to read from field 'wb.b wb.a.b' on a null object reference in method 'java.lang.Object va.c.invoke(java.lang.Object, java.lang.Object)'
10-23 01:07:24.457  8359  8381 E ScopeDomain: 	at va.c.invoke(Unknown Source:5)
10-23 01:07:24.457  8359  8381 E ScopeDomain: 	at kotlin.coroutines.intrinsics.IntrinsicsKt__IntrinsicsJvmKt$createCoroutineUnintercepted$$inlined$createCoroutineFromSuspendFunction$IntrinsicsKt__IntrinsicsJvmKt$4.invokeSuspend(IntrinsicsJvm.kt:7)
10-23 01:07:24.457  8359  8381 E ScopeDomain: 	at kotlin.coroutines.jvm.internal.BaseContinuationImpl.resumeWith(ContinuationImpl.kt:4)
10-23 01:07:24.457  8359  8381 E ScopeDomain: 	at kotlinx.coroutines.DispatchedTask.run(DispatchedTask.kt:18)
10-23 01:07:24.457  8359  8381 E ScopeDomain: 	at kotlinx.coroutines.scheduling.CoroutineScheduler.runSafely(CoroutineScheduler.kt:1)
10-23 01:07:24.457  8359  8381 E ScopeDomain: 	at kotlinx.coroutines.scheduling.CoroutineScheduler$Worker.executeTask(CoroutineScheduler.kt:4)
10-23 01:07:24.457  8359  8381 E ScopeDomain: 	at kotlinx.coroutines.scheduling.CoroutineScheduler$Worker.runWorker(CoroutineScheduler.kt:4)
10-23 01:07:24.457  8359  8381 E ScopeDomain: 	at kotlinx.coroutines.scheduling.CoroutineScheduler$Worker.run(CoroutineScheduler.kt:1)
10-23 01:07:24.458  2698  2698 D PhoneUtils: replayUSSDDialog currentNightMode:true, sIsNightMode: false
10-23 01:07:24.461   865   963 E hwcomposer: [JOB] Buf recorder size too big 25  
10-23 01:07:24.461   865   963 E hwcomposer: [JOB] Buf recorder size too big 26  
10-23 01:07:24.463 28429  5698 I BLASTBufferQueue: releaseBufferCallbackThunk bufferId:122101625266158 framenumber:337 blastBufferQueue is dead
10-23 01:07:24.464   865  1168 W MDP     : DpTilePath: threadLoop 36ms, 0, 0, 35
10-23 01:07:24.465   865  1168 W TRS     : DpAsyncBlit: time 37 ms, type 1, pq 0:0:0:0
10-23 01:07:24.465   865  1168 W hwcomposer: [NOD] next_vsync_time < 0  
10-23 01:07:24.465   865  1168 D MDP     : Buffer 454650: plane=1 bufVA={0xbb,0x0,0x0} bufMVA={0x0,0x0,0x0} bufSize={0x9e3400,0x0,0x0} proxy={0xb40000761076dd00,0x0,0x0}fence=-1
10-23 01:07:24.465   865  1168 D MDP     : Buffer 454651: plane=1 bufVA={0x104,0x0,0x0} bufMVA={0x0,0x0,0x0} bufSize={0x9e3400,0x0,0x0} proxy={0xb40000761076dd80,0x0,0x0}fence=-1
10-23 01:07:24.465   865  1168 D TRS     : DpAsyncBlit: in: job (909303 260) (2400, 1080, 9600, 0, C2s, P2), sec0, flush 0 
10-23 01:07:24.465   865  1168 D MDP     : Buffer 454650: plane=1 bufVA={0x110,0x0,0x0} bufMVA={0x0,0x0,0x0} bufSize={0x9f6000,0x0,0x0} proxy={0xb40000761076dd40,0x0,0x0}fence=253
10-23 01:07:24.465   865  1168 D MDP     : Buffer 454651: plane=1 bufVA={0xf0,0x0,0x0} bufMVA={0x0,0x0,0x0} bufSize={0x9f6000,0x0,0x0} proxy={0xb40000761076d300,0x0,0x0}fence=68
10-23 01:07:24.465   865  1168 D TRS     : DpAsyncBlit: out0: (1061, 2400, 4352, 0, C2s, P2), misc: (X:0, Y:0, R:90, F:0, S:0, A:0, D:0), sec0, flush 0 
10-23 01:07:24.465   865  1168 D TRS     : DpAsyncBlit: crop0: (0, 0, 2400, 1061, 0, 0, 0, 0)
10-23 01:07:24.467  1866  1890 I OplusZoomWindowManagerService: onConfigurationChanged: rotation has been changed
10-23 01:07:24.467  1866  1890 D DragZoomAnimationStateRecorder: setCurrentAnimationState:0
10-23 01:07:24.468  1866  1890 I OplusZoomWindowManagerService: onConfigurationChanged: rotation has been changed
10-23 01:07:24.468  1866  1890 I OplusZoomWindowManagerService: onConfigurationChanged: rotation has been changed
10-23 01:07:24.468  1866  1890 I OplusZoomWindowManagerService: onConfigurationChanged: rotation has been changed
10-23 01:07:24.468  1866  1890 I OplusZoomWindowManagerService: onConfigurationChanged: rotation has been changed
10-23 01:07:24.468  1866  1890 I OplusZoomWindowManagerService: onConfigurationChanged: rotation has been changed
10-23 01:07:24.468  1866  1890 D OplusZoomWindowManagerService: onConfigurationChanged rotation not changed - prevRotation: 1
10-23 01:07:24.468  1866  1890 I OplusZoomWindowManagerService: onConfigurationChanged: rotation has been changed
10-23 01:07:24.469  1866  1890 I OplusZoomWindowManagerService: onConfigurationChanged: rotation has been changed
10-23 01:07:24.469  1866  1890 D OplusZoomWindowManagerService: onConfigurationChanged rotation not changed - prevRotation: 1
10-23 01:07:24.469  1866  1890 I OplusZoomWindowManagerService: onConfigurationChanged: rotation has been changed
10-23 01:07:24.470  1866  1890 D OplusCompactWindowManagerService: updateRotation setDeviceFolded oldRotation =:0 ,newRotation=:1 ,mFoldState =:-1 ,processTasks =:true ,DisplayId =:0 ,oritentationSource ActivityRecord{7fc25ea u0 com.naitan.pewpew/com.unity3d.player.UnityPlayerActivity t3185}
10-23 01:07:24.471  1866  1890 D OplusZoomWindowManagerService: onConfigurationChanged rotation not changed - prevRotation: 1
10-23 01:07:24.471  1866  1890 D OplusZoomWindowManagerService: onConfigurationChanged rotation not changed - prevRotation: 1
10-23 01:07:24.473   865  1168 W hwcomposer: [NOD] next_vsync_time < 0  
10-23 01:07:24.473   865  1168 D MDP     : Buffer 454651: plane=1 bufVA={0x104,0x0,0x0} bufMVA={0x0,0x0,0x0} bufSize={0x9e3400,0x0,0x0} proxy={0xb40000761076dd80,0x0,0x0}fence=-1
10-23 01:07:24.473   865  1168 D MDP     : Buffer 454652: plane=1 bufVA={0x4f,0x0,0x0} bufMVA={0x0,0x0,0x0} bufSize={0x9e3400,0x0,0x0} proxy={0xb40000761076d740,0x0,0x0}fence=-1
10-23 01:07:24.473   865  1168 D TRS     : DpAsyncBlit: in: job (909305 79) (2400, 1080, 9600, 0, C2s, P2), sec0, flush 0 
10-23 01:07:24.473   865  1168 D MDP     : Buffer 454651: plane=1 bufVA={0xf0,0x0,0x0} bufMVA={0x0,0x0,0x0} bufSize={0x9f6000,0x0,0x0} proxy={0xb40000761076d300,0x0,0x0}fence=68
10-23 01:07:24.473   865  1168 D MDP     : Buffer 454652: plane=1 bufVA={0xdd,0x0,0x0} bufMVA={0x0,0x0,0x0} bufSize={0x9f6000,0x0,0x0} proxy={0xb40000761076d500,0x0,0x0}fence=38
10-23 01:07:24.473   865  1168 D TRS     : DpAsyncBlit: out0: (1065, 2400, 4352, 0, C2s, P2), misc: (X:0, Y:0, R:90, F:0, S:0, A:0, D:0), sec0, flush 0 
10-23 01:07:24.473   865  1168 D TRS     : DpAsyncBlit: crop0: (0, 0, 2400, 1065, 0, 0, 0, 0)
10-23 01:07:24.480 14556 14556 W fbservices:InitStatus: Not blocking Service (255836709)
10-23 01:07:24.480   942   942 D OplusTouch: write 1 bytes
10-23 01:07:24.483 27924 27924 D NoBackGesture: Update display size: mDisplaySize=Point(2400, 1080)
10-23 01:07:24.485 28121 28121 D SurfaceConfigurationUtil: SmartSideBar resetDisplayDensity width: 1080 height: 2400 des 480
10-23 01:07:24.485 28121 28121 D Application: SmartSideBar resetScreenDpiAndDensity start
10-23 01:07:24.486 27924 27924 D SysUiState: SysUiState changed: old=2 new=2
10-23 01:07:24.486   865  1168 W hwcomposer: [NOD] next_vsync_time < 0  
10-23 01:07:24.486   865  1168 D MDP     : Buffer 454652: plane=1 bufVA={0x4f,0x0,0x0} bufMVA={0x0,0x0,0x0} bufSize={0x9e3400,0x0,0x0} proxy={0xb40000761076d740,0x0,0x0}fence=-1
10-23 01:07:24.487   865  1168 D MDP     : Buffer 454653: plane=1 bufVA={0x60,0x0,0x0} bufMVA={0x0,0x0,0x0} bufSize={0x9e3400,0x0,0x0} proxy={0xb40000761076d600,0x0,0x0}fence=-1
10-23 01:07:24.487   865  1168 D TRS     : DpAsyncBlit: in: job (909307 96) (2400, 1080, 9600, 0, C2s, P2), sec0, flush 0 
10-23 01:07:24.487   865  1168 D MDP     : Buffer 454652: plane=1 bufVA={0xdd,0x0,0x0} bufMVA={0x0,0x0,0x0} bufSize={0x9f6000,0x0,0x0} proxy={0xb40000761076d500,0x0,0x0}fence=38
10-23 01:07:24.487   865  1168 D MDP     : Buffer 454653: plane=1 bufVA={0x110,0x0,0x0} bufMVA={0x0,0x0,0x0} bufSize={0x9f6000,0x0,0x0} proxy={0xb40000761076d680,0x0,0x0}fence=43
10-23 01:07:24.487   865  1168 D TRS     : DpAsyncBlit: out0: (1067, 2400, 4352, 0, C2s, P2), misc: (X:0, Y:0, R:90, F:0, S:0, A:0, D:0), sec0, flush 0 
10-23 01:07:24.487   865  1168 D TRS     : DpAsyncBlit: crop0: (0, 0, 2400, 1067, 0, 0, 0, 0)
10-23 01:07:24.489 28121 28121 W libc    : Access denied finding property "qemu.hw.mainkeys"
10-23 01:07:24.490  1866  1890 I InputManager-JNI: Viewport [0] to add: local:0, isActive: true
10-23 01:07:24.492 28121 28121 D Application: SmartSideBar resetScreenDpiAndDensity end
10-23 01:07:24.493 28121 28121 D SurfaceConfigurationUtil: smartsidebar resetRotationAndFoldState
10-23 01:07:24.493 28121 28121 D Application: SmartSideBar onConfigurationChanged end :screenWidthDp800
10-23 01:07:24.493 28121 28121 D Application: SmartSideBar onConfigurationChanged end :screenHeightDp308
10-23 01:07:24.494 28121 28121 W SmartSidebar.FloatBarMainView: ShowState: 2 mFloatBar: 0 MainView: 0
10-23 01:07:24.494   865  1168 W hwcomposer: [NOD] next_vsync_time < 0  
10-23 01:07:24.494   865  1168 D MDP     : Buffer 454652: plane=1 bufVA={0x4f,0x0,0x0} bufMVA={0x0,0x0,0x0} bufSize={0x9e3400,0x0,0x0} proxy={0xb40000761076d740,0x0,0x0}fence=-1
10-23 01:07:24.494   865  1168 D MDP     : Buffer 454653: plane=1 bufVA={0x60,0x0,0x0} bufMVA={0x0,0x0,0x0} bufSize={0x9e3400,0x0,0x0} proxy={0xb40000761076d600,0x0,0x0}fence=-1
10-23 01:07:24.494   865  1168 D MDP     : Buffer 454654: plane=1 bufVA={0x49,0x0,0x0} bufMVA={0x0,0x0,0x0} bufSize={0x9e3400,0x0,0x0} proxy={0xb40000761076d2c0,0x0,0x0}fence=-1
10-23 01:07:24.494   865  1168 D TRS     : DpAsyncBlit: in: job (909309 73) (2400, 1080, 9600, 0, C2s, P2), sec0, flush 0 
10-23 01:07:24.494   865  1168 D MDP     : Buffer 454652: plane=1 bufVA={0xdd,0x0,0x0} bufMVA={0x0,0x0,0x0} bufSize={0x9f6000,0x0,0x0} proxy={0xb40000761076d500,0x0,0x0}fence=38
10-23 01:07:24.494   865  1168 D MDP     : Buffer 454653: plane=1 bufVA={0x110,0x0,0x0} bufMVA={0x0,0x0,0x0} bufSize={0x9f6000,0x0,0x0} proxy={0xb40000761076d680,0x0,0x0}fence=43
10-23 01:07:24.494   865  1168 D MDP     : Buffer 454654: plane=1 bufVA={0xf0,0x0,0x0} bufMVA={0x0,0x0,0x0} bufSize={0x9f6000,0x0,0x0} proxy={0xb40000761076d480,0x0,0x0}fence=66
10-23 01:07:24.494   865  1168 D TRS     : DpAsyncBlit: out0: (1073, 2400, 4352, 0, C2s, P2), misc: (X:0, Y:0, R:90, F:0, S:0, A:0, D:0), sec0, flush 0 
10-23 01:07:24.494   865  1168 D TRS     : DpAsyncBlit: crop0: (0, 0, 2400, 1073, 0, 0, 0, 0)
10-23 01:07:24.494 28121 28121 W SmartSidebar.FloatBarMainView: ShowState: 2 mFloatBar: 0 MainView: 4
10-23 01:07:24.495  1866  1890 D DisplayManagerService: Delivering display event: displayId=0, event=2
10-23 01:07:24.496  1866  2031 I InputReader: Reconfiguring input devices, changes=DISPLAY_INFO | 
10-23 01:07:24.496  1866  2031 I InputReader: Device reconfigured: id=3, name='touchpanel', size 1080x2400, orientation 1, mode 1, display id 0
10-23 01:07:24.496  1866  1866 I WallpaperManagerServiceExt: removeDisplayData. displayId = 0
10-23 01:07:24.502 27924 28029 D OplusPrivacyDotViewController: setPreDrawWhenOriation: true
10-23 01:07:24.502 19216 19216 D OMG_Observer: mScreenWidthDisplay = 2400, mScreenHeightDisplay = 1080abnormal, mRotation = 1, mOrient = 2
10-23 01:07:24.502 27924 28029 D OplusPrivacyDotViewController: scheduleUpdate: 
10-23 01:07:24.502 27924 28029 D ScreenDecorations: updateOrientation mRotation:0 newRotation:1 mRtl:false newRtl:false newLayoutDirection:0 mLayoutDirection0 mPendingRotationChange:false
10-23 01:07:24.502 27924 28029 D OplusPrivacyDotViewController: setNewRotation: false 1 forceUpdate:false
10-23 01:07:24.502 27924 28029 D OplusPrivacyDotViewController: selectDesignatedCorner: 1 isRtl:false
10-23 01:07:24.502 27924 28029 D OplusPrivacyDotViewController: scheduleUpdate: 
10-23 01:07:24.503 27924 28029 D OplusPrivacyDotViewController: processNextViewState: 
10-23 01:07:24.503 27924 28029 D OplusPrivacyDotViewController: resolveState ViewState(systemPrivacyEventIsActive=false, shadeExpanded=false, qsExpanded=false, rtl=false, rotation=1, height=12, x=64, y=63, cornerIndex=1, designatedCorner=android.widget.FrameLayout{8e8ded3 G.E...... ......ID 0,0-12,12 #7f0b03f6 app:id/icons_container}, contentDescription=null, chipAnimationStart=false, preDraw=true) shouldShowDot false
10-23 01:07:24.503 27924 28029 D OplusPrivacyDotViewController: callOrmsSetSceneAction myPid:27924 Tid:28029 value:129
10-23 01:07:24.503 18175 18175 D CompatUtil: isNeedUseSysApi 31
10-23 01:07:24.503 18175 18175 D CompatUtil: isNeedUseSysApi 31
10-23 01:07:24.503 18175 18175 W libc    : Access denied finding property "qemu.sf.lcd_density"
10-23 01:07:24.503 18175 18175 D CompatUtil: isNeedUseSysApi 31
10-23 01:07:24.511  3817  3817 I AudioEffect: getParameter: param: 2, param2: -1
10-23 01:07:24.511  2589 21949 D NetworkMonitor/166: Sim state is ready, return original context.
10-23 01:07:24.511  2589  9069 D NetworkMonitor/200: Sim state is ready, return original context.
10-23 01:07:24.512   856  2099 I EffectsFactory: Effect_Command(): self = 0xef736f20, cmdCode = 8
10-23 01:07:24.512 27924 28019 I BufferQueueProducer: [ViewRootImpl[Splash Screen com.naitan.pewpew]#4328(BLAST Consumer)4328](id:6d14000010e8,api:1,p:27924,c:27924) disconnect: api 1
10-23 01:07:24.512  3817  3817 I AudioEffect: getParameter: param: 4, param2: -1
10-23 01:07:24.513   856  2099 I EffectsFactory: Effect_Command(): self = 0xef736f20, cmdCode = 8
10-23 01:07:24.513   904   904 I DMSService: getSelectedTuningDevice called with port=0.
10-23 01:07:24.514 12017 12017 I WeatherS_WeatherServiceVersionUtils: serviceVersionCode14006006
10-23 01:07:24.514 12017 12017 I WeatherS_WeatherServiceVersionUtils: serviceVersionCode14006006
10-23 01:07:24.514 12017 12017 I WeatherS_WeatherServiceVersionUtils: serviceVersionCode14006006
10-23 01:07:24.515 28121 28198 I BufferQueueProducer: [ViewRootImpl[OplusOSEdgeFloatBar]#248(BLAST Consumer)248](id:6dd9000000f8,api:1,p:28121,c:28121) disconnect: api 1
10-23 01:07:24.516 28121 28198 E BLASTBufferQueue: BLASTBufferItemConsumer::onDisconnect()
10-23 01:07:24.516 27924 28019 E BLASTBufferQueue: BLASTBufferItemConsumer::onDisconnect()
10-23 01:07:24.517 27924 28019 I BufferQueueProducer: [ViewRootImpl[Splash Screen com.naitan.pewpew]#4328(BLAST Consumer)4328](id:6d14000010e8,api:1,p:27924,c:27924) connect: api=1 producerControlledByApp=true
10-23 01:07:24.518 12017 12017 I WeatherS_WeatherServiceVersionUtils: serviceVersionCode14006006
10-23 01:07:24.519  8660  8660 I AppBase : AppBase.onConfigurationChanged():444 onConfigurationChanged() : NewConfig = {1.0 ??mcc??mnc [en_US,en_GB] ldltr sw360dp w763dp h307dp 480dpi nrml long land night finger -keyb/v/h -nav/h winConfig={ mBounds=Rect(0, 0 - 2400, 1080) mAppBounds=Rect(110, 0 - 2400, 1032) mMaxBounds=Rect(0, 0 - 2400, 1080) mWindowingMode=fullscreen mDisplayWindowingMode=fullscreen mActivityType=undefined mAlwaysOnTop=undefined mRotation=ROTATION_90} s.42089 fontWeightAdjustment=0mThemeChanged= 0, mThemeChangedFlags= 0, mFlipFont= 0, mAccessibleChanged= -1, mUxIconConfig= 3468921665126662465, mMaterialColor= 40000, mUserId= 0, mFontUserId= 0, mFontVariationSettings= 226, mFoldingAngle = -1.0, mIconPackName= , mDarkModeBackgroundMaxL= 0.0, mDarkModeDialogBgMaxL= 27.0, mDarkModeForegroundMinL= 100.0, mOplusConfigType= 1, mOplusChangedConfigs= 0, OpSans= 0}
10-23 01:07:24.519  8660  8660 W GoogleInputMethodService: GoogleInputMethodService.onConfigurationChanged():1562 onConfigurationChanged() : NewConfig = {1.0 ??mcc??mnc [en_US,en_GB] ldltr sw360dp w763dp h307dp 480dpi nrml long land night finger -keyb/v/h -nav/h winConfig={ mBounds=Rect(0, 0 - 2400, 1080) mAppBounds=Rect(110, 0 - 2400, 1032) mMaxBounds=Rect(0, 0 - 2400, 1080) mWindowingMode=fullscreen mDisplayWindowingMode=fullscreen mActivityType=undefined mAlwaysOnTop=undefined mRotation=ROTATION_90} s.42089 fontWeightAdjustment=0mThemeChanged= 0, mThemeChangedFlags= 0, mFlipFont= 0, mAccessibleChanged= -1, mUxIconConfig= 3468921665126662465, mMaterialColor= 40000, mUserId= 0, mFontUserId= 0, mFontVariationSettings= 226, mFoldingAngle = -1.0, mIconPackName= , mDarkModeBackgroundMaxL= 0.0, mDarkModeDialogBgMaxL= 27.0, mDarkModeForegroundMinL= 100.0, mOplusConfigType= 1, mOplusChangedConfigs= 0, OpSans= 0}
10-23 01:07:24.519  8660  8660 I GoogleInputMethodService: GoogleInputMethodService.onConfigurationChanged():1563 device real metrics: DisplayMetrics{density=3.0, width=2400, height=1080, scaledDensity=3.0, xdpi=397.565, ydpi=406.4}
10-23 01:07:24.520  8660  8660 I GoogleInputMethodService: GoogleInputMethodService.onConfigurationChanged():1573 Maybe update OEM display config because of configuration change
10-23 01:07:24.520  8660  8660 I InputMethodEntryManager: InputMethodEntryManager.notifyCurrentInputMethodEntryOnContextChanged():544 notifyCurrentInputMethodEntryOnContextChanged()
10-23 01:07:24.520  8660  8660 I InputMethodEntryManager: InputMethodEntryManager.notifyCurrentInputMethodEntryOnContextChanged():565 Notify current input method entry changed on context change
10-23 01:07:24.522   977   977 D Layer   : reparent to null sequence=247257, seq[4], name=OplusOSEdgeFloatBar#0
10-23 01:07:24.526 27924 27924 D NoBackGesture: Config changed: config={1.0 ??mcc??mnc [en_US,en_GB] ldltr sw360dp w763dp h307dp 480dpi nrml long land night finger -keyb/v/h -nav/h winConfig={ mBounds=Rect(0, 0 - 2400, 1080) mAppBounds=Rect(110, 0 - 2400, 1032) mMaxBounds=Rect(0, 0 - 2400, 1080) mWindowingMode=fullscreen mDisplayWindowingMode=fullscreen mActivityType=undefined mAlwaysOnTop=undefined mRotation=ROTATION_90} s.42006 fontWeightAdjustment=0mThemeChanged= 0, mThemeChangedFlags= 0, mFlipFont= 0, mAccessibleChanged= -1, mUxIconConfig= 3468921665126662465, mMaterialColor= 40000, mUserId= 0, mFontUserId= 0, mFontVariationSettings= 226, mFoldingAngle = -1.0, mIconPackName= , mDarkModeBackgroundMaxL= 0.0, mDarkModeDialogBgMaxL= 27.0, mDarkModeForegroundMinL= 100.0, mOplusConfigType= 1, mOplusChangedConfigs= 0, OpSans= 0}
10-23 01:07:24.526 28121 28121 I BLASTBufferQueue: [ViewRootImpl[OplusOSEdgeFloatBar]#248] destructor()
10-23 01:07:24.526 28121 28121 I BufferQueueConsumer: [ViewRootImpl[OplusOSEdgeFloatBar]#248(BLAST Consumer)248](id:6dd9000000f8,api:0,p:-1,c:28121) disconnect
10-23 01:07:24.527 27924 27924 D NoBackGesture: Update display size: mDisplaySize=Point(2400, 1080)
10-23 01:07:24.527 28429 28429 D IconConfigParser: parseConfig::icon config =: IconConfig = [ isForeign : true,theme : 4,iconSize : 5000,iconShape : 0,foregroundSize : 5600,artPlusOn : 1,iconRadius ：36,darkModeIcon:1,localSpecial:false ]
10-23 01:07:24.527   865  1168 W MDP     : DpTilePath: threadLoop 32ms, 0, 0, 30
10-23 01:07:24.527   865  1168 W TRS     : DpAsyncBlit: time 33 ms, type 1, pq 0:0:0:0
10-23 01:07:24.527   865  1168 W hwcomposer: [NOD] next_vsync_time < 0  
10-23 01:07:24.527   865  1168 D MDP     : Buffer 454654: plane=1 bufVA={0x49,0x0,0x0} bufMVA={0x0,0x0,0x0} bufSize={0x9e3400,0x0,0x0} proxy={0xb40000761076d2c0,0x0,0x0}fence=-1
10-23 01:07:24.527   865  1168 D MDP     : Buffer 454655: plane=1 bufVA={0x58,0x0,0x0} bufMVA={0x0,0x0,0x0} bufSize={0x9e3400,0x0,0x0} proxy={0xb40000761076d780,0x0,0x0}fence=-1
10-23 01:07:24.527   865  1168 D TRS     : DpAsyncBlit: in: job (909311 88) (2400, 1080, 9600, 0, C2s, P2), sec0, flush 0 
10-23 01:07:24.527   865  1168 D MDP     : Buffer 454654: plane=1 bufVA={0xf0,0x0,0x0} bufMVA={0x0,0x0,0x0} bufSize={0x9f6000,0x0,0x0} proxy={0xb40000761076d480,0x0,0x0}fence=66
10-23 01:07:24.527   865  1168 D MDP     : Buffer 454655: plane=1 bufVA={0xdd,0x0,0x0} bufMVA={0x0,0x0,0x0} bufSize={0x9f6000,0x0,0x0} proxy={0xb40000761076d800,0x0,0x0}fence=29
10-23 01:07:24.527   865  1168 D TRS     : DpAsyncBlit: out0: (1074, 2400, 4352, 0, C2s, P2), misc: (X:0, Y:0, R:90, F:0, S:0, A:0, D:0), sec0, flush 0 
10-23 01:07:24.528   865  1168 D TRS     : DpAsyncBlit: crop0: (0, 0, 2400, 1074, 0, 0, 0, 0)
10-23 01:07:24.531   977   977 I BufferQueueDebug: [OplusOSEdgeFloatBar#0](this:0xb4000071976afa40,id:-1,api:0,p:-1,c:977) onDestructor()
10-23 01:07:24.531 28121 17417 I BLASTBufferQueue: releaseBufferCallbackThunk bufferId:120778775333118 framenumber:76 blastBufferQueue is dead
10-23 01:07:24.531   977   977 D OplusLayer: ~Layer() sequence=247257, name=OplusOSEdgeFloatBar#0 0xb4000071976ad000
10-23 01:07:24.535   865  1168 W hwcomposer: [NOD] next_vsync_time < 0  
10-23 01:07:24.535   865  1168 D MDP     : Buffer 454655: plane=1 bufVA={0x58,0x0,0x0} bufMVA={0x0,0x0,0x0} bufSize={0x9e3400,0x0,0x0} proxy={0xb40000761076d780,0x0,0x0}fence=-1
10-23 01:07:24.535   865  1168 D MDP     : Buffer 454656: plane=1 bufVA={0x66,0x0,0x0} bufMVA={0x0,0x0,0x0} bufSize={0x9e3400,0x0,0x0} proxy={0xb40000761076d300,0x0,0x0}fence=-1
10-23 01:07:24.535   865  1168 D TRS     : DpAsyncBlit: in: job (909313 102) (2400, 1080, 9600, 0, C2s, P2), sec0, flush 0 
10-23 01:07:24.535   865  1168 D MDP     : Buffer 454655: plane=1 bufVA={0xdd,0x0,0x0} bufMVA={0x0,0x0,0x0} bufSize={0x9f6000,0x0,0x0} proxy={0xb40000761076d800,0x0,0x0}fence=29
10-23 01:07:24.535   865  1168 D MDP     : Buffer 454656: plane=1 bufVA={0x110,0x0,0x0} bufMVA={0x0,0x0,0x0} bufSize={0x9f6000,0x0,0x0} proxy={0xb40000761076d540,0x0,0x0}fence=69
10-23 01:07:24.535   865  1168 D TRS     : DpAsyncBlit: out0: (1075, 2400, 4352, 0, C2s, P2), misc: (X:0, Y:0, R:90, F:0, S:0, A:0, D:0), sec0, flush 0 
