10-23 01:07:40.255  1866  3664 D CompactWindowManagerService:  callers:com.android.server.wm.DisplayContentExtImpl.shouldExitFixedRotation:548 com.android.server.wm.DisplayContent.handleTopActivityLaunchingInDifferentOrientation:1696 com.android.server.wm.DisplayContent.updateOrientation:1609 com.android.server.wm.DisplayContent.updateOrientation:1512 com.android.server.wm.DisplayContent.applySurfaceChangesTransaction:4628 com.android.server.wm.RootWindowContainer.applySurfaceChangesTransaction:1125 com.android.server.wm.RootWindowContainer.performSurfacePlacementNoTrace:871 com.android.server.wm.RootWindowContainer.performSurfacePlacement:824 com.android.server.wm.WindowSurfacePlacer.performSurfacePlacementLoop:177 com.android.server.wm.WindowSurfacePlacer.performSurfacePlacement:126 com.android.server.wm.WindowManagerService.relayoutWindow:2546 com.android.server.wm.Session.relayout:247 android.view.IWindowSession$Stub.onTransact:735 com.android.server.wm.Session.onTransact:177 android.os.Binder.execTransactInternal:1221 android.os.Binder.execTransact:1163 <bottom of call stack> <bottom of call stack> <bottom of call stack> <bottom of call stack> 
10-23 01:07:40.256  1866  3664 I WindowStateExtImpl: onSurfaceShowChange show = true mPackageName = com.android.launcher parentPkgName = com.android.launcher
10-23 01:07:40.257  1866  3664 D CompactWindowManagerService: shouldExitFixedRotation r = ActivityRecord{817d28 u0 com.android.launcher/.Launcher t2680};getRequestedOrientation = 5; isVisible = true; Diff rotation = 0; rotation = 1; displaycontent.orientation = 2; mOpeningApps = {}; 
10-23 01:07:40.257  1866  3664 D CompactWindowManagerService:  callers:com.android.server.wm.DisplayContentExtImpl.shouldExitFixedRotation:548 com.android.server.wm.DisplayContent.handleTopActivityLaunchingInDifferentOrientation:1696 com.android.server.wm.DisplayContent.updateOrientation:1609 com.android.server.wm.DisplayContent.updateOrientation:1512 com.android.server.wm.WindowManagerService.relayoutWindow:2635 com.android.server.wm.Session.relayout:247 android.view.IWindowSession$Stub.onTransact:735 com.android.server.wm.Session.onTransact:177 android.os.Binder.execTransactInternal:1221 android.os.Binder.execTransact:1163 <bottom of call stack> <bottom of call stack> <bottom of call stack> <bottom of call stack> <bottom of call stack> <bottom of call stack> <bottom of call stack> <bottom of call stack> <bottom of call stack> <bottom of call stack> 
10-23 01:07:40.259  1866  3664 D OplusWindowManagerServiceTransactionHelper: setInsetAnimationTid: pid 28429 tid 12053 enable false
10-23 01:07:40.259 28429 28486 I BufferQueueProducer: [ViewRootImpl[com.android.launcher/com.android.launcher.Launcher]#744(BLAST Consumer)744](id:6f0d00000416,api:1,p:28429,c:28429) disconnect: api 1
10-23 01:07:40.260 28429 28486 E BLASTBufferQueue: BLASTBufferItemConsumer::onDisconnect()
10-23 01:07:40.260 28429 28486 I BufferQueueProducer: [ViewRootImpl[com.android.launcher/com.android.launcher.Launcher]#744(BLAST Consumer)744](id:6f0d00000416,api:1,p:28429,c:28429) connect: api=1 producerControlledByApp=true
10-23 01:07:40.262  4512  4533 W OplusExSystemServiceHelper: checkOplusExSystemService intent getComponent is null
10-23 01:07:40.263  1866  2332 I FocusResolver: updateFocusedWindow, 682fbad com.android.launcher/com.android.launcher.Launcher on display 0, reason: Window became focusable. Previous reason: NOT_VISIBLE, result:   FocusedWindows:
10-23 01:07:40.263  1866  2332 I FocusResolver:     displayId=0, name='682fbad com.android.launcher/com.android.launcher.Launcher'
10-23 01:07:40.264 12017 12017 I WeatherS_WeatherBaseDataTask: Service has not started, bind update Service.
10-23 01:07:40.264 12017 12017 I WeatherS_WeatherServiceManager: bindUpdateService false
10-23 01:07:40.264  1866  3640 D CompactWindowManagerService: shouldExitFixedRotation r = ActivityRecord{817d28 u0 com.android.launcher/.Launcher t2680};getRequestedOrientation = 5; isVisible = true; Diff rotation = 0; rotation = 1; displaycontent.orientation = 2; mOpeningApps = {}; 
10-23 01:07:40.264  1866  3640 D CompactWindowManagerService:  callers:com.android.server.wm.DisplayContentExtImpl.shouldExitFixedRotation:548 com.android.server.wm.DisplayContent.handleTopActivityLaunchingInDifferentOrientation:1696 com.android.server.wm.DisplayContent.updateOrientation:1609 com.android.server.wm.DisplayContent.updateOrientation:1512 com.android.server.wm.WindowManagerService.relayoutWindow:2635 com.android.server.wm.Session.relayout:247 android.view.IWindowSession$Stub.onTransact:735 com.android.server.wm.Session.onTransact:177 android.os.Binder.execTransactInternal:1226 android.os.Binder.execTransact:1163 <bottom of call stack> <bottom of call stack> <bottom of call stack> <bottom of call stack> <bottom of call stack> <bottom of call stack> <bottom of call stack> <bottom of call stack> <bottom of call stack> <bottom of call stack> 
10-23 01:07:40.265  1866  2074 I OplusWifiSarManager: Received action: android.media.ACTION_AUDIO_DEVICE_ROUTE_CHANGED
10-23 01:07:40.265  1866  2074 I OplusWifiSarManager: onAudioDeviceRouteStateChanged: 0
10-23 01:07:40.265  1866  2074 I OplusWifiSarManager: mWifiConnected: true mWifiState: true
10-23 01:07:40.266  1866  2074 D OplusWifiSarManager: set wifi_dbs_enable to false
10-23 01:07:40.266 27924 27924 D OplusWallpaperServiceHelper: isNightMode is true
10-23 01:07:40.266  1866  2074 D OplusWifiSarManager: wifiBand mWifi2gState:false mWifi5gState: true mWifi5gBand:WIFI_5G_BAND1
10-23 01:07:40.266  1866  2074 I OplusWifiSarManager: project: 20686, country: IN
10-23 01:07:40.266  1866  2074 I OplusWifiSarManager: sensor state: earpiece: 0, sensor: null, isScreenOn: true
10-23 01:07:40.266  1866  2074 I OplusWifiSarManager: modem state: mCellOn: false mDataOn: false mData5gOn: false
10-23 01:07:40.266  1866  2074 I OplusWifiSarManager: wifi state: mWifiConnected: true mWifiSapEnabled: false mWifiP2pConnected: false mWifi2gState: false mWifi5gState: true mWifi5gBand: WIFI_5G_BAND1 mIsBluetoothTxOn: false
10-23 01:07:40.266 27924 27924 I OplusWallpaperServiceHelper: getDarkModeWallpaperWindowAlpha. nightMode = true
10-23 01:07:40.266  1866  2074 I OplusWifiSarManager: wifisar engineerMode state: enable: false, Regdomain: , modemWorkType(2:4G, 3:5G): -1, sensorWorkType: -1, wifiChannel2.4G: -1, wifiChannel5G: -1 foldstatus(1=unfold，0=fold):0, bt work type: -1, hotspot work type: -1
10-23 01:07:40.266  1866  2074 I OplusWifiSarManager: not support wsa
10-23 01:07:40.266  1866  2074 I OplusWifiSarManager: no change: stateindex: 10000000001000000 isWifi2g: false wifiBand5g: WIFI_5G_BAND1
10-23 01:07:40.267  3262  4304 D AudioManagerExtImpl: getStreamVolume packageName=com.oplus.atlas, index=4, streamType=3
10-23 01:07:40.268 28429 28448 E ActivityThread: Failed to find provider info for content://com.nearme.instant.setting/notification
10-23 01:07:40.269  1866  2336 D CompactWindowManagerService: shouldExitFixedRotation r = ActivityRecord{817d28 u0 com.android.launcher/.Launcher t2680};getRequestedOrientation = 5; isVisible = true; Diff rotation = 0; rotation = 1; displaycontent.orientation = 2; mOpeningApps = {}; 
10-23 01:07:40.269  1866  2336 D CompactWindowManagerService:  callers:com.android.server.wm.DisplayContentExtImpl.shouldExitFixedRotation:548 com.android.server.wm.DisplayContent.handleTopActivityLaunchingInDifferentOrientation:1696 com.android.server.wm.DisplayContent.updateOrientation:1609 com.android.server.wm.DisplayContent.updateOrientation:1512 com.android.server.wm.WindowManagerService.relayoutWindow:2635 com.android.server.wm.Session.relayout:247 android.view.IWindowSession$Stub.onTransact:735 com.android.server.wm.Session.onTransact:177 android.os.Binder.execTransactInternal:1226 android.os.Binder.execTransact:1163 <bottom of call stack> <bottom of call stack> <bottom of call stack> <bottom of call stack> <bottom of call stack> <bottom of call stack> <bottom of call stack> <bottom of call stack> <bottom of call stack> <bottom of call stack> 
10-23 01:07:40.270  3262  4304 D OplusAtlasFeedback: uploadMMCollectData MM_FB_EventID#20002#StreamType#3#SampleRate#48000#PackageName#com.naitan.pewpew#StartTime#2024/10/23 01:07:24#TotalTime#15528#PlaySession#46049#PlayPid#9323#UsingDevice#2#StreamVolume#4#AppName#pewpew#StopTime#2024/10/23 01:07:40#AudioID#109edb871465
10-23 01:07:40.272  1866  1890 D DisplayManagerService: Delivering display event: displayId=0, event=4
10-23 01:07:40.272 28429 28429 D TouchInteractionService: Stopping tracing. Dumping to file=/data/user_de/0/com.android.launcher/files/launcher_trace.pb
10-23 01:07:40.273  1866  1890 D DisplayManagerService: Delivering display event: displayId=0, event=4
10-23 01:07:40.273  1866  1890 D TaskChangeNotificationControllerExtImpl: Skip pass Snapshot to listener:android.app.ITaskStackListener$Stub$Proxy@1afe19f
10-23 01:07:40.273 28429 28429 D TouchInteractionService: Stopping tracing. Dumping to file=/data/user_de/0/com.android.launcher/files/launcher_trace.pb
10-23 01:07:40.275  1866  2197 D OplusBrightUtils: ---> setBrightnessNoAnimation false
10-23 01:07:40.276  1866  2197 D LightsServiceExtImpl: baseSetLightLocked end.
10-23 01:07:40.276  1866  2197 D OplusFeatureDCBacklight: notifySfRepaintEverything begin mCurrentDCMode:-1
10-23 01:07:40.277 12017 12017 I WeatherS_WeatherServiceManager: onServiceConnected
10-23 01:07:40.278 28429 28429 I Quality : Skipped: false 6 cost 54.57725 refreshRate 0 processName com.android.launcher
10-23 01:07:40.279  1237  1327 I AALCust : Backlight Bits: 12bit
10-23 01:07:40.279  1237  1327 D AAL     : onBacklightChanged: 68/1023 -> 67/1023(phy:67/4095)
10-23 01:07:40.279  1237  1327 D AAL     : LABC: LABC after setTarget isSmoothBacklight=0 
10-23 01:07:40.278 12017 12017 I WeatherS_WeatherServiceManager: onServiceConnected
10-23 01:07:40.279 12017 12190 I WeatherS_WeatherBaseDataTask: executeRequest getResidentSecureSettingsData
10-23 01:07:40.281 12017 12139 I WeatherS_WeatherBaseDataTask: executeRequest getLocationCityDataAndUpdateWeatherInfoIfNeeded
10-23 01:07:40.281  1866  1924 D OplusDisplayPowerControllerExtImpl: original brightness to dataBase:59 final brightness:26.0 scale:0.4456848 reason:4 darkLevel:2
10-23 01:07:40.281  1866  2336 D CompactWindowManagerService: shouldExitFixedRotation r = ActivityRecord{817d28 u0 com.android.launcher/.Launcher t2680};getRequestedOrientation = 5; isVisible = true; Diff rotation = 0; rotation = 1; displaycontent.orientation = 2; mOpeningApps = {}; 
10-23 01:07:40.281  1866  2336 D CompactWindowManagerService:  callers:com.android.server.wm.DisplayContentExtImpl.shouldExitFixedRotation:548 com.android.server.wm.DisplayContent.handleTopActivityLaunchingInDifferentOrientation:1696 com.android.server.wm.DisplayContent.updateOrientation:1609 com.android.server.wm.DisplayContent.updateOrientation:1512 com.android.server.wm.WindowManagerService.relayoutWindow:2635 com.android.server.wm.Session.relayout:247 android.view.IWindowSession$Stub.onTransact:735 com.android.server.wm.Session.onTransact:177 android.os.Binder.execTransactInternal:1221 android.os.Binder.execTransact:1163 <bottom of call stack> <bottom of call stack> <bottom of call stack> <bottom of call stack> <bottom of call stack> <bottom of call stack> <bottom of call stack> <bottom of call stack> <bottom of call stack> <bottom of call stack> 
10-23 01:07:40.282  1866  1924 V DisplayPowerController[0]: Brightness [26.0] reason changing to: 'automatic [ auto_adj ]', previous reason: 'automatic'.
10-23 01:07:40.282  1866  1924 D VRR [OPlusRefreshRateService]: notifyBrightnessChange brightness: 26.0
10-23 01:07:40.282  1866  1890 D DisplayManagerService: Delivering display event: displayId=0, event=4
10-23 01:07:40.283 28429 28429 E SimulationInteractor: tryGetAnimationPainterInstance error:com.oplus.painteranimationpanel.api.AnimPainterInstance
10-23 01:07:40.284 28429 28429 D IconConfigParser: parseConfig::icon config =: IconConfig = [ isForeign : true,theme : 4,iconSize : 5000,iconShape : 0,foregroundSize : 5600,artPlusOn : 1,iconRadius ：36,darkModeIcon:1,localSpecial:false ]
10-23 01:07:40.284 12038 12038 I A       : (REDACTED) onApplyWindowInsets: systemWindowInsets=%s
10-23 01:07:40.285 12038 12038 I A       : (REDACTED) onApplyWindowInsets: systemWindowInsets=%s
10-23 01:07:40.285 28429 28429 D IconConfigParser: parseConfig::icon config =: IconConfig = [ isForeign : true,theme : 4,iconSize : 5000,iconShape : 0,foregroundSize : 5600,artPlusOn : 1,iconRadius ：36,darkModeIcon:1,localSpecial:false ]
10-23 01:07:40.286  4512  4602 E WeatherS_WeatherCommonServiceProxy: getLocationCityInfo
10-23 01:07:40.286 28429 28429 D OplusQuickstepTransitionManagerImpl: getClosingWindowAnimators: transPoint: PointF(0.0, 0.0), currentWindowRect = [0.0,0.0][2400.0,1080.0]
10-23 01:07:40.287 28429 28429 D OplusQuickstepTransitionManagerImpl: getClosingWindowAnimators: transPoint: PointF(0.0, 0.0), currentWindowRect = [0.0,0.0][2400.0,1080.0]
10-23 01:07:40.287 12038 12096 I BufferQueueProducer: [ViewRootImpl[(1-1)-Window{225ff8a alpha=1.0 fl=}]#172(BLAST Consumer)172](id:2f06000000ac,api:1,p:12038,c:12038) disconnect: api 1
10-23 01:07:40.287  1237  1327 D AAL     : 10-23 01:07:40.279 BL=  67,ESS= 256, 
10-23 01:07:40.287 12017 12190 I WeatherS_WeatherBaseDataTask: after doRequestFromWeatherService getResidentSecureSettingsData result true
10-23 01:07:40.288 12038 12096 E BLASTBufferQueue: BLASTBufferItemConsumer::onDisconnect()
10-23 01:07:40.288 12038 12096 I BufferQueueProducer: [ViewRootImpl[(1-1)-Window{225ff8a alpha=1.0 fl=}]#172(BLAST Consumer)172](id:2f06000000ac,api:1,p:12038,c:12038) connect: api=1 producerControlledByApp=true
10-23 01:07:40.288 12017 12190 I WeatherS_WeatherServiceManager: unBindUpdateService true
10-23 01:07:40.290  4512  4602 E WeatherS_WeatherCommonServiceProxy: getTimeZoneOfAttendCity
10-23 01:07:40.291  1866  3640 D InputMethodManagerService: isSecurity: attribute.packageName=com.android.launcher mCurMethodId=com.google.android.inputmethod.latin/com.android.inputmethod.latin.LatinIME
10-23 01:07:40.291  1866  3640 D InputMethodManagerService: isSecurity= false (  enable=false needShow=false inBlackList=false isExist=true )
10-23 01:07:40.291  4512  4602 E WeatherS_WeatherCommonServiceProxy: getOneAttentCityWeatherInfoList
10-23 01:07:40.293 28429 28429 I Quality : Skipped: false 1 cost 11.788838 refreshRate 0 processName com.android.launcher
10-23 01:07:40.293 28429 28429 D OplusQuickstepTransitionManagerImpl: getClosingWindowAnimators: transPoint: PointF(137.0498, 17.302979), currentWindowRect = [137.0498,17.302979][1919.0898,841.87946]
10-23 01:07:40.292  8660  8660 I GoogleInputMethodService: GoogleInputMethodService.onFinishInput():3086 
10-23 01:07:40.293   977  1445 D SurfaceFlinger: addClientLayer(142): seq(247307) name,Surface(name=339de53 InputMethod)/@0xbe51f9 - animation-leash of insets_animation#0
10-23 01:07:40.296  8660  8660 I GoogleInputMethodService: GoogleInputMethodService.updateDeviceLockedStatus():2155 repeatCheckTimes = 0, locked = false
10-23 01:07:40.297  8660  8660 I GoogleInputMethodService: GoogleInputMethodService.onStartInput():1899 onStartInput(EditorInfo{EditorInfo{packageName=com.android.launcher, inputType=0, inputTypeString=NULL, enableLearning=false, autoCorrection=false, autoComplete=false, imeOptions=0, privateImeOptions=null, actionName=UNSPECIFIED, actionLabel=null, initialSelStart=-1, initialSelEnd=-1, initialCapsMode=0, label=null, fieldId=-1, fieldName=null, extras=null, hintText=null, hintLocales=[]}}, false)
10-23 01:07:40.298  8660  8660 I GoogleInputMethodService: GoogleInputMethodService.updateDeviceLockedStatus():2155 repeatCheckTimes = 1, locked = false
10-23 01:07:40.298  4512  4602 E WeatherS_WeatherCommonServiceProxy: isTempShowAsCelsius
10-23 01:07:40.300  8660  8660 I AndroidIME: InputBundleManager.loadActiveInputBundleId():450 loadActiveInputBundleId: und-Latn-x-password, password
10-23 01:07:40.300 28429 28429 D OplusQuickstepTransitionManagerImpl: getClosingWindowAnimators: transPoint: PointF(169.36584, 21.382812), currentWindowRect = [169.36584,21.382812][1805.6921,785.7311]
10-23 01:07:40.301   977   977 D Layer   : reparent to null sequence=247286, seq[2], name=Surface(name=339de53 InputMethod)/@0xbe51f9 - animation-leash of insets_animation#1
10-23 01:07:40.302   977   977 D OplusLayer: ~Layer() sequence=247286, name=Surface(name=339de53 InputMethod)/@0xbe51f9 - animation-leash of insets_animation#1 0xb4000071a2794000
10-23 01:07:40.305  1866  3640 I PowerHalWrapper: amsBoostStop AMS_BOOST_PACK_SWITCH:false, AMS_BOOST_ACT_SWITCH:false, AMS_BOOST_PROCESS_CREATE:false 
10-23 01:07:40.306  4512  4602 E WeatherS_WeatherCommonServiceProxy: getLocationCityDataAndUpdateWeatherInfoIfNeeded  needUpdateWeatherInfo = false, isCallFromWeatherApp = false
10-23 01:07:40.306  4512  4602 D WeatherS_PoolManager:  thread: Thread[pool-3-thread-14,5,main]
10-23 01:07:40.307  1866  1929 D VRR [OPlusRefreshRateService]: handleConfigIdChange physicalDisplayId: 0 configId: 1
10-23 01:07:40.308 28429 28429 D OplusQuickstepTransitionManagerImpl: getClosingWindowAnimators: transPoint: PointF(207.13904, 26.151855), currentWindowRect = [207.13904,26.151855][1673.1456,720.10126]
10-23 01:07:40.309 12017 12139 I WeatherS_WeatherBaseDataTask: after doRequestFromWeatherService getLocationCityDataAndUpdateWeatherInfoIfNeeded result true
10-23 01:07:40.311 12017 12139 I WeatherS_WeatherBaseDataTask:  doRequestFromWeatherService getLocationCityDataAndUpdateWeatherInfoIfNeeded response data true
10-23 01:07:40.312   977   977 D DispPerfService: VRR [OTI] Fool-Proof Reset !
10-23 01:07:40.314  1866  2197 D OplusBrightUtils: ---> setBrightnessNoAnimation false
10-23 01:07:40.314 12017 12139 I WeatherS_WeatherServiceManager: unBindUpdateService true
10-23 01:07:40.314  1866  2197 D LightsServiceExtImpl: baseSetLightLocked end.
10-23 01:07:40.315 28429 28429 D OplusQuickstepTransitionManagerImpl: getClosingWindowAnimators: transPoint: PointF(253.97705, 32.065186), currentWindowRect = [253.97705,32.065186][1508.79,638.72125]
10-23 01:07:40.315  1866  2197 D OplusFeatureDCBacklight: notifySfRepaintEverything begin mCurrentDCMode:-1
10-23 01:07:40.320  1237  1327 I AALCust : Backlight Bits: 12bit
10-23 01:07:40.320  1237  1327 D AAL     : onBacklightChanged: 67/1023 -> 66/1023(phy:66/4095)
10-23 01:07:40.321  1237  1327 D AAL     : LABC: LABC after setTarget isSmoothBacklight=0 
10-23 01:07:40.323 12038 12038 I A       : (REDACTED) onApplyWindowInsets: systemWindowInsets=%s
10-23 01:07:40.323 28429 28429 D OplusQuickstepTransitionManagerImpl: getClosingWindowAnimators: transPoint: PointF(295.2965, 37.281982), currentWindowRect = [295.2965,37.281982][1363.7993,566.92975]
10-23 01:07:40.323 12038 12038 I A       : (REDACTED) onApplyWindowInsets: systemWindowInsets=%s
10-23 01:07:40.325 12038 14450 I OpenGLRenderer: Davey! duration=23316ms; Flags=0, FrameTimelineVsyncId=56995518, IntendedVsync=1134720950891685, Vsync=1134720967558352, InputEventId=0, HandleInputStart=1134720974619786, AnimationStart=1134720974621709, PerformTraversalsStart=1134720974622555, DrawStart=1134720988959247, FrameDeadline=1134720987558352, FrameInterval=1134720974584709, FrameStartTime=16666667, SyncQueued=1134720990237940, SyncStart=1134720990376786, IssueDrawCommandsStart=1134720990728093, SwapBuffers=1134720995235786, FrameCompleted=1134744267371787, DequeueBufferDuration=1755154, QueueBufferDuration=2076538, GpuCompleted=1134744267371787, SwapBuffersCompleted=1134721001538324, DisplayPresentTime=-2, 
10-23 01:07:40.328  1866  1924 D OplusDisplayPowerControllerExtImpl: original brightness to dataBase:59 final brightness:26.0 scale:0.4456848 reason:4 darkLevel:2
10-23 01:07:40.329  1866  1924 V DisplayPowerController[0]: Brightness [26.0] reason changing to: 'automatic [ auto_adj ]', previous reason: 'automatic'.
10-23 01:07:40.329  1866  1924 D VRR [OPlusRefreshRateService]: notifyBrightnessChange brightness: 26.0
10-23 01:07:40.329  1237  1327 D AAL     : 10-23 01:07:40.321 BL=  66,ESS= 256, 
10-23 01:07:40.330  1866  1890 D DisplayManagerService: Delivering display event: displayId=0, event=4
10-23 01:07:40.332 28429 28429 D OplusQuickstepTransitionManagerImpl: getClosingWindowAnimators: transPoint: PointF(332.14648, 41.934326), currentWindowRect = [332.14648,41.934326][1234.4922,502.9038]
10-23 01:07:40.332  9420  9627 D AudioManagerExtImpl: getStreamVolume packageName=com.facebook.katana, index=0, streamType=1
10-23 01:07:40.340 28429 28429 D OplusQuickstepTransitionManagerImpl: getClosingWindowAnimators: transPoint: PointF(366.13806, 46.22583), currentWindowRect = [366.13806,46.22583][1115.2151,443.84436]
10-23 01:07:40.342  1866  2197 D OplusBrightUtils: ---> setBrightnessNoAnimation false
10-23 01:07:40.343  1866  2197 D LightsServiceExtImpl: baseSetLightLocked end.
10-23 01:07:40.344  1866  2197 D OplusFeatureDCBacklight: notifySfRepaintEverything begin mCurrentDCMode:-1
10-23 01:07:40.345  1866  1924 D OplusDisplayPowerControllerExtImpl: original brightness to dataBase:59 final brightness:26.0 scale:0.4456848 reason:4 darkLevel:2
10-23 01:07:40.345  1237  1327 I AALCust : Backlight Bits: 12bit
10-23 01:07:40.345  1237  1327 D AAL     : onBacklightChanged: 66/1023 -> 65/1023(phy:65/4095)
10-23 01:07:40.345  1237  1327 D AAL     : LABC: LABC after setTarget isSmoothBacklight=0 
10-23 01:07:40.346  1866  1924 V DisplayPowerController[0]: Brightness [26.0] reason changing to: 'automatic [ auto_adj ]', previous reason: 'automatic'.
10-23 01:07:40.346  1866  1924 D VRR [OPlusRefreshRateService]: notifyBrightnessChange brightness: 26.0
10-23 01:07:40.346  1866  1890 D DisplayManagerService: Delivering display event: displayId=0, event=4
10-23 01:07:40.348 28429 28429 D OplusQuickstepTransitionManagerImpl: getClosingWindowAnimators: transPoint: PointF(389.63806, 49.19287), currentWindowRect = [389.63806,49.19287][1032.7532,403.01373]
10-23 01:07:40.348  9420  9627 D AudioManagerExtImpl: getStreamVolume packageName=com.facebook.katana, index=0, streamType=1
10-23 01:07:40.354  1237  1327 D AAL     : 10-23 01:07:40.346 BL=  65,ESS= 256, 
10-23 01:07:40.356 28429 28429 D OplusQuickstepTransitionManagerImpl: getClosingWindowAnimators: transPoint: PointF(408.4823, 51.5719), currentWindowRect = [408.4823,51.5719][966.62805,370.2721]
10-23 01:07:40.365 28429 28429 D OplusQuickstepTransitionManagerImpl: getClosingWindowAnimators: transPoint: PointF(425.45618, 53.714966), currentWindowRect = [425.45618,53.714966][907.0668,340.78064]
10-23 01:07:40.373  1866  2197 D OplusBrightUtils: ---> setBrightnessNoAnimation false
10-23 01:07:40.373 28429 28429 D OplusQuickstepTransitionManagerImpl: getClosingWindowAnimators: transPoint: PointF(439.77075, 55.522217), currentWindowRect = [439.77075,55.522217][856.8367,315.90942]
10-23 01:07:40.374  1866  2197 D LightsServiceExtImpl: baseSetLightLocked end.
10-23 01:07:40.375  1866  2197 D OplusFeatureDCBacklight: notifySfRepaintEverything begin mCurrentDCMode:-1
10-23 01:07:40.378  1866  1924 D OplusDisplayPowerControllerExtImpl: original brightness to dataBase:59 final brightness:26.0 scale:0.4456848 reason:4 darkLevel:2
10-23 01:07:40.379  1237  1327 I AALCust : Backlight Bits: 12bit
10-23 01:07:40.379  1237  1327 D AAL     : onBacklightChanged: 65/1023 -> 64/1023(phy:64/4095)
10-23 01:07:40.379  1237  1327 D AAL     : LABC: LABC after setTarget isSmoothBacklight=0 
10-23 01:07:40.379  1866  1924 V DisplayPowerController[0]: Brightness [26.0] reason changing to: 'automatic [ auto_adj ]', previous reason: 'automatic'.
10-23 01:07:40.379  1866  1924 D VRR [OPlusRefreshRateService]: notifyBrightnessChange brightness: 26.0
10-23 01:07:40.379  1866  1890 D DisplayManagerService: Delivering display event: displayId=0, event=4
10-23 01:07:40.381 28429 28429 D OplusQuickstepTransitionManagerImpl: getClosingWindowAnimators: transPoint: PointF(450.42847, 56.867737), currentWindowRect = [450.42847,56.867737][819.43823,297.39178]
10-23 01:07:40.381  9420  9627 D AudioManagerExtImpl: getStreamVolume packageName=com.facebook.katana, index=0, streamType=1
10-23 01:07:40.387  1237  1327 D AAL     : 10-23 01:07:40.379 BL=  64,ESS= 256, 
10-23 01:07:40.389 28429 28429 D OplusQuickstepTransitionManagerImpl: getClosingWindowAnimators: transPoint: PointF(459.0963, 57.962097), currentWindowRect = [459.0963,57.962097][789.0231,282.33185]
10-23 01:07:40.399 28429 28429 D OplusQuickstepTransitionManagerImpl: getClosingWindowAnimators: transPoint: PointF(467.31958, 59.000244), currentWindowRect = [467.31958,59.000244][760.16724,268.04395]
10-23 01:07:40.407 28429 28429 D OplusQuickstepTransitionManagerImpl: getClosingWindowAnimators: transPoint: PointF(473.50574, 59.78125), currentWindowRect = [473.50574,59.78125][738.45984,257.29565]
10-23 01:07:40.408  1866  2197 D OplusBrightUtils: ---> setBrightnessNoAnimation false
10-23 01:07:40.408  1866  2197 D LightsServiceExtImpl: baseSetLightLocked end.
10-23 01:07:40.410  1866  2197 D OplusFeatureDCBacklight: notifySfRepaintEverything begin mCurrentDCMode:-1
10-23 01:07:40.412  1866  1924 D OplusDisplayPowerControllerExtImpl: original brightness to dataBase:59 final brightness:26.0 scale:0.4456848 reason:4 darkLevel:2
10-23 01:07:40.413  1237  1327 I AALCust : Backlight Bits: 12bit
10-23 01:07:40.413  1237  1327 D AAL     : onBacklightChanged: 64/1023 -> 63/1023(phy:63/4095)
10-23 01:07:40.413  1237  1327 D AAL     : LABC: LABC after setTarget isSmoothBacklight=0 
10-23 01:07:40.414  1866  1924 V DisplayPowerController[0]: Brightness [26.0] reason changing to: 'automatic [ auto_adj ]', previous reason: 'automatic'.
10-23 01:07:40.414  1866  1924 D VRR [OPlusRefreshRateService]: notifyBrightnessChange brightness: 26.0
10-23 01:07:40.414  1866  1890 D DisplayManagerService: Delivering display event: displayId=0, event=4
10-23 01:07:40.414 28429 28429 D OplusQuickstepTransitionManagerImpl: getClosingWindowAnimators: transPoint: PointF(478.90735, 60.463257), currentWindowRect = [478.90735,60.463257][719.5055,247.91052]
10-23 01:07:40.420  1237  1327 D AAL     : 10-23 01:07:40.413 BL=  63,ESS= 256, 
10-23 01:07:40.423 28429 28429 D OplusQuickstepTransitionManagerImpl: getClosingWindowAnimators: transPoint: PointF(483.07178, 60.989014), currentWindowRect = [483.07178,60.989014][704.89233,240.6748]
10-23 01:07:40.424  9420  9627 D AudioManagerExtImpl: getStreamVolume packageName=com.facebook.katana, index=0, streamType=1
10-23 01:07:40.428 28429 28439 I ndroid.launche: NativeAlloc concurrent copying GC freed 7323KB AllocSpace bytes, 8(416KB) LOS objects, 49% free, 15MB/30MB, paused 77us,168us total 135.742ms
10-23 01:07:40.431 28429 28429 D OplusQuickstepTransitionManagerImpl: getClosingWindowAnimators: transPoint: PointF(487.25098, 61.516663), currentWindowRect = [487.25098,61.516663][690.2273,233.41351]
10-23 01:07:40.433 28429 28441 W System  : A resource failed to call close. 
10-23 01:07:40.433 28429 28441 W System  : A resource failed to call release. 
10-23 01:07:40.434 28429 28441 W System  : A resource failed to call release. 
10-23 01:07:40.434 28429 28441 W System  : A resource failed to call close. 
10-23 01:07:40.434   977   977 D OplusLayer: ~Layer() sequence=247274, name=Surface(name=WallpaperWindowToken{7527e4d token=android.os.Binder@59929e4})/@0xe1f3837 - animation-leash of window_animation#0 0xb4000071a278e000
10-23 01:07:40.434 28429 28441 W System  : A resource failed to call close. 
10-23 01:07:40.435 28429 28441 W System  : A resource failed to call close. 
10-23 01:07:40.435 28429 28441 W System  : A resource failed to call release. 
10-23 01:07:40.435 28429 28441 W System  : A resource failed to call release. 
10-23 01:07:40.435 28429 28441 W System  : A resource failed to call release. 
10-23 01:07:40.436 28429 28441 W System  : A resource failed to call release. 
10-23 01:07:40.436 28429 28441 W System  : A resource failed to call release. 
10-23 01:07:40.436 28429 28441 W System  : A resource failed to call release. 
10-23 01:07:40.436 28429 28441 W System  : A resource failed to call release. 
10-23 01:07:40.437 28429 28441 W System  : A resource failed to call release. 
10-23 01:07:40.439 28429 28429 D OplusQuickstepTransitionManagerImpl: getClosingWindowAnimators: transPoint: PointF(490.20312, 61.889343), currentWindowRect = [490.20312,61.889343][679.86816,228.28424]
10-23 01:07:40.439  1866  2197 D OplusBrightUtils: ---> setBrightnessNoAnimation false
10-23 01:07:40.439  1866  2197 D LightsServiceExtImpl: baseSetLightLocked end.
10-23 01:07:40.440  1866  2197 D OplusFeatureDCBacklight: notifySfRepaintEverything begin mCurrentDCMode:-1
10-23 01:07:40.441  1866  1924 D OplusDisplayPowerControllerExtImpl: original brightness to dataBase:59 final brightness:26.0 scale:0.4456848 reason:4 darkLevel:2
10-23 01:07:40.442  1866  1924 V DisplayPowerController[0]: Brightness [26.0] reason changing to: 'automatic [ auto_adj ]', previous reason: 'automatic'.
10-23 01:07:40.442  1866  1924 D VRR [OPlusRefreshRateService]: notifyBrightnessChange brightness: 26.0
10-23 01:07:40.442   977   977 D OplusLayer: ~Layer() sequence=247220, name=Surface(name=Task=2680)/@0x7b79c8a - animation-leash of app_transition#0 0xb40000719779c000
10-23 01:07:40.442   977   977 D OplusLayer: ~Layer() sequence=247221, name=Surface(name=WallpaperWindowToken{7527e4d token=android.os.Binder@59929e4})/@0xe1f3837 - animation-leash of window_animation#0 0xb40000719779f000
10-23 01:07:40.442   977   977 D OplusLayer: ~Layer() sequence=246776, name=Surface(name=Task=2680)/@0x7b79c8a - animation-leash of app_transition#0 0xb4000071a2731000
10-23 01:07:40.443   977   977 D OplusLayer: ~Layer() sequence=247219, name=Surface(name=Task=3184)/@0xd829903 - animation-leash of app_transition#0 0xb4000071a2754000
10-23 01:07:40.443   977   977 D OplusLayer: ~Layer() sequence=247248, name=Surface(name=Task=2680)/@0x7b79c8a - animation-leash of app_transition#0 0xb4000071a2944000
10-23 01:07:40.443   977   977 D OplusLayer: ~Layer() sequence=247249, name=Surface(name=Task=3184)/@0xd829903 - animation-leash of app_transition#0 0xb4000071a295e000
10-23 01:07:40.443   977   977 D OplusLayer: ~Layer() sequence=247250, name=Surface(name=WallpaperWindowToken{7527e4d token=android.os.Binder@59929e4})/@0xe1f3837 - animation-leash of window_animation#0 0xb4000071a2979000
10-23 01:07:40.443   977   977 D OplusLayer: ~Layer() sequence=246775, name=Surface(name=Task=3179)/@0x2ecbbee - animation-leash of app_transition#0 0xb4000071a29b8000
10-23 01:07:40.443  1866  1890 D DisplayManagerService: Delivering display event: displayId=0, event=4
10-23 01:07:40.444  9420  9627 D AudioManagerExtImpl: getStreamVolume packageName=com.facebook.katana, index=0, streamType=1
10-23 01:07:40.445  1237  1327 I AALCust : Backlight Bits: 12bit
10-23 01:07:40.445  1237  1327 D AAL     : onBacklightChanged: 63/1023 -> 62/1023(phy:62/4095)
10-23 01:07:40.445  1237  1327 D AAL     : LABC: LABC after setTarget isSmoothBacklight=0 
10-23 01:07:40.447 28429 28429 D OplusQuickstepTransitionManagerImpl: getClosingWindowAnimators: transPoint: PointF(492.65796, 62.19934), currentWindowRect = [492.65796,62.19934][671.2549,224.01941]
10-23 01:07:40.453  1237  1327 D AAL     : 10-23 01:07:40.445 BL=  62,ESS= 256, 
10-23 01:07:40.456 28429 28429 D OplusQuickstepTransitionManagerImpl: getClosingWindowAnimators: transPoint: PointF(494.86438, 62.477844), currentWindowRect = [494.86438,62.477844][663.5123,220.18573]
10-23 01:07:40.464 28429 28429 D OplusQuickstepTransitionManagerImpl: getClosingWindowAnimators: transPoint: PointF(496.32898, 62.66272), currentWindowRect = [496.32898,62.66272][658.3729,217.64099]
10-23 01:07:40.472 28429 28429 D OplusQuickstepTransitionManagerImpl: getClosingWindowAnimators: transPoint: PointF(497.42578, 62.80127), currentWindowRect = [497.42578,62.80127][654.5237,215.73499]
10-23 01:07:40.472  1866  2197 D OplusBrightUtils: ---> setBrightnessNoAnimation false
10-23 01:07:40.473  1866  2197 D LightsServiceExtImpl: baseSetLightLocked end.
10-23 01:07:40.473  1866  2197 D OplusFeatureDCBacklight: notifySfRepaintEverything begin mCurrentDCMode:-1
10-23 01:07:40.474  1866  1924 D OplusDisplayPowerControllerExtImpl: original brightness to dataBase:59 final brightness:26.0 scale:0.4456848 reason:4 darkLevel:2
10-23 01:07:40.475  1866  1924 V DisplayPowerController[0]: Brightness [26.0] reason changing to: 'automatic [ auto_adj ]', previous reason: 'automatic'.
10-23 01:07:40.475  1866  1924 D VRR [OPlusRefreshRateService]: notifyBrightnessChange brightness: 26.0
10-23 01:07:40.475  1866  1890 D DisplayManagerService: Delivering display event: displayId=0, event=4
10-23 01:07:40.477  9420  9627 D AudioManagerExtImpl: getStreamVolume packageName=com.facebook.katana, index=0, streamType=1
10-23 01:07:40.478  1237  1327 I AALCust : Backlight Bits: 12bit
10-23 01:07:40.478  1237  1327 D AAL     : onBacklightChanged: 62/1023 -> 61/1023(phy:61/4095)
10-23 01:07:40.478  1237  1327 D AAL     : LABC: LABC after setTarget isSmoothBacklight=0 
10-23 01:07:40.481 28429 28429 D OplusQuickstepTransitionManagerImpl: getClosingWindowAnimators: transPoint: PointF(498.27527, 62.90851), currentWindowRect = [498.27527,62.90851][651.5436,214.25946]
10-23 01:07:40.486  1237  1327 D AAL     : 10-23 01:07:40.479 BL=  61,ESS= 256, 
10-23 01:07:40.489 28429 28429 D OplusQuickstepTransitionManagerImpl: getClosingWindowAnimators: transPoint: PointF(498.65894, 62.95691), currentWindowRect = [498.65894,62.95691][650.197,213.59265]
10-23 01:07:40.497 28429 28429 D OplusQuickstepTransitionManagerImpl: getClosingWindowAnimators: transPoint: PointF(499.0, 63.0), currentWindowRect = [499.0,63.0][649.0,213.0]
10-23 01:07:40.498  1866  4046 V OplusZoomWindowManagerService: onAnimationFinished:  r = ActivityRecord{7fc25ea u0 com.naitan.pewpew/com.unity3d.player.UnityPlayerActivity t3185 f}}
10-23 01:07:40.499  1866  4046 V OplusZoomWindowManagerService: onAnimationFinished:  r = ActivityRecord{817d28 u0 com.android.launcher/.Launcher t2680}
10-23 01:07:40.500  1866  4046 I OplusAppSwitchManagerService:  handleAppVisible , r = ActivityRecord{817d28 u0 com.android.launcher/.Launcher t2680}
10-23 01:07:40.500  1866  4046 D OplusGameRotationService: stopRotationInGame: check windowContainer = ActivityRecord{817d28 u0 com.android.launcher/.Launcher t2680}
10-23 01:07:40.500  1866  4046 D OplusGameRotationService: stopRotationInGame: stop lock rotation, another app request the rotation.
10-23 01:07:40.500 27924 27924 D OneHandedDisplayAreaOrganizer: onRotateDisplay: called!!!
10-23 01:07:40.505  4786 28037 V DeepThinker: ProcessManager: onForegroundActivitiesChanged pid:9323, uid:10621, foregroundActivities:false
10-23 01:07:40.505  3262 12729 D OplusAtlas.OplusAtlasEventDispatch: setEvent:atlas_event_on_foreground_activities_changed info:pid:9323,uid:10621,hasForegroundActivities:0
10-23 01:07:40.506  3262  4302 D OplusAtlas.OplusAudioScene: callback success event:atlas_event_on_foreground_activities_changed eventInfo:pid:9323,uid:10621,hasForegroundActivities:0
10-23 01:07:40.506  3262  4478 D OplusAtlas.OplusMessageHandler: handleMessage: Msg { when=0 what=2 obj=com.oplus.atlas.OplusAtlasEvent@9d29605 target=com.oplus.atlas.OplusMessageHandler$MyHandler }
10-23 01:07:40.509   977   977 D Layer   : reparent to null sequence=247304, seq[69], name=Surface(name=Task=3185)/@0x42f01d8 - animation-leash of app_transition#0
10-23 01:07:40.509   977   977 D Layer   : reparent to null sequence=247303, seq[29], name=Surface(name=Task=2680)/@0x7b79c8a - animation-leash of app_transition#0
10-23 01:07:40.509   977   977 D Layer   : reparent to null sequence=247305, seq[2], name=Surface(name=WallpaperWindowToken{7527e4d token=android.os.Binder@59929e4})/@0xe1f3837 - animation-leash of window_animation#0
10-23 01:07:40.509   977   977 D OplusLayer: ~Layer() sequence=247305, name=Surface(name=WallpaperWindowToken{7527e4d token=android.os.Binder@59929e4})/@0xe1f3837 - animation-leash of window_animation#0 0xb4000071977c0000
10-23 01:07:40.510  1866  4046 W ActivityManager: setGlThreads detect 9323 9805
10-23 01:07:40.510  9323  9805 W OpenGLRenderer: Surface doesn't have any previously queued frames, nothing to readback from
10-23 01:07:40.512  9323  9323 I BufferQueueProducer: [SurfaceView[com.naitan.pewpew/com.unity3d.player.UnityPlayerActivity]#1(BLAST Consumer)1](id:246b00000001,api:0,p:-1,c:9323) disconnect: api -1
10-23 01:07:40.512  9323  9323 I BLASTBufferQueue: [SurfaceView[com.naitan.pewpew/com.unity3d.player.UnityPlayerActivity]#1] destructor()
10-23 01:07:40.512  9323  9323 I BufferQueueConsumer: [SurfaceView[com.naitan.pewpew/com.unity3d.player.UnityPlayerActivity]#1(BLAST Consumer)1](id:246b00000001,api:0,p:-1,c:9323) disconnect
10-23 01:07:40.513  1866  1890 I ActivityTaskManager: Config changes=20000480 {1.0 ??mcc??mnc [en_US,en_GB] ldltr sw360dp w360dp h747dp 480dpi nrml long port night finger -keyb/v/h -nav/h winConfig={ mBounds=Rect(0, 0 - 1080, 2400) mAppBounds=Rect(0, 110 - 1080, 2352) mMaxBounds=Rect(0, 0 - 1080, 2400) mWindowingMode=fullscreen mDisplayWindowingMode=fullscreen mActivityType=undefined mAlwaysOnTop=undefined mRotation=ROTATION_0} s.42092 fontWeightAdjustment=0mThemeChanged= 0, mThemeChangedFlags= 0, mFlipFont= 0, mAccessibleChanged= -1, mUxIconConfig= 3468921665126662465, mMaterialColor= 40000, mUserId= 0, mFontUserId= 0, mFontVariationSettings= 226, mFoldingAngle = -1.0, mIconPackName= , mDarkModeBackgroundMaxL= 0.0, mDarkModeDialogBgMaxL= 27.0, mDarkModeForegroundMinL= 100.0, mOplusConfigType= 1, mOplusChangedConfigs= 0, OpSans= 0}
10-23 01:07:40.514  1866  2197 D OplusBrightUtils: ---> setBrightnessNoAnimation false
10-23 01:07:40.514  1866  2197 D LightsServiceExtImpl: baseSetLightLocked end.
10-23 01:07:40.515  1866  2197 D OplusFeatureDCBacklight: notifySfRepaintEverything begin mCurrentDCMode:-1
10-23 01:07:40.516  1866  1924 D OplusDisplayPowerControllerExtImpl: original brightness to dataBase:59 final brightness:26.0 scale:0.4456848 reason:4 darkLevel:2
10-23 01:07:40.517   977   977 D Layer   : reparent to null sequence=247284, seq[3], name=Background for SurfaceView[com.naitan.pewpew/com.unity3d.player.UnityPlayerActivity]#0
10-23 01:07:40.517   977   977 D Layer   : reparent to null sequence=247283, seq[3], name=SurfaceView[com.naitan.pewpew/com.unity3d.player.UnityPlayerActivity](BLAST)#0
10-23 01:07:40.517   977   977 D Layer   : reparent to null sequence=247282, seq[10], name=SurfaceView[com.naitan.pewpew/com.unity3d.player.UnityPlayerActivity]#0
10-23 01:07:40.517   977   977 D OplusLayer: ~Layer() sequence=247282, name=SurfaceView[com.naitan.pewpew/com.unity3d.player.UnityPlayerActivity]#0 0xb4000071977ed000
10-23 01:07:40.518   977   977 D OplusLayer: ~Layer() sequence=247284, name=Background for SurfaceView[com.naitan.pewpew/com.unity3d.player.UnityPlayerActivity]#0 0xb4000071759eb000
10-23 01:07:40.518   977   977 I BufferQueueDebug: [SurfaceView[com.naitan.pewpew/com.unity3d.player.UnityPlayerActivity](BLAST)#0](this:0xb40000717c568a40,id:-1,api:0,p:-1,c:977) onDestructor()
10-23 01:07:40.518   977   977 D OplusLayer: ~Layer() sequence=247283, name=SurfaceView[com.naitan.pewpew/com.unity3d.player.UnityPlayerActivity](BLAST)#0 0xb40000717c566000
10-23 01:07:40.518  1866  1924 V DisplayPowerController[0]: Brightness [26.0] reason changing to: 'automatic [ auto_adj ]', previous reason: 'automatic'.
10-23 01:07:40.518  1866  1924 D VRR [OPlusRefreshRateService]: notifyBrightnessChange brightness: 26.0
10-23 01:07:40.518  9323  9707 I BLASTBufferQueue: releaseBufferCallbackThunk bufferId:40041980100616 framenumber:895 blastBufferQueue is dead
10-23 01:07:40.520  1237  1327 I AALCust : Backlight Bits: 12bit
10-23 01:07:40.520  1237  1327 D AAL     : onBacklightChanged: 61/1023 -> 60/1023(phy:60/4095)
10-23 01:07:40.520  1237  1327 D AAL     : LABC: LABC after setTarget isSmoothBacklight=0 
10-23 01:07:40.523  5880  5882 E IHansComunication: HANS printMessageBody: RCVed message body: type = 0, port = 86870, caller_pid = 1866, caller_uid = 1000, target_pid = 19576, target_uid = 10378, pkg_cmd = -1
10-23 01:07:40.523  5880  5882 E IHansComunication: HANS printMessageBody: RCVed message body: type = 0, port = 86870, caller_pid = 1866, caller_uid = 1000, target_pid = 18627, target_uid = 10277, pkg_cmd = -1
10-23 01:07:40.523  5880  5882 E IHansComunication: HANS printMessageBody: RCVed message body: type = 0, port = 86870, caller_pid = 1866, caller_uid = 1000, target_pid = 18609, target_uid = 10277, pkg_cmd = -1
10-23 01:07:40.526  1866  2694 I OplusHansManager : unfreeze uid: 10378 com.supercell.clashofclans pids: [29256, 19576] reason: AsyncBinder scene: LcdOn
10-23 01:07:40.530  1866  1890 I WindowManager: Override config changes=20000480 {1.0 ??mcc??mnc [en_US,en_GB] ldltr sw360dp w360dp h747dp 480dpi nrml long port night finger -keyb/v/h -nav/h winConfig={ mBounds=Rect(0, 0 - 1080, 2400) mAppBounds=Rect(0, 110 - 1080, 2352) mMaxBounds=Rect(0, 0 - 1080, 2400) mWindowingMode=fullscreen mDisplayWindowingMode=fullscreen mActivityType=undefined mAlwaysOnTop=undefined mRotation=ROTATION_0} s.42092 fontWeightAdjustment=0mThemeChanged= 0, mThemeChangedFlags= 0, mFlipFont= 0, mAccessibleChanged= -1, mUxIconConfig= 3468921665126662465, mMaterialColor= 40000, mUserId= 0, mFontUserId= 0, mFontVariationSettings= 226, mFoldingAngle = -1.0, mIconPackName= , mDarkModeBackgroundMaxL= 0.0, mDarkModeDialogBgMaxL= 27.0, mDarkModeForegroundMinL= 100.0, mOplusConfigType= 1, mOplusChangedConfigs= 0, OpSans= 0} for displayId=0
10-23 01:07:40.530 28121 28121 D Application: SmartSideBar onConfigurationChanged start:screenWidthDp360
10-23 01:07:40.530 28121 28121 D Application: SmartSideBar onConfigurationChanged start:screenHeightDp747
10-23 01:07:40.530  1866  2693 I OplusHansManager : uid=10378, pkg=com.supercell.clashofclans, transition from Frozen to Middle, reason=AsyncBinder
10-23 01:07:40.530  1866  2693 I OplusHansManager : uid=10378, pkg=com.supercell.clashofclans F exit(), reason=AsyncBinder
10-23 01:07:40.537  1866  1890 I OplusZoomWindowManagerService: onConfigurationChanged: rotation has been changed
10-23 01:07:40.537  1866  1890 I OplusZoomWindowManagerService: onConfigurationChanged: rotation has been changed
10-23 01:07:40.538  1866  1890 I OplusZoomWindowManagerService: onConfigurationChanged: rotation has been changed
10-23 01:07:40.538  1866  1890 I OplusZoomWindowManagerService: onConfigurationChanged: rotation has been changed
10-23 01:07:40.538  1866  1890 I OplusZoomWindowManagerService: onConfigurationChanged: rotation has been changed
10-23 01:07:40.538  1866  1890 I OplusZoomWindowManagerService: onConfigurationChanged: rotation has been changed
10-23 01:07:40.538  1866  1890 D OplusZoomWindowManagerService: onConfigurationChanged rotation not changed - prevRotation: 0
10-23 01:07:40.538  1866  1890 I OplusZoomWindowManagerService: onConfigurationChanged: rotation has been changed
10-23 01:07:40.538  1866  1890 I OplusZoomWindowManagerService: onConfigurationChanged: rotation has been changed
10-23 01:07:40.538  1866  1890 D OplusZoomWindowManagerService: onConfigurationChanged rotation not changed - prevRotation: 0
10-23 01:07:40.538  1866  1890 I OplusZoomWindowManagerService: onConfigurationChanged: rotation has been changed
10-23 01:07:40.538  1866  1890 D OplusCompactWindowManagerService: updateRotation setDeviceFolded oldRotation =:0 ,newRotation=:0 ,mFoldState =:-1 ,processTasks =:true ,DisplayId =:0 ,oritentationSource ActivityRecord{817d28 u0 com.android.launcher/.Launcher t2680}
10-23 01:07:40.539  1866  1890 D OplusZoomWindowManagerService: onConfigurationChanged rotation not changed - prevRotation: 0
10-23 01:07:40.540  1866  1890 D OplusZoomWindowManagerService: onConfigurationChanged rotation not changed - prevRotation: 0
10-23 01:07:40.543  5880  5882 E IHansComunication: HANS printMessageBody: RCVed message body: type = 0, port = 86870, caller_pid = 1866, caller_uid = 1000, target_pid = 9080, target_uid = 10018, pkg_cmd = -1
10-23 01:07:40.544  1237  1327 D AAL     : 10-23 01:07:40.520 BL=  60,ESS= 256, 
10-23 01:07:40.545 14556 14556 W fbservices:InitStatus: Not blocking Service (255836709)
10-23 01:07:40.546  1866  9806 D OplusAccidentallyManager: accidentPrevention >>> updateTouchPanelInfo: 0,0,1
10-23 01:07:40.546  1866  9806 D OplusAccidentallyManager: accidentPrevention >>> writeNarrowFlag: 6, 0, result = true
10-23 01:07:40.546  1866  9806 D OplusAccidentallyManager: accidentPrevention >>> writeNarrowFlag: 5, 0, result = true
10-23 01:07:40.546  1866  9806 D OplusAccidentallyManager: accidentPrevention >>> writeNarrowFlag: 7, 1, result = true
10-23 01:07:40.546   942   942 D OplusTouch: path = /proc/touchpanel1/oplus_tp_limit_whitelist,len = 256
10-23 01:07:40.547  1866  1902 D ColorTouchNodeManagerService: isTouchNodeSupport, nodeFlag: 6, dId:1, result:-1
10-23 01:07:40.547  1866  1902 E ColorTouchNodeManagerService: writeNodeFile failed, extradevice is not support touch node, extraDId:1
10-23 01:07:40.547   942   942 D OplusTouch: path = /proc/touchpanel1/oplus_tp_direction,len = 256
10-23 01:07:40.547  1866  1902 D ColorTouchNodeManagerService: isTouchNodeSupport, nodeFlag: 5, dId:1, result:-1
10-23 01:07:40.547  1866  1902 E ColorTouchNodeManagerService: writeNodeFile failed, extradevice is not support touch node, extraDId:1
10-23 01:07:40.547   942   942 D OplusTouch: deviceId = 0,nodeFlag = 6,data = 0,len = 1
10-23 01:07:40.547   942   942 D OplusTouch: path = /proc/touchpanel/oplus_tp_limit_whitelist,len = 256
10-23 01:07:40.547   942   942 D OplusTouch: write 1 bytes
10-23 01:07:40.547   942   942 D OplusTouch: path = /proc/touchpanel1/oplus_tp_limit_enable,len = 256
10-23 01:07:40.548  1866  1902 D ColorTouchNodeManagerService: isTouchNodeSupport, nodeFlag: 7, dId:1, result:-1
10-23 01:07:40.548  1866  1902 E ColorTouchNodeManagerService: writeNodeFile failed, extradevice is not support touch node, extraDId:1
10-23 01:07:40.548  1866  1890 I InputManager-JNI: Viewport [0] to add: local:0, isActive: true
10-23 01:07:40.549   942   942 D OplusTouch: deviceId = 0,nodeFlag = 5,data = 0,len = 1
10-23 01:07:40.549   942   942 D OplusTouch: path = /proc/touchpanel/oplus_tp_direction,len = 256
10-23 01:07:40.549  2698  2698 D PhoneUtils: replayUSSDDialog currentNightMode:true, sIsNightMode: false
10-23 01:07:40.549   942   942 D OplusTouch: write 1 bytes
10-23 01:07:40.550   942   942 D OplusTouch: deviceId = 0,nodeFlag = 7,data = 1,len = 1
10-23 01:07:40.550   942   942 D OplusTouch: path = /proc/touchpanel/oplus_tp_limit_enable,len = 256
10-23 01:07:40.551   977   977 D Layer   : reparent to null sequence=247302, seq[72], name=Surface(name=47c4bc2 NavigationBar0)/@0x52ddd10 - animation-leash of insets_animation#1
10-23 01:07:40.551   977   977 D Layer   : reparent to null sequence=247301, seq[71], name=Surface(name=1dc202a StatusBar)/@0x63c152d - animation-leash of insets_animation#1
10-23 01:07:40.551  1866  2694 I OplusHansManager : unfreeze uid: 10277 com.jio.myjio pids: [18627, 18609] reason: AsyncBinder scene: LcdOn
10-23 01:07:40.552  1866  2693 I OplusHansManager : uid=10277, pkg=com.jio.myjio, transition from Frozen to Middle, reason=AsyncBinder
10-23 01:07:40.552  1866  2693 I OplusHansManager : uid=10277, pkg=com.jio.myjio F exit(), reason=AsyncBinder
10-23 01:07:40.552  1866  2766 D OplusProxyWakeLock: remove uid: 10378 wiht all pids from wakelockUidInfo list
10-23 01:07:40.552  1866  2766 D OplusProxyWakeLock: remove uid: 10277 wiht all pids from wakelockUidInfo list
10-23 01:07:40.552  1866  2766 D OplusProxyWakeLock: restore uid :10277 wakelock: PARTIAL_WAKE_LOCK              '*job*' (uid=1000 pid=1866 ws=WorkSource{10277})
10-23 01:07:40.552  1866  2694 I OplusHansManager : forceUnfreezeByPid pid= 18609 reason= unfreezeForKernel: AsyncBinder
10-23 01:07:40.552  1866  2766 D OplusProxyWakeLock: restore uid :10277 wakelock: PARTIAL_WAKE_LOCK              '*job*' (uid=1000 pid=1866 ws=WorkSource{10277})
10-23 01:07:40.553  1866  2694 I OplusHansManager : unfreeze uid: 10018 in.swiggy.android pids: [9080] reason: AsyncBinder scene: LcdOn
10-23 01:07:40.554  1866  1890 D DisplayManagerService: Delivering display event: displayId=0, event=2
10-23 01:07:40.555  1866  2031 I InputReader: Reconfiguring input devices, changes=DISPLAY_INFO | 
10-23 01:07:40.555  1866  2031 I InputReader: Device reconfigured: id=3, name='touchpanel', size 1080x2400, orientation 0, mode 1, display id 0
10-23 01:07:40.555  1866  2197 D OplusBrightUtils: ---> setBrightnessNoAnimation false
10-23 01:07:40.555  5880  5882 E IHansComunication: HANS printMessageBody: RCVed message body: type = 0, port = 86870, caller_pid = 1866, caller_uid = 1000, target_pid = 8842, target_uid = 10275, pkg_cmd = -1
10-23 01:07:40.555  5880  5882 E IHansComunication: HANS printMessageBody: RCVed message body: type = 0, port = 86870, caller_pid = 1866, caller_uid = 1000, target_pid = 7160, target_uid = 10281, pkg_cmd = -1
10-23 01:07:40.555  5880  5882 E IHansComunication: HANS printMessageBody: RCVed message body: type = 0, port = 86870, caller_pid = 1866, caller_uid = 1000, target_pid = 6827, target_uid = 10271, pkg_cmd = -1
10-23 01:07:40.556  1866  2693 I OplusHansManager : uid=10018, pkg=in.swiggy.android, transition from Frozen to Middle, reason=AsyncBinder
10-23 01:07:40.556  1866  2693 I OplusHansManager : uid=10018, pkg=in.swiggy.android F exit(), reason=AsyncBinder
10-23 01:07:40.556  1866  2766 D OplusProxyWakeLock: remove uid: 10018 wiht all pids from wakelockUidInfo list
10-23 01:07:40.556  1866  2197 D LightsServiceExtImpl: baseSetLightLocked end.
10-23 01:07:40.557  1866  2197 D OplusFeatureDCBacklight: notifySfRepaintEverything begin mCurrentDCMode:-1
