10-23 01:07:40.100  1866  2006 I mtkpower_client: ret_hdl:642140
10-23 01:07:40.100   892   978 I libPowerHal: system_server: cpu_ctrl set cpu freq: 2000000 -1 2400000 -1
10-23 01:07:40.100  1866  3716 D SensorService: activateHardware = 0
10-23 01:07:40.100  9323  9711 E Parcel  : Reading a NULL string not supported here.
10-23 01:07:40.101  1866  4516 D SensorService: ~SensorEventConnection(0xb40000799ecf2300)
10-23 01:07:40.101  1866  4516 D SensorService: 9 active sensors
10-23 01:07:40.101  1866  4516 D SensorService: removing connection 0xb40000799ecf2300 for sensor[0].handle=0x00000001
10-23 01:07:40.101  1866  4516 D SensorService: removing connection 0xb40000799ecf2300 for sensor[1].handle=0x00000004
10-23 01:07:40.101  1866  4516 D SensorService: removing connection 0xb40000799ecf2300 for sensor[2].handle=0x00000005
10-23 01:07:40.101  1866  4516 D SensorService: removing connection 0xb40000799ecf2300 for sensor[3].handle=0x00000010
10-23 01:07:40.101  1866  4516 D SensorService: removing connection 0xb40000799ecf2300 for sensor[4].handle=0x00000011
10-23 01:07:40.101  1866  4516 D SensorService: removing connection 0xb40000799ecf2300 for sensor[5].handle=0x00000013
10-23 01:07:40.101  1866  4516 D SensorService: removing connection 0xb40000799ecf2300 for sensor[6].handle=0x0000001b
10-23 01:07:40.101  1866  4516 D SensorService: removing connection 0xb40000799ecf2300 for sensor[7].handle=0x01000052
10-23 01:07:40.101  1866  4516 D SensorService: removing connection 0xb40000799ecf2300 for sensor[8].handle=0x01000054
10-23 01:07:40.101  1866  4516 W SensorService: SensorEventConnection sensor handle=16, package = unknown_package_pid_9323 disable
10-23 01:07:40.101  1866  4516 D SensorService: SensorDevice::activate: ident=0xb40000781f69ad00, handle=0x00000010, enabled=0, count=1
10-23 01:07:40.101  1866  4516 D SensorService: disable index=0
10-23 01:07:40.101  1866  4516 D SensorService: activateHardware = 1
10-23 01:07:40.101  1866  4516 D SensorService: 	>>> actuating h/w activate handle=16 enabled=0
10-23 01:07:40.101   876   876 I sensors-hal-FusionChannel: activate: [16,0]
10-23 01:07:40.101   876   876 I sensors-hal-OriginChannel: batch: [4,80000000,0]
10-23 01:07:40.102  1866  4516 D SensorServiceImpl: reset the mRecentEvent handle = 16
10-23 01:07:40.102  1866  4516 D SensorServiceImpl: disable reset the lastEvent handle = 16 in disable
10-23 01:07:40.102  9323  9712 E Parcel  : Reading a NULL string not supported here.
10-23 01:07:40.102  1866  4516 D SensorService: ~SensorEventConnection(0xb40000781f69ad00)
10-23 01:07:40.102  1866  4516 D SensorService: 8 active sensors
10-23 01:07:40.102  1866  4516 D SensorService: removing connection 0xb40000781f69ad00 for sensor[0].handle=0x00000001
10-23 01:07:40.102  1866  4516 D SensorService: removing connection 0xb40000781f69ad00 for sensor[1].handle=0x00000004
10-23 01:07:40.102  1866  4516 D SensorService: removing connection 0xb40000781f69ad00 for sensor[2].handle=0x00000005
10-23 01:07:40.102  1866  4516 D SensorService: removing connection 0xb40000781f69ad00 for sensor[3].handle=0x00000011
10-23 01:07:40.102  1866  4516 D SensorService: removing connection 0xb40000781f69ad00 for sensor[4].handle=0x00000013
10-23 01:07:40.102  1866  4516 D SensorService: removing connection 0xb40000781f69ad00 for sensor[5].handle=0x0000001b
10-23 01:07:40.102  1866  4516 D SensorService: removing connection 0xb40000781f69ad00 for sensor[6].handle=0x01000052
10-23 01:07:40.102  1866  4516 D SensorService: removing connection 0xb40000781f69ad00 for sensor[7].handle=0x01000054
10-23 01:07:40.104  9323  9654 I Unity   : [XR] [CardboardXrInputProvider]: Lifecycle finished
10-23 01:07:40.113  1237  1327 D AAL     : 10-23 01:07:40.097 BL=  71,ESS= 256, 
10-23 01:07:40.119  1866  4516 I FocusResolver: updateFocusedWindow,  on display 0, reason: NO_WINDOW, result:   FocusedWindows: <none>
10-23 01:07:40.123  9323  9654 D m.naitan.pewpe: PlayerBase::stop() from IPlayer
10-23 01:07:40.123  9323  9654 D AudioTrack: stop(9813): prior state:STATE_ACTIVE output 29 stream 3 session 46049
10-23 01:07:40.123  9323  9654 D AudioTrack: stop(9813): called with 735488 frames delivered
10-23 01:07:40.123  9323  9654 D AudioTrackShared: this(0xb4000079a65be4c0), mCblk(0x7a5762d000), front(734464), mIsOut 1, interrupt() FUTEX_WAKE
10-23 01:07:40.123  9323  9654 D AudioTrack: stop(9813): 0xb40000786c60e000 stop done
10-23 01:07:40.124  9323  9654 D AudioTrack: stop(9813): prior state:STATE_STOPPED output 29 stream 3 session 46049
10-23 01:07:40.124  9323  9654 D AudioTrack: ~AudioTrack(9813): 0xb40000786c60e000
10-23 01:07:40.124  9323  9654 D AudioTrack: ~AudioTrack, releasing mStatus =0 session id 46049 from 9323 on behalf of 9323
10-23 01:07:40.124  9323  9654 D AudioTrack: stop(9813): prior state:STATE_STOPPED output 29 stream 3 session 46049
10-23 01:07:40.124  9323  9654 D AudioTrackShared: this(0xb4000079a65be4c0), mCblk(0x7a5762d000), front(734464), mIsOut 1, interrupt() FUTEX_WAKE
10-23 01:07:40.124  9323  9654 D AudioTrack: stopAndJoinCallbacks(9813) done
10-23 01:07:40.133  9323  9705 D libMEOW : meow delete tls: 0xb4000078700c2000
10-23 01:07:40.136  9323  9654 E Parcel  : Reading a NULL string not supported here.
10-23 01:07:40.137  1866  4516 D SensorService: ~SensorEventConnection(0xb40000792d412780)
10-23 01:07:40.137  1866  4516 D SensorService: 8 active sensors
10-23 01:07:40.137  1866  4516 D SensorService: removing connection 0xb40000792d412780 for sensor[0].handle=0x00000001
10-23 01:07:40.137  1866  4516 D SensorService: removing connection 0xb40000792d412780 for sensor[1].handle=0x00000004
10-23 01:07:40.137  1866  4516 D SensorService: removing connection 0xb40000792d412780 for sensor[2].handle=0x00000005
10-23 01:07:40.137  1866  4516 D SensorService: removing connection 0xb40000792d412780 for sensor[3].handle=0x00000011
10-23 01:07:40.137  1866  4516 D SensorService: removing connection 0xb40000792d412780 for sensor[4].handle=0x00000013
10-23 01:07:40.137  1866  4516 D SensorService: removing connection 0xb40000792d412780 for sensor[5].handle=0x0000001b
10-23 01:07:40.137  1866  4516 D SensorService: removing connection 0xb40000792d412780 for sensor[6].handle=0x01000052
10-23 01:07:40.137  1866  4516 D SensorService: removing connection 0xb40000792d412780 for sensor[7].handle=0x01000054
10-23 01:07:40.139  9323  9654 E Parcel  : Reading a NULL string not supported here.
10-23 01:07:40.139  1866  4516 D SensorService: ~SensorEventConnection(0xb40000792d412900)
10-23 01:07:40.139  1866  4516 D SensorService: 8 active sensors
10-23 01:07:40.139  1866  4516 D SensorService: 0: disabling handle=0x00000001
10-23 01:07:40.139  1866  4516 D SensorService: SensorDevice::activate: ident=0xb40000792d412900, handle=0x00000001, enabled=0, count=4
10-23 01:07:40.139  1866  4516 D SensorService: disable index=2
10-23 01:07:40.139  1866  4516 D SensorService: 	>>> actuating h/w batch 0x00000001 66667000 0
10-23 01:07:40.139   876   876 I sensors-hal-OriginChannel: batch: [1,66667000,0]
10-23 01:07:40.139  1866  4516 D SensorService: activateHardware = 0
10-23 01:07:40.139  1866  4516 D SensorService: removing connection 0xb40000792d412900 for sensor[0].handle=0x00000001
10-23 01:07:40.139  1866  4516 D SensorService: removing connection 0xb40000792d412900 for sensor[1].handle=0x00000004
10-23 01:07:40.139  1866  4516 D SensorService: removing connection 0xb40000792d412900 for sensor[2].handle=0x00000005
10-23 01:07:40.139  1866  4516 D SensorService: removing connection 0xb40000792d412900 for sensor[3].handle=0x00000011
10-23 01:07:40.139  1866  4516 D SensorService: removing connection 0xb40000792d412900 for sensor[4].handle=0x00000013
10-23 01:07:40.139  1866  4516 D SensorService: removing connection 0xb40000792d412900 for sensor[5].handle=0x0000001b
10-23 01:07:40.139  1866  4516 D SensorService: removing connection 0xb40000792d412900 for sensor[6].handle=0x01000052
10-23 01:07:40.139  1866  4516 D SensorService: removing connection 0xb40000792d412900 for sensor[7].handle=0x01000054
10-23 01:07:40.141  9323  9654 I BufferQueueProducer: [SurfaceView[com.naitan.pewpew/com.unity3d.player.UnityPlayerActivity]#1(BLAST Consumer)1](id:246b00000001,api:1,p:9323,c:9323) disconnect: api 1
10-23 01:07:40.142  9323  9654 E BLASTBufferQueue: BLASTBufferItemConsumer::onDisconnect()
10-23 01:07:40.148  1866  4516 V SensorManager: call sensorServiceCommonInterface name: setScreenShotDisable
10-23 01:07:40.148  1866  4516 D SensorService: SensorService sensorServiceCommonInterface = setScreenShotDisable
10-23 01:07:40.148  1866  4516 D SensorServiceImpl: SensorServiceExtImpl sensorServiceCommonInterface funcName= setScreenShotDisable , flag =0, status =0
10-23 01:07:40.148  1866  4516 I OplusHansManager : front pkg: com.android.launcher, uid: 10103, prev pkg: com.naitan.pewpew, prev uid: 10621
10-23 01:07:40.148  1866  2766 I OplusHansManager : notifyAppGoForeground, uid=10103
10-23 01:07:40.148  1866  2766 I OplusHansManager : notifyAppGoBackground, uid=10621
10-23 01:07:40.148   977  3217 D SurfaceFlinger: VRR [SurfaceFlinger] setDesiredDisplayModeSpecs, from process 1866
10-23 01:07:40.148  1866  2693 I OplusHansManager : uid=10621, pkg=com.naitan.pewpew enter SM
10-23 01:07:40.148  1866  2693 I OplusHansManager : uid=10621, pkg=com.naitan.pewpew R enter()
10-23 01:07:40.148   977   977 D SurfaceFlinger: VRR [SurfaceFlinger] setDesiredDisplayModeSpecsInternal: default mode ID: 1, allowGroupSwitching = 0, primary range: [120.00fps 120.00fps], app request range: [120.00fps 120.00fps]
10-23 01:07:40.148   977   977 D SurfaceFlinger: VRR [SurfaceFlinger] setDesiredDisplayModeSpecsInternal: 1 (120.00fps)
10-23 01:07:40.148   977   977 D SurfaceFlinger: VRR [SurfaceFlinger] setDesiredActiveMode: 120.00fps event: 1 
10-23 01:07:40.148  1866  1929 D VRR [OPlusRefreshRateService]: onConfigChanged physicalDisplayId: 0 modeId: 0
10-23 01:07:40.149  1866  1924 W Choreographer: Frame time is 0.305028  now = 1134744104679479  timestampNanos = 1134744104984507 ms in the future!  Check that graphics HAL is generating vsync timestamps using the correct timebase.
10-23 01:07:40.149  1866  2340 I Osense-DecisionMaker: notifyScene: SCENE_LAUNCHER, to sw policy!
10-23 01:07:40.149  1866  2340 I Osense-DecisionMaker: notifySceneToAthenaPolicy...SCENE_LAUNCHER
10-23 01:07:40.149  1866  2197 D OplusBrightUtils: ---> setBrightnessNoAnimation false
10-23 01:07:40.149  1866  2340 D Osense-DecisionMaker: getCurrentSysStats, availmemMb: 2805, freememMb: 301
10-23 01:07:40.149  1866  2197 D LightsServiceExtImpl: baseSetLightLocked end.
10-23 01:07:40.150  1866  4516 I OplusJoystickManager: handleApplicationSwitch deprecated!
10-23 01:07:40.150  1866  2197 D OplusFeatureDCBacklight: notifySfRepaintEverything begin mCurrentDCMode:-1
10-23 01:07:40.150  1866  2887 D OplusEapManager: mTargetExitName :com.naitan.pewpew
10-23 01:07:40.150  1866  2340 D Osense-MemoryReaderUtils: actualSwapTotalMem: 4095, actualSwapFreeMem: 2060
10-23 01:07:40.150  1866  2340 D Osense-DecisionMaker: getCurrentSysStats, zramLoad: 50
10-23 01:07:40.150  1866  2887 V DCSEX-AppSwitchManager: OnAppSwitchObserver: onAppExit, resuming = com.android.launcher, target = com.naitan.pewpew, is ResumingFirstStart =  false, is ResumingMultiApp =  false, extensionInfo =  Bundle[{taskId=2680, uid=10103}]
10-23 01:07:40.150  1866  4516 I PowerHalWrapper: amsBoostNotify pid:28429,activity:com.android.launcher.Launcher, package:com.android.launcher, mProcessCreatePackcom.naitan.pewpew 
10-23 01:07:40.150  1866  4516 I PowerHalWrapper: state: 1 
10-23 01:07:40.150  1866  2887 D VRR [OPlusFrontAppManager]: OnAppSwitchObserver: onAppExit , info.targetName = com.naitan.pewpew
10-23 01:07:40.150  1866  2887 D VRR [OPlusFrontAppManager]: packageName: null
10-23 01:07:40.150  1866  4516 I PowerHalWrapper: amsBoostNotify AMS_BOOST_PROCESS_CREATE_BOOST:false 
10-23 01:07:40.150  1866  2724 I OplusResourcePreloadManager: resume pkg: com.android.launcher, uid:10103, prev pkg: com.naitan.pewpew, prev uid: 10621
10-23 01:07:40.150  1866  7006 D DCSEX-AppLaunchEventRecorder: onAppSwitch from = com.naitan.pewpew to = com.android.launcher
10-23 01:07:40.150  1866  7006 D DCSEX-AppLaunchEventRecorder: recordExitApp = com.naitan.pewpew
10-23 01:07:40.151  1866  1929 D VRR [OPlusRefreshRateService]: handleFrontAppChange pkgName: null
10-23 01:07:40.151  1866  1929 D VRR [OPlusExternalRefreshRateManager]: setFrontPackageName pkgName: null CurPkgName: com.naitan.pewpew
10-23 01:07:40.151  1866  7006 E OplusTrack-ApkInfoUtil: java.lang.NullPointerException: Attempt to invoke virtual method 'java.lang.Object android.os.Bundle.get(java.lang.String)' on a null object reference
10-23 01:07:40.151  1866  1924 D OplusDisplayPowerControllerExtImpl: original brightness to dataBase:59 final brightness:26.0 scale:0.4456848 reason:4 darkLevel:2
10-23 01:07:40.151  1866  7006 W System.err: java.lang.NullPointerException: Attempt to invoke virtual method 'java.lang.Object android.os.Bundle.get(java.lang.String)' on a null object reference
10-23 01:07:40.151  1866  7006 W System.err: 	at com.oplus.statistics.h.b.d(ApkInfoUtil.java:136)
10-23 01:07:40.151  1866  7006 W System.err: 	at com.oplus.statistics.b.b.a(TrackEvent.java:141)
10-23 01:07:40.151  1866  7006 W System.err: 	at com.oplus.statistics.b.b.<init>(TrackEvent.java:47)
10-23 01:07:40.151  1866  7006 W System.err: 	at com.oplus.statistics.b.a.<init>(CommonBean.java:37)
10-23 01:07:40.151  1866  7006 W System.err: 	at com.oplus.statistics.c.a(OplusTrack.java:223)
10-23 01:07:40.151  1866  7006 W System.err: 	at com.oplus.statistics.e.a.a$a.a(AppLaunchEventRecorder.java:120)
10-23 01:07:40.151  1866  7006 W System.err: 	at com.oplus.statistics.e.a.a$a.a(AppLaunchEventRecorder.java:80)
10-23 01:07:40.151  1866  7006 W System.err: 	at com.oplus.statistics.e.a.-$$Lambda$2fHLmT8JZlr5OzkT2xnqiCVdLEk.onAppSwitch(Unknown Source:2)
10-23 01:07:40.151  1866  7006 W System.err: 	at com.oplus.statistics.c.b.a(AppSwitchMonitor.java:107)
10-23 01:07:40.151  1866  7006 W System.err: 	at com.oplus.statistics.c.b.lambda$yF2sSrETF4wpk07pjuI1ubPVnB8(Unknown Source:0)
10-23 01:07:40.151  1866  7006 W System.err: 	at com.oplus.statistics.c.-$$Lambda$b$yF2sSrETF4wpk07pjuI1ubPVnB8.accept(Unknown Source:4)
10-23 01:07:40.151  1866  7006 W System.err: 	at java.util.concurrent.CopyOnWriteArrayList.forEach(CopyOnWriteArrayList.java:895)
10-23 01:07:40.151  1866  7006 W System.err: 	at com.oplus.statistics.c.b.b(AppSwitchMonitor.java:107)
10-23 01:07:40.151  1866  7006 W System.err: 	at com.oplus.statistics.c.b.lambda$fX4Hi7f3z5t3AW9aa0q-E6iGF5w(Unknown Source:0)
10-23 01:07:40.151  1866  7006 W System.err: 	at com.oplus.statistics.c.-$$Lambda$b$fX4Hi7f3z5t3AW9aa0q-E6iGF5w.run(Unknown Source:4)
10-23 01:07:40.151  1866  7006 W System.err: 	at java.util.concurrent.ThreadPoolExecutor.runWorker(ThreadPoolExecutor.java:1145)
10-23 01:07:40.151  1866  7006 W System.err: 	at java.util.concurrent.ThreadPoolExecutor$Worker.run(ThreadPoolExecutor.java:644)
10-23 01:07:40.151  1866  1924 V DisplayPowerController[0]: Brightness [26.0] reason changing to: 'automatic [ auto_adj ]', previous reason: 'automatic'.
10-23 01:07:40.151  1866  7006 W System.err: 	at java.lang.Thread.run(Thread.java:1012)
10-23 01:07:40.151  1866  1924 D VRR [OPlusRefreshRateService]: notifyBrightnessChange brightness: 26.0
10-23 01:07:40.151  1866  7006 W OplusTrack-TrackEvent: appId is empty
10-23 01:07:40.152  1866  4516 E WindowManager: makeSurface WindowToken{ee2350d android.os.BinderProxy@ece83a4} windowType 2314
10-23 01:07:40.152  1866  2887 D OplusEapManager: mTargetEnterName :com.android.launcher
10-23 01:07:40.152  1866  2887 D OplusLatencyOptimizerManager: enter pkg: com.android.launcher isPrevBlackAppTop: false mIsBlackAppTop: false
10-23 01:07:40.152  2524  9667 D AppSwitchListener: onAppExit() called !
10-23 01:07:40.152  1866  2887 V DCSEX-AppSwitchManager: OnAppSwitchObserver: onAppEnter, launchedFrom =  com.android.launcher, target =  com.android.launcher, is firstStart =  false, is multiApp =  false, extensionInfo =  Bundle[{taskId=2680, pid=28429, uid=10103, versionCode=12101}]
10-23 01:07:40.152  1866  2887 D VRR [OPlusFrontAppManager]: OnAppSwitchObserver: onAppEnter , info.targetName = com.android.launcher
10-23 01:07:40.152  1866  2887 D VRR [OPlusFrontAppManager]: packageName: com.android.launcher
10-23 01:07:40.152  1866  1929 D VRR [OPlusRefreshRateService]: handleFrontAppChange pkgName: com.android.launcher
10-23 01:07:40.152  1866  1929 D VRR [OPlusExternalRefreshRateManager]: setFrontPackageName pkgName: com.android.launcher CurPkgName: null
10-23 01:07:40.153  1866  1986 E AthenaService: MemoryGuardAction: handleAppChange
10-23 01:07:40.153   977  3217 D SurfaceFlinger: addClientLayer(133): seq(247295) name,Surface(name=WindowToken{ee2350d android.os.BinderProxy@ece83a4})/@0xbaedca9 - animation-leash of fixed_rotation#0
10-23 01:07:40.153  1866  1929 D VRR [OPlusRefreshRateService]: onConfigChanged physicalDisplayId: 0 modeId: 1
10-23 01:07:40.153   865   865 I hwcomposer: [HWC] (0) displaySetActiveConfig config:1  
10-23 01:07:40.154   892   978 I libPowerHal: [perfNotifyAppState] foreground:com.android.launcher, pid:28429, uid:10103
10-23 01:07:40.154  1866  4516 E WindowManager: makeSurface WindowToken{b37087b android.os.BinderProxy@8d9e80a} windowType 2314
10-23 01:07:40.154 19216 25432 D ZoomAppController: ignore onAppEnter: mCurrentZoomInfo is null
10-23 01:07:40.154   892   978 I UxUtility: notifyForegroundApp pack:com.android.launcher, uid:10103
10-23 01:07:40.154   892   978 I TouchUtility: notifyAppState error = NULL
10-23 01:07:40.154   892   978 I SbeHandle: pack:com.android.launcher->com.android.launcher.Launcher Not Has APPList
10-23 01:07:40.154   892   978 I libPowerHal: [PE] scn:380 pack:com.android.launcher
10-23 01:07:40.154   892   978 I libPowerHal: com.android.launcher: set gpu opp level: 26
10-23 01:07:40.154  2524  8952 W Battery : ThermalControlUtils: mForegroundPkg=com.android.launcher
10-23 01:07:40.154   892   978 I libPowerHal: com.android.launcher: set gpu opp level max: 0
10-23 01:07:40.155   892   978 I SbeHandle: pack:com.android.launcher->Common Not Has APPList
10-23 01:07:40.155   892   978 I libPowerHal: [PE] scn:451 pack:com.android.launcher
10-23 01:07:40.155   892   978 I libPowerHal: com.android.launcher: cpu_ctrl set cpu freq: 2000000 -1 2400000 -1
10-23 01:07:40.155   977  1029 D SurfaceFlinger: addClientLayer(134): seq(247296) name,Surface(name=WindowToken{b37087b android.os.BinderProxy@8d9e80a})/@0x14c9f9b - animation-leash of fixed_rotation#0
10-23 01:07:40.155   892   906 I mtkpower@impl: [notifyAppState] pc:0, com.naitan.pewpew => com.android.launcher
10-23 01:07:40.156  1866  9986 D OplusKeepAliveManager: TOP_APP is ProcessRecord{748d96c 28429:com.android.launcher/u0a103} uid is 10103
10-23 01:07:40.156  1866  4516 E WindowManager: makeSurface WindowToken{430e515 android.os.BinderProxy@fd500ff} windowType 2000
10-23 01:07:40.157   977  1029 D SurfaceFlinger: addClientLayer(135): seq(247297) name,Surface(name=WindowToken{430e515 android.os.BinderProxy@fd500ff})/@0x86d2beb - animation-leash of fixed_rotation#0
10-23 01:07:40.157  9420  9627 D AudioManagerExtImpl: getStreamVolume packageName=com.facebook.katana, index=0, streamType=1
10-23 01:07:40.157  1866  4516 E WindowManager: makeSurface WindowToken{f7dbaa4 android.os.BinderProxy@8964236} windowType 2019
10-23 01:07:40.158   977  1029 D SurfaceFlinger: addClientLayer(136): seq(247298) name,Surface(name=WindowToken{f7dbaa4 android.os.BinderProxy@8964236})/@0xff09bc7 - animation-leash of fixed_rotation#0
10-23 01:07:40.158  1866  2693 I OplusHansManager : uid=10019, pkg=com.application.zomato can transition from R to M
10-23 01:07:40.158  1866  2693 I OplusHansManager : uid=10019, pkg=com.application.zomato M enter()
10-23 01:07:40.160  4786  5801 V DeepThinker: ProcessManager: onForegroundActivitiesChanged pid:28429, uid:10103, foregroundActivities:true
10-23 01:07:40.160  3262 12729 D OplusAtlas.OplusAtlasEventDispatch: setEvent:atlas_event_on_foreground_activities_changed info:pid:28429,uid:10103,hasForegroundActivities:1
10-23 01:07:40.160  3262  4302 D OplusAtlas.OplusAudioScene: callback success event:atlas_event_on_foreground_activities_changed eventInfo:pid:28429,uid:10103,hasForegroundActivities:1
10-23 01:07:40.161  3262  4478 D OplusAtlas.OplusMessageHandler: handleMessage: Msg { when=0 what=2 obj=com.oplus.atlas.OplusAtlasEvent@71fac6f target=com.oplus.atlas.OplusMessageHandler$MyHandler }
10-23 01:07:40.161  1866  4516 D CompactWindowManagerService: shouldExitFixedRotation r = ActivityRecord{817d28 u0 com.android.launcher/.Launcher t2680};getRequestedOrientation = 5; isVisible = false; Diff rotation = 0; rotation = 1; displaycontent.orientation = 2; mOpeningApps = {ActivityRecord{817d28 u0 com.android.launcher/.Launcher t2680}}; 
10-23 01:07:40.161  1866  4516 D CompactWindowManagerService:  callers:com.android.server.wm.DisplayContentExtImpl.shouldExitFixedRotation:548 com.android.server.wm.DisplayContent.handleTopActivityLaunchingInDifferentOrientation:1696 com.android.server.wm.DisplayContent.updateOrientation:1609 com.android.server.wm.DisplayContent.updateOrientation:1535 com.android.server.wm.DisplayContent.onDescendantOrientationChanged:1472 com.android.server.wm.WindowContainer.onDescendantOrientationChanged:1210 com.android.server.wm.DisplayArea.onDescendantOrientationChanged:163 com.android.server.wm.WindowContainer.onDescendantOrientationChanged:1210 com.android.server.wm.DisplayArea.onDescendantOrientationChanged:163 com.android.server.wm.WindowContainer.onDescendantOrientationChanged:1210 com.android.server.wm.DisplayArea.onDescendantOrientationChanged:163 com.android.server.wm.WindowContainer.onDescendantOrientationChanged:1210 com.android.server.wm.DisplayArea.onDescendantOrientationChanged:163 com.android.server.wm.WindowContainer.onDescendantOrientationChanged:1210 com.android.server.wm.DisplayArea.onDescendantOrientationChanged:163 com.android.server.wm.WindowContainer.onDescendantOrientationChanged:1210 com.android.server.wm.Task.onDescendantOrientationChanged:3491 com.android.server.wm.WindowContainer.onDescendantOrientationChanged:1210 com.android.server.wm.Task.onDescendantOrientationChanged:3491 com.android.server.wm.WindowContainer.onDescendantOrientationChanged:1210 
10-23 01:07:40.161  1866  9986 W Binder  : Outgoing transactions from this process must be FLAG_ONEWAY
10-23 01:07:40.161  1866  9986 W Binder  : java.lang.Throwable
10-23 01:07:40.161  1866  9986 W Binder  : 	at android.os.BinderProxy.transact(BinderProxy.java:573)
10-23 01:07:40.161  1866  9986 W Binder  : 	at android.content.ContentProviderProxy.insert(ContentProviderNative.java:555)
10-23 01:07:40.161  1866  9986 W Binder  : 	at android.content.ContentProviderClient.insert(ContentProviderClient.java:347)
10-23 01:07:40.161  1866  9986 W Binder  : 	at android.content.ContentProviderClient.insert(ContentProviderClient.java:336)
10-23 01:07:40.161  1866  9986 W Binder  : 	at com.oplus.statistics.d.b.a(ContentProviderRecorder.java:81)
10-23 01:07:40.161  1866  9986 W Binder  : 	at com.oplus.statistics.d.b.a(ContentProviderRecorder.java:29)
10-23 01:07:40.161  1866  9986 W Binder  : 	at com.oplus.statistics.d.d.a(ProxyRecorder.java:28)
10-23 01:07:40.161  1866  9986 W Binder  : 	at com.oplus.statistics.a.c.a(CommonAgent.java:14)
10-23 01:07:40.161  1866  9986 W Binder  : 	at com.oplus.statistics.c.c(OplusTrack.java:264)
10-23 01:07:40.161  1866  9986 W Binder  : 	at com.oplus.statistics.c.lambda$PPWtKXWI0DlTcxUrOHoqM4tRcIQ(Unknown Source:0)
10-23 01:07:40.161  1866  9986 W Binder  : 	at com.oplus.statistics.-$$Lambda$c$PPWtKXWI0DlTcxUrOHoqM4tRcIQ.run(Unknown Source:2)
10-23 01:07:40.161  1866  9986 W Binder  : 	at android.os.Handler.handleCallback(Handler.java:938)
10-23 01:07:40.161  1866  9986 W Binder  : 	at android.os.Handler.dispatchMessage(Handler.java:99)
10-23 01:07:40.161  1866  9986 W Binder  : 	at android.os.Looper.loopOnce(Looper.java:233)
10-23 01:07:40.161  1866  9986 W Binder  : 	at android.os.Looper.loop(Looper.java:344)
10-23 01:07:40.161  1866  9986 W Binder  : 	at android.os.HandlerThread.run(HandlerThread.java:67)
10-23 01:07:40.162  1866  4516 D TaskExtImpl: addColorModeOnResume resume=true pkg = com.android.launcher
10-23 01:07:40.162  4985  5004 I [0]DCS-StrategyManager: isNeedUpload: true, type: 1, appID: 0, logTag: , eventID: 
10-23 01:07:40.163  1237  1327 I AALCust : Backlight Bits: 12bit
10-23 01:07:40.163  1237  1327 D AAL     : onBacklightChanged: 71/1023 -> 70/1023(phy:70/4095)
10-23 01:07:40.163  1237  1327 D AAL     : LABC: LABC after setTarget isSmoothBacklight=0 
10-23 01:07:40.166  1866  4516 I PowerHalWrapper: amsBoostNotify pid:9323,activity:com.unity3d.player.UnityPlayerActivity, package:com.naitan.pewpew, mProcessCreatePackcom.naitan.pewpew 
10-23 01:07:40.166  1866  4516 I PowerHalWrapper: state: 0 
10-23 01:07:40.166  1866  4516 I PowerHalWrapper: amsBoostNotify AMS_BOOST_PROCESS_CREATE_BOOST:false 
10-23 01:07:40.167  1866  1890 D DisplayManagerService: Delivering display event: displayId=0, event=4
10-23 01:07:40.167  1866  1890 D DisplayManagerService: Delivering display event: displayId=0, event=2
10-23 01:07:40.167  9323  9323 D AudioManagerExtImpl: getStreamVolume packageName=com.naitan.pewpew, index=4, streamType=3
10-23 01:07:40.168  1866  3716 D CompactWindowManagerService: shouldExitFixedRotation r = ActivityRecord{817d28 u0 com.android.launcher/.Launcher t2680};getRequestedOrientation = 5; isVisible = false; Diff rotation = 0; rotation = 1; displaycontent.orientation = 2; mOpeningApps = {ActivityRecord{817d28 u0 com.android.launcher/.Launcher t2680}}; 
10-23 01:07:40.168  1866  3716 D CompactWindowManagerService:  callers:com.android.server.wm.DisplayContentExtImpl.shouldExitFixedRotation:548 com.android.server.wm.DisplayContent.handleTopActivityLaunchingInDifferentOrientation:1696 com.android.server.wm.DisplayContent.updateOrientation:1609 com.android.server.wm.DisplayContent.updateOrientation:1512 com.android.server.wm.WindowManagerService.relayoutWindow:2635 com.android.server.wm.Session.relayout:247 android.view.IWindowSession$Stub.onTransact:735 com.android.server.wm.Session.onTransact:177 android.os.Binder.execTransactInternal:1221 android.os.Binder.execTransact:1163 <bottom of call stack> <bottom of call stack> <bottom of call stack> <bottom of call stack> <bottom of call stack> <bottom of call stack> <bottom of call stack> <bottom of call stack> <bottom of call stack> <bottom of call stack> 
10-23 01:07:40.168  5880  5882 E IHansComunication: HANS printMessageBody: RCVed message body: type = 0, port = 86870, caller_pid = 1866, caller_uid = 1000, target_pid = 8140, target_uid = 10300, pkg_cmd = -1
10-23 01:07:40.169  2524  8952 W Battery : ThermalControllHandler: tempLevel=3,userMode=2,gameUserMode=-1,appType=-1,envTempType=0,appStates=[]
10-23 01:07:40.169  1866  1929 D VRR [OPlusRefreshRateService]: onConfigChanged physicalDisplayId: 0 modeId: 1
10-23 01:07:40.170  2524  8952 W Battery : ThermalControllerCenter: mSafetyState=10000
10-23 01:07:40.171   977  1029 I BufferQueueDebug: [(1-1)-Window{225ff8a alpha=1.0 fl=}#0](this:0xb4000071aa3dfa40,id:-1,api:0,p:-1,c:-1) BufferQueue core=(977:/system/bin/surfaceflinger)
10-23 01:07:40.171  1866  2694 I OplusHansManager : unfreeze uid: 10300 com.nextbillion.groww pids: [8563, 8140] reason: AsyncBinder scene: LcdOn
10-23 01:07:40.171   977  1029 D SurfaceFlinger: addClientLayer(137): seq(247299) name,(1-1)-Window{225ff8a alpha=1.0 fl=}#0
10-23 01:07:40.171  2524  8952 W Battery : ThermalControllHandler: tempGear=3,configItemName=common_config
10-23 01:07:40.172   977  1209 D VRR [OTI-HW]: isStateReady 0
10-23 01:07:40.172   977  1209 D VRR [OTI-HW]: rate range: min {id=0, hwcId=0, fps=60.00, width=1080, height=2400 group=-1} cur {id=1, hwcId=1, fps=120.00, width=1080, height=2400 group=-1} max {id=1, hwcId=1, fps=120.00, width=1080, height=2400 group=-1}
10-23 01:07:40.172   977  1209 D VRR [OTI-HW]: keep rate.
10-23 01:07:40.172  2524  5514 W Battery : ThermalControllHandler: MSG_THERMAL_CONTROL_CATEGORY_CHANGED
10-23 01:07:40.173  1866  3664 D OplusGameRotationService: lockRotationInGame: change state to 0
10-23 01:07:40.173  1866  2693 I OplusHansManager : uid=10300, pkg=com.nextbillion.groww, transition from Frozen to Middle, reason=AsyncBinder
10-23 01:07:40.173  1866  2693 I OplusHansManager : uid=10300, pkg=com.nextbillion.groww F exit(), reason=AsyncBinder
10-23 01:07:40.174  1866  2766 D OplusProxyWakeLock: remove uid: 10300 wiht all pids from wakelockUidInfo list
10-23 01:07:40.174  1866  4003 D CompactWindowManagerService: shouldExitFixedRotation r = ActivityRecord{817d28 u0 com.android.launcher/.Launcher t2680};getRequestedOrientation = 5; isVisible = false; Diff rotation = 0; rotation = 1; displaycontent.orientation = 2; mOpeningApps = {ActivityRecord{817d28 u0 com.android.launcher/.Launcher t2680}}; 
10-23 01:07:40.174  1866  4003 D CompactWindowManagerService:  callers:com.android.server.wm.DisplayContentExtImpl.shouldExitFixedRotation:548 com.android.server.wm.DisplayContent.handleTopActivityLaunchingInDifferentOrientation:1696 com.android.server.wm.DisplayContent.updateOrientation:1609 com.android.server.wm.DisplayContent.updateOrientation:1512 com.android.server.wm.WindowManagerService.relayoutWindow:2635 com.android.server.wm.Session.relayout:247 android.view.IWindowSession$Stub.onTransact:735 com.android.server.wm.Session.onTransact:177 android.os.Binder.execTransactInternal:1221 android.os.Binder.execTransact:1163 <bottom of call stack> <bottom of call stack> <bottom of call stack> <bottom of call stack> <bottom of call stack> <bottom of call stack> <bottom of call stack> <bottom of call stack> <bottom of call stack> <bottom of call stack> 
10-23 01:07:40.174  1866  4003 I WindowManager: Relayout Window{30853bb u0 (1-1)-Window{225ff8a alpha=1.0 fl=}}: oldVis=8 newVis=0 focusMayChange = true requestedWidth = 1080 requestedHeight = 2400 outFrames = ClientWindowFrames{frame=[0,0][1080,2400] display=[0,0][1080,2400] backdrop=[0,0][1080,2400]} outSurfaceControl = Surface(name=(1-1)-Window{225ff8a alpha=1.0 fl=})/@0xff6dd50
10-23 01:07:40.175 28429 28429 D IconConfigParser: parseConfig::icon config =: IconConfig = [ isForeign : true,theme : 4,iconSize : 5000,iconShape : 0,foregroundSize : 5600,artPlusOn : 1,iconRadius ：36,darkModeIcon:1,localSpecial:false ]
10-23 01:07:40.176   977  1029 D OplusSurfaceFlinger: SCLTM hint=0x0, isSCLTMLayer=0
10-23 01:07:40.176 12038 12038 I BufferQueueConsumer: [](id:2f06000000ac,api:0,p:-1,c:12038) connect: controlledByApp=false
10-23 01:07:40.177  1866  4003 D UsageStatsService: User[0] type=0 b=1729625836990 e=1729625860176 cb=1729553189887 ce=1729625860167 disk=0 all=8
10-23 01:07:40.179  1866  1890 I VRR [OPlusRefreshRateManager]: hasADFRFeature return false
10-23 01:07:40.180  1237  1327 D AAL     : 10-23 01:07:40.164 BL=  70,ESS= 256, 
10-23 01:07:40.180 12038 12038 I BLASTBufferQueue: [ViewRootImpl[(1-1)-Window{225ff8a alpha=1.0 fl=}]#172] constructor()
10-23 01:07:40.181 12038 12038 I A       : (REDACTED) onApplyWindowInsets: systemWindowInsets=%s
10-23 01:07:40.181 12038 12038 I A       : (REDACTED) onApplyWindowInsets: systemWindowInsets=%s
10-23 01:07:40.182  1866  1890 I DisplayManagerService: Comparing display specs: baseModeId=2 allowGroupSwitching=false primaryRefreshRateRange=[0 120] appRequestRefreshRateRange=[0 120] vrrPolicy=POLICY_DEFAULT, existing: baseModeId=1 allowGroupSwitching=false primaryRefreshRateRange=[0 60] appRequestRefreshRateRange=[0 60] vrrPolicy=POLICY_DEFAULT
10-23 01:07:40.182 12038 12096 I BufferQueueProducer: [ViewRootImpl[(1-1)-Window{225ff8a alpha=1.0 fl=}]#172(BLAST Consumer)172](id:2f06000000ac,api:1,p:12038,c:12038) connect: api=1 producerControlledByApp=true
10-23 01:07:40.186   977  3217 I BufferQueueDebug: [com.android.launcher/com.android.launcher.Launcher#0](this:0xb4000071bbfdda40,id:-1,api:0,p:-1,c:-1) BufferQueue core=(977:/system/bin/surfaceflinger)
10-23 01:07:40.186   977  3217 D SurfaceFlinger: addClientLayer(138): seq(247300) name,com.android.launcher/com.android.launcher.Launcher#0
10-23 01:07:40.187  1866  1890 I DisplayDeviceRepository: Display device changed: DisplayDeviceInfo{"Built-in Screen": uniqueId="local:0", 1080 x 2400, modeId 2, defaultModeId 1, supportedModes [{id=1, width=1080, height=2400, fps=60.0, alternativeRefreshRates=[90.0, 120.00001]}, {id=2, width=1080, height=2400, fps=120.00001, alternativeRefreshRates=[60.0, 90.0]}, {id=3, width=1080, height=2400, fps=90.0, alternativeRefreshRates=[60.0, 120.00001]}], colorMode 0, supportedColorModes [0], hdrCapabilities HdrCapabilities{mSupportedHdrTypes=[2, 3, 4], mMaxLuminance=500.0, mMaxAverageLuminance=500.0, mMinLuminance=0.0}, allmSupported false, gameContentTypeSupported false, density 480, 397.565 x 406.4 dpi, appVsyncOff 2399998, presDeadline 11933334, cutout DisplayCutout{insets=Rect(0, 110 - 0, 0) waterfall=Insets{left=0, top=0, right=0, bottom=0} boundingRect={Bounds=[Rect(0, 0 - 0, 0), Rect(-4, 0 - 154, 110), Rect(0, 0 - 0, 0), Rect(0, 0 - 0, 0)]} cutoutPathParserInfo={CutoutPathParserInfo{displayWidth=1080 displayHeight=2400 density={3.0} cutoutSpec={M -544,0 L -544,110 L -386,110 L -386,0 Z} rotation={0} scale={1.0}}}}, touch INTERNAL, rotation 0, type INTERNAL, address {port=0}, deviceProductInfo null, state ON, frameRateOverride , brightnessMinimum 0.0, brightnessMaximum 1.0, brightnessDefault 2396.0, FLAG_DEFAULT_DISPLAY, FLAG_ROTATES_WITH_CONTENT, FLAG_SECURE, FLAG_SUPPORTS_PROTECTED_BUFFERS}
10-23 01:07:40.191  3300  3339 E oiface  : get gpu freq table failed
10-23 01:07:40.191  1866  4003 W WindowManager: Changing focus from null to Window{682fbad u0 com.android.launcher/com.android.launcher.Launcher} displayId=0 Callers=com.android.server.wm.RootWindowContainer.updateFocusedWindowLocked:492 com.android.server.wm.WindowManagerService.updateFocusedWindowLocked:6016 com.android.server.wm.WindowManagerService.relayoutWindow:2606 com.android.server.wm.Session.relayout:247 
10-23 01:07:40.191  1866  4003 D CompactWindowManagerService: notifyCompactWindowState task: Task{e10ccc3 #2680 type=undefined I=com.android.launcher/.Launcher U=0 rootTaskId=2679 visible=true mode=fullscreen translucent=false sz=1}; hasFocus: true
10-23 01:07:40.192  1866  4003 D ActivityTaskManager: onWindowFocusChanged Task{e10ccc3 #2680 type=undefined I=com.android.launcher/.Launcher U=0 rootTaskId=2679 visible=true mode=fullscreen translucent=false sz=1} would transfer to compact
10-23 01:07:40.192  3300  3339 E oiface  : get gpu freq table failed
10-23 01:07:40.193   977  3217 D SurfaceFlinger: addClientLayer(139): seq(247301) name,Surface(name=1dc202a StatusBar)/@0x63c152d - animation-leash of insets_animation#1
10-23 01:07:40.194   977  3217 D SurfaceFlinger: addClientLayer(140): seq(247302) name,Surface(name=47c4bc2 NavigationBar0)/@0x52ddd10 - animation-leash of insets_animation#1
10-23 01:07:40.195  1866  4003 D WindowManager: BarWindow--setVisible: id=1, oldState=2, state=0
10-23 01:07:40.195 27924 27924 D StatusBar: Status bar WINDOW_STATE_SHOWING
10-23 01:07:40.195  1866  4003 I OplusStatusBarManagerServiceExtImpl:  topIsFullscreen fullscreen: false
10-23 01:07:40.195  1866  4003 D WindowManager: BarWindow--setVisible: id=2, oldState=2, state=0
10-23 01:07:40.196  1866  4003 D Theia.NoFocusWindow: FocusWindowErrorScene cancelCheckFreezeScreen
10-23 01:07:40.196  1866  4003 D CompactWindowManagerService: shouldExitFixedRotation r = ActivityRecord{817d28 u0 com.android.launcher/.Launcher t2680};getRequestedOrientation = 5; isVisible = false; Diff rotation = 0; rotation = 1; displaycontent.orientation = 2; mOpeningApps = {ActivityRecord{817d28 u0 com.android.launcher/.Launcher t2680}}; 
10-23 01:07:40.196  1866  4003 D CompactWindowManagerService:  callers:com.android.server.wm.DisplayContentExtImpl.shouldExitFixedRotation:548 com.android.server.wm.DisplayContent.handleTopActivityLaunchingInDifferentOrientation:1696 com.android.server.wm.DisplayContent.updateOrientation:1609 com.android.server.wm.DisplayContent.updateOrientation:1512 com.android.server.wm.WindowManagerService.relayoutWindow:2635 com.android.server.wm.Session.relayout:247 android.view.IWindowSession$Stub.onTransact:735 com.android.server.wm.Session.onTransact:177 android.os.Binder.execTransactInternal:1221 android.os.Binder.execTransact:1163 <bottom of call stack> <bottom of call stack> <bottom of call stack> <bottom of call stack> <bottom of call stack> <bottom of call stack> <bottom of call stack> <bottom of call stack> <bottom of call stack> <bottom of call stack> 
10-23 01:07:40.196  1866  4003 I WindowManager: Relayout Window{682fbad u0 com.android.launcher/com.android.launcher.Launcher}: oldVis=4 newVis=0 focusMayChange = true requestedWidth = 1080 requestedHeight = 2400 outFrames = ClientWindowFrames{frame=[0,0][1080,2400] display=[0,0][1080,2400] backdrop=[0,0][1080,2400]} outSurfaceControl = Surface(name=com.android.launcher/com.android.launcher.Launcher)/@0xe8018b9
10-23 01:07:40.197  1866  4003 D UsageStatsService: User[0] type=1 b=1729625836990 e=1729625860176 cb=1729553189887 ce=1729625860167 disk=0 all=147
10-23 01:07:40.198   977  1029 D OplusSurfaceFlinger: SCLTM hint=0x0, isSCLTMLayer=0
10-23 01:07:40.198  1866  1890 D DisplayManagerService: Delivering display event: displayId=0, event=2
10-23 01:07:40.198 28429 28429 I BufferQueueConsumer: [](id:6f0d00000416,api:0,p:-1,c:28429) connect: controlledByApp=false
10-23 01:07:40.198 28429 28429 I BLASTBufferQueue: [ViewRootImpl[com.android.launcher/com.android.launcher.Launcher]#744] constructor()
10-23 01:07:40.198  1866  1866 I WallpaperManagerServiceExt: removeDisplayData. displayId = 0
10-23 01:07:40.199 27924 27924 D SysUiState: SysUiState changed: old=2 new=0
10-23 01:07:40.199 27924 27924 D OverviewProxyService: Notifying sysui state change to overview service: proxy=com.android.systemui.shared.recents.IOverviewProxy$Stub$Proxy@6e78cd1 flags=0
10-23 01:07:40.200 27924 27924 D NavigationBar: Navigation bar WINDOW_STATE_SHOWING
10-23 01:07:40.200  1866  1891 D WindowManager: update navigation bar window=Window{682fbad u0 com.android.launcher/com.android.launcher.Launcher},disableFlags=0,appearance=0,this=com.android.server.wm.OplusDisplayPolicy@f9c2811
10-23 01:07:40.200   977  3217 D SurfaceFlinger: VRR [SurfaceFlinger] setDesiredDisplayModeSpecs, from process 1866
10-23 01:07:40.200 28429 28486 I BufferQueueProducer: [ViewRootImpl[com.android.launcher/com.android.launcher.Launcher]#744(BLAST Consumer)744](id:6f0d00000416,api:1,p:28429,c:28429) connect: api=1 producerControlledByApp=true
10-23 01:07:40.200   977   977 D Layer   : reparent to null sequence=247279, seq[81], name=Surface(name=1dc202a StatusBar)/@0x63c152d - animation-leash of insets_animation#0
10-23 01:07:40.200   977   977 D Layer   : reparent to null sequence=247280, seq[76], name=Surface(name=47c4bc2 NavigationBar0)/@0x52ddd10 - animation-leash of insets_animation#0
10-23 01:07:40.201   977   977 D OplusLayer: setBuffer sequence=247299, name=(1-1)-Window{225ff8a alpha=1.0 fl=}#0
10-23 01:07:40.201   977   977 I OplusLayer: VRR [FRTC] update from -1 to 0
10-23 01:07:40.201 12038 12148 D SurfaceComposerClient: VRR [FRTC] client handle [bufferId:18446744073709551615 framenumber:0] [ffffffff, ffffffff]
10-23 01:07:40.202 27924 27924 D SysUiState: SysUiState changed: old=0 new=131072
10-23 01:07:40.202 27924 27924 D OverviewProxyService: Notifying sysui state change to overview service: proxy=com.android.systemui.shared.recents.IOverviewProxy$Stub$Proxy@6e78cd1 flags=131072
10-23 01:07:40.205 19216 19216 D OMG_Observer: mScreenWidthDisplay = 2400, mScreenHeightDisplay = 1080abnormal, mRotation = 1, mOrient = 2
10-23 01:07:40.206 27924 28029 D ScreenDecorations: updateOrientation mRotation:1 newRotation:1 mRtl:false newRtl:false newLayoutDirection:0 mLayoutDirection0 mPendingRotationChange:false
10-23 01:07:40.207   977   977 D SurfaceFlinger: VRR [SurfaceFlinger] setDesiredDisplayModeSpecsInternal: default mode ID: 1, allowGroupSwitching = 0, primary range: [0.00fps 120.00fps], app request range: [0.00fps 120.00fps]
10-23 01:07:40.207   977   977 D SurfaceFlinger: VRR [SurfaceFlinger] setDesiredDisplayModeSpecsInternal: 1 (120.00fps)
10-23 01:07:40.207   977   977 D SurfaceFlinger: VRR [SurfaceFlinger] setDesiredActiveMode: 120.00fps event: 1 
10-23 01:07:40.207  1866  1929 D VRR [OPlusRefreshRateService]: onConfigChanged physicalDisplayId: 0 modeId: 1
10-23 01:07:40.208  1866  2197 D OplusBrightUtils: ---> setBrightnessNoAnimation false
10-23 01:07:40.208  1866  2197 D LightsServiceExtImpl: baseSetLightLocked end.
10-23 01:07:40.209  1866  2197 D OplusFeatureDCBacklight: notifySfRepaintEverything begin mCurrentDCMode:-1
10-23 01:07:40.211   977   977 D OplusLayer: ~Layer() sequence=247280, name=Surface(name=47c4bc2 NavigationBar0)/@0x52ddd10 - animation-leash of insets_animation#0 0xb40000717a064000
10-23 01:07:40.211   977   977 D OplusLayer: ~Layer() sequence=247279, name=Surface(name=1dc202a StatusBar)/@0x63c152d - animation-leash of insets_animation#0 0xb40000717c40d000
10-23 01:07:40.213  1237  1327 I AALCust : Backlight Bits: 12bit
10-23 01:07:40.213  1237  1327 D AAL     : onBacklightChanged: 70/1023 -> 69/1023(phy:69/4095)
10-23 01:07:40.213  1237  1327 D AAL     : LABC: LABC after setTarget isSmoothBacklight=0 
10-23 01:07:40.214   977  1445 E HWComposer: getSupportedContentTypes: getSupportedContentTypes failed for display 0: Unsupported (8)
10-23 01:07:40.217 12038 12038 I A       : onStart
10-23 01:07:40.217  1866  1924 D OplusDisplayPowerControllerExtImpl: original brightness to dataBase:59 final brightness:26.0 scale:0.4456848 reason:4 darkLevel:2
10-23 01:07:40.217 28429 28429 I Quality : Skipped: false 2 cost 18.267357 refreshRate 0 processName com.android.launcher
10-23 01:07:40.218  1866  1924 V DisplayPowerController[0]: Brightness [26.0] reason changing to: 'automatic [ auto_adj ]', previous reason: 'automatic'.
10-23 01:07:40.218  1866  1924 D VRR [OPlusRefreshRateService]: notifyBrightnessChange brightness: 26.0
10-23 01:07:40.219   977   977 D OplusLayer: setBuffer sequence=247300, name=com.android.launcher/com.android.launcher.Launcher#0
10-23 01:07:40.219   977   977 I OplusLayer: VRR [FRTC] update from -1 to 0
10-23 01:07:40.220 28429 28640 D SurfaceComposerClient: VRR [FRTC] client handle [bufferId:18446744073709551615 framenumber:0] [ffffffff, ffffffff]
10-23 01:07:40.221  1237  1327 D AAL     : 10-23 01:07:40.213 BL=  69,ESS= 256, 
10-23 01:07:40.224   959  1509 D AudioFlingerExtImpl: noteAudioAcive is 0 
10-23 01:07:40.224   959  1509 D AudioFlinger_PlaybackThreadExtImpl: notifyAudioTrackRemove event:atlas_event_audio_track_distroy info:pid:9323,sessionId:46049,streamType:3,sampleRate:48000,flags:4,deviceTypes:2,hasFastMixer:1
10-23 01:07:40.224   959  1509 D AtlasEventUploadUtils: setEvent event:atlas_event_audio_track_distroy
10-23 01:07:40.224  3262 12729 D OplusAtlas.OplusAtlasEventDispatch: setEvent:atlas_event_audio_track_distroy info:pid:9323,sessionId:46049,streamType:3,sampleRate:48000,flags:4,deviceTypes:2,hasFastMixer:1
10-23 01:07:40.224   959  1509 D AudioFlingerExtImpl: removeAudioSessionUidMap, remove 46049, map size 0
10-23 01:07:40.224   959  1509 D AFExtImpl: ~TrackInfo() 0xb40000716ac2eb40
10-23 01:07:40.225   959  1509 V AudioPolicyIntefaceImpl: stopOutputSamplerate(), portId = 9813, samplerate = 48000
10-23 01:07:40.225   959  1509 V AudioPolicyIntefaceImpl: releaseOutput()
10-23 01:07:40.225   959  1225 V AudioPolicyIntefaceImpl: doStopOutputSamplerate, portId = 9813, samplerate = 48000
10-23 01:07:40.225   959  1225 D AudioPolicyManagerCustomImpl: hifiAudio_stopOutputSamplerate() -output = 9813 -samplerate = 48000 mPrimaryOutput = 13 HifiState = 1
10-23 01:07:40.225   959  1225 D APM_AudioPolicyManager: stopOutput portId 9813
10-23 01:07:40.225   959  1225 D APM_AudioPolicyManager: stopOutput() output 29, stream 3, session 46049
10-23 01:07:40.225   959  1225 D APM_AudioPolicyManager: setOutputDevice() output 29 device AUDIO_DEVICE_NONE force 0 delayMs 84
10-23 01:07:40.225   959  1225 W AudioPolicyManagerCustomImpl: [MTK_APM_Route]setOutputDevices() mIoHandle 29 mId 7 device (0x2)(0x1 , 0x2 , 0x4 , 0x8 , 0x10 , 0x20 , 0x40 , 0x4000 , 0x4000000) delayMs 84 force 0 size 5
10-23 01:07:40.226  3262  4304 D OplusAtlas.OplusMessageHandler: handleMessage: Msg { when=-1ms what=2 arg1=9323 arg2=3 obj=com.oplus.atlas.OplusAtlasEvent@be06d7c target=com.oplus.atlas.OplusMessageHandler$MyHandler }
10-23 01:07:40.226  3262  4352 D OplusAtlas.OplusMessageHandler: handleMessage: Msg { when=-1ms what=2 arg1=9323 arg2=3 target=com.oplus.atlas.OplusMessageHandler$MyHandler }
10-23 01:07:40.226  3262  4352 D OplusAtlasService: myHandleMessage: Msg { when=-1ms what=2 arg1=9323 arg2=3 target=com.oplus.atlas.OplusMessageHandler$MyHandler }
10-23 01:07:40.228   959  1225 D GameAudioEffects: hasAliveFastEffectTracks  return (0)
10-23 01:07:40.228   959  1225 D AudioPolicyManagerExtImpl: oplusSelectOutputForMusicEffects pendingOutput  => 13  flags => 0x00000002  outputTageName =>primary output outputs.size(4) older music effect ouput(21), hasAliveGameTracks(0)
10-23 01:07:40.228   959  1225 D AudioPolicyManagerExtImpl: oplusSelectOutputForMusicEffects pending music output is priamry, but no alive fast effect tracks, block effectchain fallback to primary, set deepbuffer as defaultEffectsOutput instead
10-23 01:07:40.229   959  1225 V AudioPolicyIntefaceImpl: doReleaseOutput from tid 1225
10-23 01:07:40.229   959  1225 D APM_AudioPolicyManager: [MTK_APM_Output]releaseOutput() 29 portId 9813
10-23 01:07:40.229   959 12288 D AudioFlingerExtImpl: getActiveDeepBufferAudioPids pids = 
10-23 01:07:40.230 12017 12017 I WeatherS_WeatherServiceVersionUtils: serviceVersionCode14006006
10-23 01:07:40.230 12017 12017 I WeatherS_WeatherServiceVersionUtils: serviceVersionCode14006006
10-23 01:07:40.230 12017 12017 I WeatherS_WeatherBaseDataTask: Service has not started, bind update Service.
10-23 01:07:40.230 12017 12017 I WeatherS_WeatherServiceManager: bindUpdateService false
10-23 01:07:40.231   977  1445 I BpBinder: onLastStrongRef automatically unlinking death recipients: <uncached descriptor>
10-23 01:07:40.232  4786  4786 V DeepThinker: BroadcastReceiverWrapper: onReceive, start dispatch android.media.ACTION_AUDIO_PLAYBACK_STATE_CHANGED
10-23 01:07:40.232 27924 27924 D OplusWallpaperServiceHelper: isNightMode is true
10-23 01:07:40.233  1866  3664 D CompactWindowManagerService: updateBackgroundSurface openingApp: ActivityRecord{817d28 u0 com.android.launcher/.Launcher t2680}
10-23 01:07:40.233  1866  3664 D OplusSplitScreenManagerService: isDragToSplitState mOplusSpiltScreenDnDUI is null, just return!
10-23 01:07:40.233  1866  3664 D OplusSplitScreenManagerService: isDragToSplitState mOplusSpiltScreenDnDUI is null, just return!
10-23 01:07:40.233  1866  3664 D OplusSplitScreenManagerService: isDragToSplitState mOplusSpiltScreenDnDUI is null, just return!
10-23 01:07:40.234   977  1029 D SurfaceFlinger: addClientLayer(139): seq(247303) name,Surface(name=Task=2680)/@0x7b79c8a - animation-leash of app_transition#0
10-23 01:07:40.234   959  1509 D AudioFlinger_Threads: 0xb400007160e5e240:threadLoop_write write muted data to hw, mixerStatus 0 start, mId 29, mBytesWritten 5916672
10-23 01:07:40.235 27924 27924 I OplusWallpaperServiceHelper: getDarkModeWallpaperWindowAlpha. nightMode = true
10-23 01:07:40.235 12038 12038 I A       : onResume
10-23 01:07:40.237   977  1029 D SurfaceFlinger: addClientLayer(140): seq(247304) name,Surface(name=Task=3185)/@0x42f01d8 - animation-leash of app_transition#0
10-23 01:07:40.239  9420  9627 D AudioManagerExtImpl: getStreamVolume packageName=com.facebook.katana, index=0, streamType=1
10-23 01:07:40.241  1866  3664 E WindowManager: makeSurface WallpaperWindowToken{7527e4d token=android.os.Binder@59929e4} windowType 2013
10-23 01:07:40.241   977  1445 D SurfaceFlinger: addClientLayer(141): seq(247305) name,Surface(name=WallpaperWindowToken{7527e4d token=android.os.Binder@59929e4})/@0xe1f3837 - animation-leash of window_animation#0
10-23 01:07:40.241  1866  2197 D OplusBrightUtils: ---> setBrightnessNoAnimation false
10-23 01:07:40.243  1866  2197 D LightsServiceExtImpl: baseSetLightLocked end.
10-23 01:07:40.243  1866  2197 D OplusFeatureDCBacklight: notifySfRepaintEverything begin mCurrentDCMode:-1
10-23 01:07:40.244  1866  1924 D OplusDisplayPowerControllerExtImpl: original brightness to dataBase:59 final brightness:26.0 scale:0.4456848 reason:4 darkLevel:2
10-23 01:07:40.245  1866  1924 V DisplayPowerController[0]: Brightness [26.0] reason changing to: 'automatic [ auto_adj ]', previous reason: 'automatic'.
10-23 01:07:40.245  1866  1924 D VRR [OPlusRefreshRateService]: notifyBrightnessChange brightness: 26.0
10-23 01:07:40.246  1237  1327 I AALCust : Backlight Bits: 12bit
10-23 01:07:40.246  1237  1327 D AAL     : onBacklightChanged: 69/1023 -> 68/1023(phy:68/4095)
10-23 01:07:40.246  1237  1327 D AAL     : LABC: LABC after setTarget isSmoothBacklight=0 
10-23 01:07:40.247  9420  9627 D AudioManagerExtImpl: getStreamVolume packageName=com.facebook.katana, index=0, streamType=1
10-23 01:07:40.252   977   977 D OplusLayer: ~Layer() sequence=247306, name=Screenshot Parent 0xb40000717c40d000
10-23 01:07:40.254  1237  1327 D AAL     : 10-23 01:07:40.246 BL=  68,ESS= 256, 
10-23 01:07:40.255  1866  3664 D CompactWindowManagerService: shouldExitFixedRotation r = ActivityRecord{817d28 u0 com.android.launcher/.Launcher t2680};getRequestedOrientation = 5; isVisible = true; Diff rotation = 0; rotation = 1; displaycontent.orientation = 2; mOpeningApps = {}; 
